Archive member included to satisfy reference by file (symbol)

c:/ac6/systemworkbench/plugins/fr.ac6.mcu.externaltools.arm-none.win32_1.7.0.201602121829/tools/compiler/bin/../lib/gcc/arm-none-eabi/5.2.1/../../../../arm-none-eabi/lib/armv7e-m/fpu\libm.a(lib_a-w_sqrt.o)
                              Src/AccelStepper.o (sqrt)
c:/ac6/systemworkbench/plugins/fr.ac6.mcu.externaltools.arm-none.win32_1.7.0.201602121829/tools/compiler/bin/../lib/gcc/arm-none-eabi/5.2.1/../../../../arm-none-eabi/lib/armv7e-m/fpu\libm.a(lib_a-e_sqrt.o)
                              c:/ac6/systemworkbench/plugins/fr.ac6.mcu.externaltools.arm-none.win32_1.7.0.201602121829/tools/compiler/bin/../lib/gcc/arm-none-eabi/5.2.1/../../../../arm-none-eabi/lib/armv7e-m/fpu\libm.a(lib_a-w_sqrt.o) (__ieee754_sqrt)
c:/ac6/systemworkbench/plugins/fr.ac6.mcu.externaltools.arm-none.win32_1.7.0.201602121829/tools/compiler/bin/../lib/gcc/arm-none-eabi/5.2.1/../../../../arm-none-eabi/lib/armv7e-m/fpu\libm.a(lib_a-s_fpclassify.o)
                              c:/ac6/systemworkbench/plugins/fr.ac6.mcu.externaltools.arm-none.win32_1.7.0.201602121829/tools/compiler/bin/../lib/gcc/arm-none-eabi/5.2.1/../../../../arm-none-eabi/lib/armv7e-m/fpu\libm.a(lib_a-w_sqrt.o) (__fpclassifyd)
c:/ac6/systemworkbench/plugins/fr.ac6.mcu.externaltools.arm-none.win32_1.7.0.201602121829/tools/compiler/bin/../lib/gcc/arm-none-eabi/5.2.1/../../../../arm-none-eabi/lib/armv7e-m/fpu\libm.a(lib_a-s_lib_ver.o)
                              c:/ac6/systemworkbench/plugins/fr.ac6.mcu.externaltools.arm-none.win32_1.7.0.201602121829/tools/compiler/bin/../lib/gcc/arm-none-eabi/5.2.1/../../../../arm-none-eabi/lib/armv7e-m/fpu\libm.a(lib_a-w_sqrt.o) (__fdlib_version)
c:/ac6/systemworkbench/plugins/fr.ac6.mcu.externaltools.arm-none.win32_1.7.0.201602121829/tools/compiler/bin/../lib/gcc/arm-none-eabi/5.2.1/../../../../arm-none-eabi/lib/armv7e-m/fpu\libm.a(lib_a-s_matherr.o)
                              c:/ac6/systemworkbench/plugins/fr.ac6.mcu.externaltools.arm-none.win32_1.7.0.201602121829/tools/compiler/bin/../lib/gcc/arm-none-eabi/5.2.1/../../../../arm-none-eabi/lib/armv7e-m/fpu\libm.a(lib_a-w_sqrt.o) (matherr)
c:/ac6/systemworkbench/plugins/fr.ac6.mcu.externaltools.arm-none.win32_1.7.0.201602121829/tools/compiler/bin/../lib/gcc/arm-none-eabi/5.2.1/armv7e-m/fpu\libgcc.a(_arm_addsubdf3.o)
                              Src/AccelStepper.o (__aeabi_dsub)
c:/ac6/systemworkbench/plugins/fr.ac6.mcu.externaltools.arm-none.win32_1.7.0.201602121829/tools/compiler/bin/../lib/gcc/arm-none-eabi/5.2.1/armv7e-m/fpu\libgcc.a(_arm_muldivdf3.o)
                              Src/AccelStepper.o (__aeabi_dmul)
c:/ac6/systemworkbench/plugins/fr.ac6.mcu.externaltools.arm-none.win32_1.7.0.201602121829/tools/compiler/bin/../lib/gcc/arm-none-eabi/5.2.1/armv7e-m/fpu\libgcc.a(_arm_cmpdf2.o)
                              c:/ac6/systemworkbench/plugins/fr.ac6.mcu.externaltools.arm-none.win32_1.7.0.201602121829/tools/compiler/bin/../lib/gcc/arm-none-eabi/5.2.1/../../../../arm-none-eabi/lib/armv7e-m/fpu\libm.a(lib_a-w_sqrt.o) (__aeabi_dcmplt)
c:/ac6/systemworkbench/plugins/fr.ac6.mcu.externaltools.arm-none.win32_1.7.0.201602121829/tools/compiler/bin/../lib/gcc/arm-none-eabi/5.2.1/armv7e-m/fpu\libgcc.a(_arm_fixdfsi.o)
                              Src/AccelStepper.o (__aeabi_d2iz)
c:/ac6/systemworkbench/plugins/fr.ac6.mcu.externaltools.arm-none.win32_1.7.0.201602121829/tools/compiler/bin/../lib/gcc/arm-none-eabi/5.2.1/armv7e-m/fpu\libgcc.a(_arm_fixunsdfsi.o)
                              Src/AccelStepper.o (__aeabi_d2uiz)
c:/ac6/systemworkbench/plugins/fr.ac6.mcu.externaltools.arm-none.win32_1.7.0.201602121829/tools/compiler/bin/../lib/gcc/arm-none-eabi/5.2.1/armv7e-m/fpu\libgcc.a(_arm_truncdfsf2.o)
                              Src/AccelStepper.o (__aeabi_d2f)
c:/ac6/systemworkbench/plugins/fr.ac6.mcu.externaltools.arm-none.win32_1.7.0.201602121829/tools/compiler/bin/../lib/gcc/arm-none-eabi/5.2.1/../../../../arm-none-eabi/lib/armv7e-m/fpu\libc_nano.a(lib_a-abort.o)
                              Src/frame.o (abort)
c:/ac6/systemworkbench/plugins/fr.ac6.mcu.externaltools.arm-none.win32_1.7.0.201602121829/tools/compiler/bin/../lib/gcc/arm-none-eabi/5.2.1/../../../../arm-none-eabi/lib/armv7e-m/fpu\libc_nano.a(lib_a-errno.o)
                              c:/ac6/systemworkbench/plugins/fr.ac6.mcu.externaltools.arm-none.win32_1.7.0.201602121829/tools/compiler/bin/../lib/gcc/arm-none-eabi/5.2.1/../../../../arm-none-eabi/lib/armv7e-m/fpu\libm.a(lib_a-w_sqrt.o) (__errno)
c:/ac6/systemworkbench/plugins/fr.ac6.mcu.externaltools.arm-none.win32_1.7.0.201602121829/tools/compiler/bin/../lib/gcc/arm-none-eabi/5.2.1/../../../../arm-none-eabi/lib/armv7e-m/fpu\libc_nano.a(lib_a-exit.o)
                              c:/ac6/systemworkbench/plugins/fr.ac6.mcu.externaltools.arm-none.win32_1.7.0.201602121829/tools/compiler/bin/../lib/gcc/arm-none-eabi/5.2.1/../../../../arm-none-eabi/lib/armv7e-m/fpu/crt0.o (exit)
[...]
Memory Configuration

Name             Origin             Length             Attributes
FLASH            0x08000000         0x00080000         xr
RAM              0x20000000         0x00020000         xrw
*default*        0x00000000         0xffffffff

Linker script and memory map

LOAD c:/ac6/systemworkbench/plugins/fr.ac6.mcu.externaltools.arm-none.win32_1.7.0.201602121829/tools/compiler/bin/../lib/gcc/arm-none-eabi/5.2.1/armv7e-m/fpu/crti.o
LOAD c:/ac6/systemworkbench/plugins/fr.ac6.mcu.externaltools.arm-none.win32_1.7.0.201602121829/tools/compiler/bin/../lib/gcc/arm-none-eabi/5.2.1/armv7e-m/fpu/crtbegin.o
LOAD c:/ac6/systemworkbench/plugins/fr.ac6.mcu.externaltools.arm-none.win32_1.7.0.201602121829/tools/compiler/bin/../lib/gcc/arm-none-eabi/5.2.1/../../../../arm-none-eabi/lib/armv7e-m/fpu/crt0.o
LOAD Drivers/CMSIS/Device/ST/STM32F4xx/Source/Templates/gcc/startup_stm32f411xe.o
LOAD Drivers/CMSIS/Device/ST/STM32F4xx/Source/Templates/system_stm32f4xx.o
LOAD Drivers/STM32F4xx_HAL_Driver/Src/stm32f4xx_hal.o
LOAD Drivers/STM32F4xx_HAL_Driver/Src/stm32f4xx_hal_cortex.o
LOAD Drivers/STM32F4xx_HAL_Driver/Src/stm32f4xx_hal_dma.o
LOAD Drivers/STM32F4xx_HAL_Driver/Src/stm32f4xx_hal_dma_ex.o
LOAD Drivers/STM32F4xx_HAL_Driver/Src/stm32f4xx_hal_flash.o
LOAD Drivers/STM32F4xx_HAL_Driver/Src/stm32f4xx_hal_flash_ex.o
LOAD Drivers/STM32F4xx_HAL_Driver/Src/stm32f4xx_hal_flash_ramfunc.o
LOAD Drivers/STM32F4xx_HAL_Driver/Src/stm32f4xx_hal_gpio.o
LOAD Drivers/STM32F4xx_HAL_Driver/Src/stm32f4xx_hal_pwr.o
LOAD Drivers/STM32F4xx_HAL_Driver/Src/stm32f4xx_hal_pwr_ex.o
LOAD Drivers/STM32F4xx_HAL_Driver/Src/stm32f4xx_hal_rcc.o
LOAD Drivers/STM32F4xx_HAL_Driver/Src/stm32f4xx_hal_rcc_ex.o
LOAD Drivers/STM32F4xx_HAL_Driver/Src/stm32f4xx_hal_tim.o
LOAD Drivers/STM32F4xx_HAL_Driver/Src/stm32f4xx_hal_tim_ex.o
LOAD Drivers/STM32F4xx_HAL_Driver/Src/stm32f4xx_hal_uart.o
LOAD Src/AccelStepper.o
LOAD Src/crc32.o
LOAD Src/frame.o
LOAD Src/inet.o
LOAD Src/main.o
LOAD Src/message.o
LOAD Src/stm32f4xx_hal_msp.o
LOAD Src/stm32f4xx_it.o
LOAD Src/syscalls.o
LOAD c:/ac6/systemworkbench/plugins/fr.ac6.mcu.externaltools.arm-none.win32_1.7.0.201602121829/tools/compiler/bin/../lib/gcc/arm-none-eabi/5.2.1/../../../../arm-none-eabi/lib/armv7e-m/fpu\libm.a
START GROUP
LOAD c:/ac6/systemworkbench/plugins/fr.ac6.mcu.externaltools.arm-none.win32_1.7.0.201602121829/tools/compiler/bin/../lib/gcc/arm-none-eabi/5.2.1/armv7e-m/fpu\libgcc.a
LOAD c:/ac6/systemworkbench/plugins/fr.ac6.mcu.externaltools.arm-none.win32_1.7.0.201602121829/tools/compiler/bin/../lib/gcc/arm-none-eabi/5.2.1/../../../../arm-none-eabi/lib/armv7e-m/fpu\libc_nano.a
END GROUP
START GROUP
LOAD c:/ac6/systemworkbench/plugins/fr.ac6.mcu.externaltools.arm-none.win32_1.7.0.201602121829/tools/compiler/bin/../lib/gcc/arm-none-eabi/5.2.1/armv7e-m/fpu\libgcc.a
LOAD c:/ac6/systemworkbench/plugins/fr.ac6.mcu.externaltools.arm-none.win32_1.7.0.201602121829/tools/compiler/bin/../lib/gcc/arm-none-eabi/5.2.1/../../../../arm-none-eabi/lib/armv7e-m/fpu\libc_nano.a
LOAD c:/ac6/systemworkbench/plugins/fr.ac6.mcu.externaltools.arm-none.win32_1.7.0.201602121829/tools/compiler/bin/../lib/gcc/arm-none-eabi/5.2.1/../../../../arm-none-eabi/lib/armv7e-m/fpu\libnosys.a
END GROUP
START GROUP
LOAD c:/ac6/systemworkbench/plugins/fr.ac6.mcu.externaltools.arm-none.win32_1.7.0.201602121829/tools/compiler/bin/../lib/gcc/arm-none-eabi/5.2.1/armv7e-m/fpu\libgcc.a
LOAD c:/ac6/systemworkbench/plugins/fr.ac6.mcu.externaltools.arm-none.win32_1.7.0.201602121829/tools/compiler/bin/../lib/gcc/arm-none-eabi/5.2.1/../../../../arm-none-eabi/lib/armv7e-m/fpu\libc_nano.a
LOAD c:/ac6/systemworkbench/plugins/fr.ac6.mcu.externaltools.arm-none.win32_1.7.0.201602121829/tools/compiler/bin/../lib/gcc/arm-none-eabi/5.2.1/../../../../arm-none-eabi/lib/armv7e-m/fpu\libnosys.a
END GROUP
LOAD c:/ac6/systemworkbench/plugins/fr.ac6.mcu.externaltools.arm-none.win32_1.7.0.201602121829/tools/compiler/bin/../lib/gcc/arm-none-eabi/5.2.1/armv7e-m/fpu/crtend.o
LOAD c:/ac6/systemworkbench/plugins/fr.ac6.mcu.externaltools.arm-none.win32_1.7.0.201602121829/tools/compiler/bin/../lib/gcc/arm-none-eabi/5.2.1/armv7e-m/fpu/crtn.o
                0x20020000                _estack = 0x20020000
                0x00000200                _Min_Heap_Size = 0x200
                0x00000400                _Min_Stack_Size = 0x400

.isr_vector     0x08000000      0x198
                0x08000000                . = ALIGN (0x4)
 *(.isr_vector)
 .isr_vector    0x08000000      0x198 Drivers/CMSIS/Device/ST/STM32F4xx/Source/Templates/gcc/startup_stm32f411xe.o
                0x08000000                g_pfnVectors
                0x08000198                . = ALIGN (0x4)

.text           0x080001a0     0x4054
                0x080001a0                . = ALIGN (0x4)
 *(.text)
 .text          0x080001a0       0xa4 c:/ac6/systemworkbench/plugins/fr.ac6.mcu.externaltools.arm-none.win32_1.7.0.201602121829/tools/compiler/bin/../lib/gcc/arm-none-eabi/5.2.1/armv7e-m/fpu/crtbegin.o
 .text          0x08000244      0x370 c:/ac6/systemworkbench/plugins/fr.ac6.mcu.externaltools.arm-none.win32_1.7.0.201602121829/tools/compiler/bin/../lib/gcc/arm-none-eabi/5.2.1/armv7e-m/fpu\libgcc.a(_arm_addsubdf3.o)
                0x08000244                __aeabi_drsub
                0x0800024c                __aeabi_dsub
                0x0800024c                __subdf3
                0x08000250                __aeabi_dadd
                0x08000250                __adddf3
                0x080004c8                __floatunsidf
                0x080004c8                __aeabi_ui2d
                0x080004e8                __floatsidf
                0x080004e8                __aeabi_i2d
                0x0800050c                __aeabi_f2d
                0x0800050c                __extendsfdf2
                0x08000548                __floatundidf
                0x08000548                __aeabi_ul2d
                0x08000558                __floatdidf
                0x08000558                __aeabi_l2d
 .text          0x080005b4      0x424 c:/ac6/systemworkbench/plugins/fr.ac6.mcu.externaltools.arm-none.win32_1.7.0.201602121829/tools/compiler/bin/../lib/gcc/arm-none-eabi/5.2.1/armv7e-m/fpu\libgcc.a(_arm_muldivdf3.o)
                0x080005b4                __aeabi_dmul
                0x080005b4                __muldf3
                0x08000808                __divdf3
                0x08000808                __aeabi_ddiv
 .text          0x080009d8      0x110 c:/ac6/systemworkbench/plugins/fr.ac6.mcu.externaltools.arm-none.win32_1.7.0.201602121829/tools/compiler/bin/../lib/gcc/arm-none-eabi/5.2.1/armv7e-m/fpu\libgcc.a(_arm_cmpdf2.o)
                0x080009d8                __gtdf2
                0x080009d8                __gedf2
                0x080009e0                __ltdf2
                0x080009e0                __ledf2
                0x080009e8                __nedf2
                0x080009e8                __eqdf2
                0x080009e8                __cmpdf2
                0x08000a64                __aeabi_cdrcmple
                0x08000a74                __aeabi_cdcmpeq
                0x08000a74                __aeabi_cdcmple
                0x08000a84                __aeabi_dcmpeq
                0x08000a98                __aeabi_dcmplt
                0x08000aac                __aeabi_dcmple
                0x08000ac0                __aeabi_dcmpge
                0x08000ad4                __aeabi_dcmpgt
 .text          0x08000ae8       0x50 c:/ac6/systemworkbench/plugins/fr.ac6.mcu.externaltools.arm-none.win32_1.7.0.201602121829/tools/compiler/bin/../lib/gcc/arm-none-eabi/5.2.1/armv7e-m/fpu\libgcc.a(_arm_fixdfsi.o)
                0x08000ae8                __aeabi_d2iz
                0x08000ae8                __fixdfsi
 .text          0x08000b38       0x40 c:/ac6/systemworkbench/plugins/fr.ac6.mcu.externaltools.arm-none.win32_1.7.0.201602121829/tools/compiler/bin/../lib/gcc/arm-none-eabi/5.2.1/armv7e-m/fpu\libgcc.a(_arm_fixunsdfsi.o)
                0x08000b38                __aeabi_d2uiz
                0x08000b38                __fixunsdfsi
 .text          0x08000b78       0xa0 c:/ac6/systemworkbench/plugins/fr.ac6.mcu.externaltools.arm-none.win32_1.7.0.201602121829/tools/compiler/bin/../lib/gcc/arm-none-eabi/5.2.1/armv7e-m/fpu\libgcc.a(_arm_truncdfsf2.o)
                0x08000b78                __truncdfsf2
                0x08000b78                __aeabi_d2f
 *fill*         0x08000c18        0x8 
 .text          0x08000c20       0xa0 c:/ac6/systemworkbench/plugins/fr.ac6.mcu.externaltools.arm-none.win32_1.7.0.201602121829/tools/compiler/bin/../lib/gcc/arm-none-eabi/5.2.1/../../../../arm-none-eabi/lib/armv7e-m/fpu\libc_nano.a(lib_a-memchr.o)
                0x08000c20                memchr
 *(.text*)
 .text.Reset_Handler
                0x08000cc0       0x50 Drivers/CMSIS/Device/ST/STM32F4xx/Source/Templates/gcc/startup_stm32f411xe.o
                0x08000cc0                Reset_Handler
 .text.Default_Handler
                0x08000d10        0x2 Drivers/CMSIS/Device/ST/STM32F4xx/Source/Templates/gcc/startup_stm32f411xe.o
                0x08000d10                RTC_Alarm_IRQHandler
                0x08000d10                EXTI2_IRQHandler
                0x08000d10                DebugMon_Handler
                0x08000d10                SPI4_IRQHandler
                0x08000d10                TIM1_CC_IRQHandler
                0x08000d10                DMA2_Stream5_IRQHandler
                0x08000d10                HardFault_Handler
                0x08000d10                DMA1_Stream5_IRQHandler
                0x08000d10                PVD_IRQHandler
                0x08000d10                SDIO_IRQHandler
                0x08000d10                TAMP_STAMP_IRQHandler
                0x08000d10                PendSV_Handler
                0x08000d10                NMI_Handler
                0x08000d10                EXTI3_IRQHandler
                0x08000d10                TIM1_UP_TIM10_IRQHandler
                0x08000d10                I2C3_ER_IRQHandler
                0x08000d10                EXTI0_IRQHandler
                0x08000d10                I2C2_EV_IRQHandler
                0x08000d10                DMA1_Stream2_IRQHandler
                0x08000d10                FPU_IRQHandler
                0x08000d10                UsageFault_Handler
                0x08000d10                DMA2_Stream2_IRQHandler
                0x08000d10                SPI1_IRQHandler
                0x08000d10                TIM1_BRK_TIM9_IRQHandler
                0x08000d10                DMA2_Stream3_IRQHandler
                0x08000d10                USART6_IRQHandler
                0x08000d10                DMA2_Stream0_IRQHandler
                0x08000d10                TIM4_IRQHandler
                0x08000d10                I2C1_EV_IRQHandler
                0x08000d10                DMA1_Stream6_IRQHandler
                0x08000d10                DMA1_Stream1_IRQHandler
                0x08000d10                TIM3_IRQHandler
                0x08000d10                RCC_IRQHandler
                0x08000d10                Default_Handler
                0x08000d10                EXTI15_10_IRQHandler
                0x08000d10                ADC_IRQHandler
                0x08000d10                DMA1_Stream7_IRQHandler
                0x08000d10                SPI5_IRQHandler
                0x08000d10                TIM5_IRQHandler
                0x08000d10                DMA2_Stream7_IRQHandler
                0x08000d10                I2C3_EV_IRQHandler
                0x08000d10                EXTI9_5_IRQHandler
                0x08000d10                RTC_WKUP_IRQHandler
                0x08000d10                SPI2_IRQHandler
                0x08000d10                MemManage_Handler
                0x08000d10                DMA1_Stream0_IRQHandler
                0x08000d10                SVC_Handler
                0x08000d10                EXTI4_IRQHandler
                0x08000d10                WWDG_IRQHandler
                0x08000d10                TIM2_IRQHandler
                0x08000d10                OTG_FS_WKUP_IRQHandler
                0x08000d10                TIM1_TRG_COM_TIM11_IRQHandler
                0x08000d10                EXTI1_IRQHandler
                0x08000d10                USART2_IRQHandler
                0x08000d10                I2C2_ER_IRQHandler
                0x08000d10                DMA2_Stream1_IRQHandler
                0x08000d10                FLASH_IRQHandler
                0x08000d10                DMA2_Stream4_IRQHandler
                0x08000d10                BusFault_Handler
                0x08000d10                OTG_FS_IRQHandler
                0x08000d10                SPI3_IRQHandler
                0x08000d10                DMA1_Stream4_IRQHandler
                0x08000d10                I2C1_ER_IRQHandler
                0x08000d10                DMA2_Stream6_IRQHandler
                0x08000d10                DMA1_Stream3_IRQHandler
 *fill*         0x08000d12        0x2 
 .text.SystemInit
                0x08000d14       0x4c Drivers/CMSIS/Device/ST/STM32F4xx/Source/Templates/system_stm32f4xx.o
                0x08000d14                SystemInit
 .text.HAL_InitTick
                0x08000d60       0x28 Drivers/STM32F4xx_HAL_Driver/Src/stm32f4xx_hal.o
                0x08000d60                HAL_InitTick
 .text.HAL_Init
                0x08000d88       0x34 Drivers/STM32F4xx_HAL_Driver/Src/stm32f4xx_hal.o
                0x08000d88                HAL_Init
 .text.HAL_IncTick
                0x08000dbc       0x10 Drivers/STM32F4xx_HAL_Driver/Src/stm32f4xx_hal.o
                0x08000dbc                HAL_IncTick
 .text.HAL_GetTick
                0x08000dcc        0xc Drivers/STM32F4xx_HAL_Driver/Src/stm32f4xx_hal.o
                0x08000dcc                HAL_GetTick
 .text.HAL_Delay
                0x08000dd8       0x1a Drivers/STM32F4xx_HAL_Driver/Src/stm32f4xx_hal.o
                0x08000dd8                HAL_Delay
 *fill*         0x08000df2        0x2 
 .text.HAL_NVIC_SetPriorityGrouping
                0x08000df4       0x24 Drivers/STM32F4xx_HAL_Driver/Src/stm32f4xx_hal_cortex.o
                0x08000df4                HAL_NVIC_SetPriorityGrouping
 .text.HAL_NVIC_SetPriority
                0x08000e18       0x68 Drivers/STM32F4xx_HAL_Driver/Src/stm32f4xx_hal_cortex.o
                0x08000e18                HAL_NVIC_SetPriority
 .text.HAL_NVIC_EnableIRQ
                0x08000e80       0x18 Drivers/STM32F4xx_HAL_Driver/Src/stm32f4xx_hal_cortex.o
                0x08000e80                HAL_NVIC_EnableIRQ
 .text.HAL_NVIC_DisableIRQ
                0x08000e98       0x1c Drivers/STM32F4xx_HAL_Driver/Src/stm32f4xx_hal_cortex.o
                0x08000e98                HAL_NVIC_DisableIRQ
 .text.HAL_SYSTICK_Config
                0x08000eb4       0x2c Drivers/STM32F4xx_HAL_Driver/Src/stm32f4xx_hal_cortex.o
                0x08000eb4                HAL_SYSTICK_Config
 .text.HAL_SYSTICK_CLKSourceConfig
                0x08000ee0       0x18 Drivers/STM32F4xx_HAL_Driver/Src/stm32f4xx_hal_cortex.o
                0x08000ee0                HAL_SYSTICK_CLKSourceConfig
 .text.HAL_SYSTICK_Callback
                0x08000ef8        0x2 Drivers/STM32F4xx_HAL_Driver/Src/stm32f4xx_hal_cortex.o
                0x08000ef8                HAL_SYSTICK_Callback
 .text.HAL_SYSTICK_IRQHandler
                0x08000efa        0x8 Drivers/STM32F4xx_HAL_Driver/Src/stm32f4xx_hal_cortex.o
                0x08000efa                HAL_SYSTICK_IRQHandler
 .text.HAL_DMA_Abort_IT
                0x08000f02       0x24 Drivers/STM32F4xx_HAL_Driver/Src/stm32f4xx_hal_dma.o
                0x08000f02                HAL_DMA_Abort_IT
 *fill*         0x08000f26        0x2 
 .text.HAL_GPIO_Init
                0x08000f28      0x19c Drivers/STM32F4xx_HAL_Driver/Src/stm32f4xx_hal_gpio.o
                0x08000f28                HAL_GPIO_Init
 .text.HAL_GPIO_WritePin
                0x080010c4        0x8 Drivers/STM32F4xx_HAL_Driver/Src/stm32f4xx_hal_gpio.o
                0x080010c4                HAL_GPIO_WritePin
 .text.HAL_RCC_OscConfig
                0x080010cc      0x2d0 Drivers/STM32F4xx_HAL_Driver/Src/stm32f4xx_hal_rcc.o
                0x080010cc                HAL_RCC_OscConfig
 .text.HAL_RCC_GetSysClockFreq
                0x0800139c       0x7c Drivers/STM32F4xx_HAL_Driver/Src/stm32f4xx_hal_rcc.o
                0x0800139c                HAL_RCC_GetSysClockFreq
 .text.HAL_RCC_ClockConfig
                0x08001418      0x168 Drivers/STM32F4xx_HAL_Driver/Src/stm32f4xx_hal_rcc.o
                0x08001418                HAL_RCC_ClockConfig
 .text.HAL_RCC_GetHCLKFreq
                0x08001580        0xc Drivers/STM32F4xx_HAL_Driver/Src/stm32f4xx_hal_rcc.o
                0x08001580                HAL_RCC_GetHCLKFreq
 .text.HAL_RCC_GetPCLK1Freq
                0x0800158c       0x30 Drivers/STM32F4xx_HAL_Driver/Src/stm32f4xx_hal_rcc.o
                0x0800158c                HAL_RCC_GetPCLK1Freq
 .text.HAL_RCC_GetPCLK2Freq
                0x080015bc       0x30 Drivers/STM32F4xx_HAL_Driver/Src/stm32f4xx_hal_rcc.o
                0x080015bc                HAL_RCC_GetPCLK2Freq
 .text.UART_EndRxTransfer
                0x080015ec       0x1a Drivers/STM32F4xx_HAL_Driver/Src/stm32f4xx_hal_uart.o
 *fill*         0x08001606        0x2 
 .text.UART_SetConfig
                0x08001608      0x23c Drivers/STM32F4xx_HAL_Driver/Src/stm32f4xx_hal_uart.o
 .text.UART_WaitOnFlagUntilTimeout.constprop.3
                0x08001844       0x50 Drivers/STM32F4xx_HAL_Driver/Src/stm32f4xx_hal_uart.o
 .text.HAL_UART_Init
                0x08001894       0x5c Drivers/STM32F4xx_HAL_Driver/Src/stm32f4xx_hal_uart.o
                0x08001894                HAL_UART_Init
 .text.HAL_UART_Transmit
                0x080018f0       0xb6 Drivers/STM32F4xx_HAL_Driver/Src/stm32f4xx_hal_uart.o
                0x080018f0                HAL_UART_Transmit
 .text.HAL_UART_Receive_IT
                0x080019a6       0x4e Drivers/STM32F4xx_HAL_Driver/Src/stm32f4xx_hal_uart.o
                0x080019a6                HAL_UART_Receive_IT
 .text.HAL_UART_TxCpltCallback
                0x080019f4        0x2 Drivers/STM32F4xx_HAL_Driver/Src/stm32f4xx_hal_uart.o
                0x080019f4                HAL_UART_TxCpltCallback
 .text.UART_Receive_IT
                0x080019f6       0x78 Drivers/STM32F4xx_HAL_Driver/Src/stm32f4xx_hal_uart.o
 .text.HAL_UART_ErrorCallback
                0x08001a6e        0x2 Drivers/STM32F4xx_HAL_Driver/Src/stm32f4xx_hal_uart.o
                0x08001a6e                HAL_UART_ErrorCallback
 .text.HAL_UART_IRQHandler
                0x08001a70      0x144 Drivers/STM32F4xx_HAL_Driver/Src/stm32f4xx_hal_uart.o
                0x08001a70                HAL_UART_IRQHandler
 .text.UART_DMAAbortOnError
                0x08001bb4       0x10 Drivers/STM32F4xx_HAL_Driver/Src/stm32f4xx_hal_uart.o
 .text.computeNewSpeed
                0x08001bc4      0x1b8 Src/AccelStepper.o
                0x08001bc4                computeNewSpeed
 .text.moveTo   0x08001d7c        0xe Src/AccelStepper.o
                0x08001d7c                moveTo
 *fill*         0x08001d8a        0x6 
 .text.setAcceleration.part.0
                0x08001d90       0x98 Src/AccelStepper.o
 .text.setMaxSpeed
                0x08001e28       0x6c Src/AccelStepper.o
                0x08001e28                setMaxSpeed
 .text.setAcceleration
                0x08001e94       0x10 Src/AccelStepper.o
                0x08001e94                setAcceleration
 *fill*         0x08001ea4        0x4 
 .text.setSpeed
                0x08001ea8       0x90 Src/AccelStepper.o
                0x08001ea8                setSpeed
 .text.setOutputPins
                0x08001f38       0x6a Src/AccelStepper.o
                0x08001f38                setOutputPins
 .text.step0    0x08001fa2       0x14 Src/AccelStepper.o
                0x08001fa2                step0
 *fill*         0x08001fb6        0x2 
 .text.step1    0x08001fb8       0x48 Src/AccelStepper.o
                0x08001fb8                step1
 .text.step2    0x08002000       0x20 Src/AccelStepper.o
                0x08002000                step2
 .text.step3    0x08002020       0x26 Src/AccelStepper.o
                0x08002020                step3
 .text.step4    0x08002046       0x20 Src/AccelStepper.o
                0x08002046                step4
 .text.step6    0x08002066       0x34 Src/AccelStepper.o
                0x08002066                step6
 .text.step8    0x0800209a       0x38 Src/AccelStepper.o
                0x0800209a                step8
 .text.step     0x080020d2       0x32 Src/AccelStepper.o
                0x080020d2                step
 .text.runSpeed
                0x08002104       0x4c Src/AccelStepper.o
                0x08002104                runSpeed
 .text.run      0x08002150       0x2e Src/AccelStepper.o
                0x08002150                run
 .text.enableOutputs
                0x0800217e       0xb8 Src/AccelStepper.o
                0x0800217e                enableOutputs
 .text.InitStepper
                0x08002236       0x86 Src/AccelStepper.o
                0x08002236                InitStepper
 .text.crc32    0x080022bc       0x28 Src/crc32.o
                0x080022bc                crc32
 .text.frame_parser
                0x080022e4       0x7e Src/frame.o
                0x080022e4                frame_parser
 .text.frame_message
                0x08002362       0x80 Src/frame.o
                0x08002362                frame_message
 .text.htons    0x080023e2        0x6 Src/inet.o
                0x080023e2                htons
 .text.htonl    0x080023e8       0x18 Src/inet.o
                0x080023e8                htonl
 .text.ntohs    0x08002400        0x6 Src/inet.o
                0x08002400                ntohs
 .text.ntohl    0x08002406        0x4 Src/inet.o
                0x08002406                ntohl
 *fill*         0x0800240a        0x2 
 .text.HAL_UART_RxCpltCallback
                0x0800240c       0xb0 Src/main.o
                0x0800240c                HAL_UART_RxCpltCallback
 .text.__io_putchar
                0x080024bc       0x20 Src/main.o
                0x080024bc                __io_putchar
 .text.SystemClock_Config
                0x080024dc       0xa8 Src/main.o
                0x080024dc                SystemClock_Config
 .text.MX_USART1_UART_Init
                0x08002584       0x30 Src/main.o
                0x08002584                MX_USART1_UART_Init
 .text.MX_USART2_UART_Init
                0x080025b4       0x30 Src/main.o
                0x080025b4                MX_USART2_UART_Init
 .text.MX_GPIO_Init
                0x080025e4       0x60 Src/main.o
                0x080025e4                MX_GPIO_Init
 .text.Init_motors
                0x08002644      0x128 Src/main.o
                0x08002644                Init_motors
 .text.startup.main
                0x0800276c      0x208 Src/main.o
                0x0800276c                main
 .text.message_init
                0x08002974        0xe Src/message.o
                0x08002974                message_init
 .text.message_free
                0x08002982       0x26 Src/message.o
                0x08002982                message_free
 .text.message_tlv_add
                0x080029a8       0x44 Src/message.o
                0x080029a8                message_tlv_add
 .text.message_tlv_add_command
                0x080029ec       0x16 Src/message.o
                0x080029ec                message_tlv_add_command
 .text.message_tlv_add_reply
                0x08002a02       0x16 Src/message.o
                0x08002a02                message_tlv_add_reply
 .text.message_tlv_add_motor_position
                0x08002a18       0x30 Src/message.o
                0x08002a18                message_tlv_add_motor_position
 .text.message_tlv_get
                0x08002a48       0x2e Src/message.o
                0x08002a48                message_tlv_get
 .text.message_tlv_get_command
                0x08002a76       0x1c Src/message.o
                0x08002a76                message_tlv_get_command
 .text.message_tlv_get_motor_position
                0x08002a92       0x2e Src/message.o
                0x08002a92                message_tlv_get_motor_position
 .text.message_serialized_size
                0x08002ac0       0x1e Src/message.o
                0x08002ac0                message_serialized_size
 .text.message_serialize
                0x08002ade       0x64 Src/message.o
                0x08002ade                message_serialize
 *fill*         0x08002b42        0x2 
 .text.message_print
                0x08002b44       0x98 Src/message.o
                0x08002b44                message_print
 .text.message_checksum
                0x08002bdc       0x2e Src/message.o
                0x08002bdc                message_checksum
 .text.message_parse
                0x08002c0a       0xac Src/message.o
                0x08002c0a                message_parse
 .text.message_tlv_add_checksum
                0x08002cb6       0x1c Src/message.o
                0x08002cb6                message_tlv_add_checksum
 .text.HAL_MspInit
                0x08002cd2       0x60 Src/stm32f4xx_hal_msp.o
                0x08002cd2                HAL_MspInit
 *fill*         0x08002d32        0x2 
 .text.HAL_UART_MspInit
                0x08002d34       0xb4 Src/stm32f4xx_hal_msp.o
                0x08002d34                HAL_UART_MspInit
 .text.SysTick_Handler
                0x08002de8        0xe Src/stm32f4xx_it.o
                0x08002de8                SysTick_Handler
 *fill*         0x08002df6        0x2 
 .text.USART1_IRQHandler
                0x08002df8        0xc Src/stm32f4xx_it.o
                0x08002df8                USART1_IRQHandler
 .text._getpid  0x08002e04        0x4 Src/syscalls.o
                0x08002e04                _getpid
 .text._kill    0x08002e08       0x10 Src/syscalls.o
                0x08002e08                _kill
 .text._exit    0x08002e18        0xc Src/syscalls.o
                0x08002e18                _exit
 .text._write   0x08002e24       0x1c Src/syscalls.o
                0x08002e24                _write
 .text._sbrk    0x08002e40       0x34 Src/syscalls.o
                0x08002e40                _sbrk
 .text._close   0x08002e74        0x6 Src/syscalls.o
                0x08002e74                _close
 .text._fstat   0x08002e7a        0xa Src/syscalls.o
                0x08002e7a                _fstat
 .text._isatty  0x08002e84        0x4 Src/syscalls.o
                0x08002e84                _isatty
 .text._lseek   0x08002e88        0x4 Src/syscalls.o
                0x08002e88                _lseek
 .text._read    0x08002e8c        0x4 Src/syscalls.o
                0x08002e8c                _read
 .text.sqrt     0x08002e90       0xbc c:/ac6/systemworkbench/plugins/fr.ac6.mcu.externaltools.arm-none.win32_1.7.0.201602121829/tools/compiler/bin/../lib/gcc/arm-none-eabi/5.2.1/../../../../arm-none-eabi/lib/armv7e-m/fpu\libm.a(lib_a-w_sqrt.o)
                0x08002e90                sqrt
 .text.__ieee754_sqrt
                0x08002f4c      0x1a0 c:/ac6/systemworkbench/plugins/fr.ac6.mcu.externaltools.arm-none.win32_1.7.0.201602121829/tools/compiler/bin/../lib/gcc/arm-none-eabi/5.2.1/../../../../arm-none-eabi/lib/armv7e-m/fpu\libm.a(lib_a-e_sqrt.o)
                0x08002f4c                __ieee754_sqrt
 .text.__fpclassifyd
                0x080030ec       0x5c c:/ac6/systemworkbench/plugins/fr.ac6.mcu.externaltools.arm-none.win32_1.7.0.201602121829/tools/compiler/bin/../lib/gcc/arm-none-eabi/5.2.1/../../../../arm-none-eabi/lib/armv7e-m/fpu\libm.a(lib_a-s_fpclassify.o)
                0x080030ec                __fpclassifyd
 .text.matherr  0x08003148        0x4 c:/ac6/systemworkbench/plugins/fr.ac6.mcu.externaltools.arm-none.win32_1.7.0.201602121829/tools/compiler/bin/../lib/gcc/arm-none-eabi/5.2.1/../../../../arm-none-eabi/lib/armv7e-m/fpu\libm.a(lib_a-s_matherr.o)
                0x08003148                matherr
 .text.abort    0x0800314c        0xe c:/ac6/systemworkbench/plugins/fr.ac6.mcu.externaltools.arm-none.win32_1.7.0.201602121829/tools/compiler/bin/../lib/gcc/arm-none-eabi/5.2.1/../../../../arm-none-eabi/lib/armv7e-m/fpu\libc_nano.a(lib_a-abort.o)
                0x0800314c                abort
 *fill*         0x0800315a        0x2 
 .text.__errno  0x0800315c        0xc c:/ac6/systemworkbench/plugins/fr.ac6.mcu.externaltools.arm-none.win32_1.7.0.201602121829/tools/compiler/bin/../lib/gcc/arm-none-eabi/5.2.1/../../../../arm-none-eabi/lib/armv7e-m/fpu\libc_nano.a(lib_a-errno.o)
                0x0800315c                __errno
 .text.__libc_init_array
                0x08003168       0x4c c:/ac6/systemworkbench/plugins/fr.ac6.mcu.externaltools.arm-none.win32_1.7.0.201602121829/tools/compiler/bin/../lib/gcc/arm-none-eabi/5.2.1/../../../../arm-none-eabi/lib/armv7e-m/fpu\libc_nano.a(lib_a-init.o)
                0x08003168                __libc_init_array
 .text.malloc   0x080031b4       0x10 c:/ac6/systemworkbench/plugins/fr.ac6.mcu.externaltools.arm-none.win32_1.7.0.201602121829/tools/compiler/bin/../lib/gcc/arm-none-eabi/5.2.1/../../../../arm-none-eabi/lib/armv7e-m/fpu\libc_nano.a(lib_a-malloc.o)
                0x080031b4                malloc
 .text.free     0x080031c4       0x10 c:/ac6/systemworkbench/plugins/fr.ac6.mcu.externaltools.arm-none.win32_1.7.0.201602121829/tools/compiler/bin/../lib/gcc/arm-none-eabi/5.2.1/../../../../arm-none-eabi/lib/armv7e-m/fpu\libc_nano.a(lib_a-malloc.o)
                0x080031c4                free
 .text.memcpy   0x080031d4       0x16 c:/ac6/systemworkbench/plugins/fr.ac6.mcu.externaltools.arm-none.win32_1.7.0.201602121829/tools/compiler/bin/../lib/gcc/arm-none-eabi/5.2.1/../../../../arm-none-eabi/lib/armv7e-m/fpu\libc_nano.a(lib_a-memcpy-stub.o)
                0x080031d4                memcpy
 .text.memset   0x080031ea       0x10 c:/ac6/systemworkbench/plugins/fr.ac6.mcu.externaltools.arm-none.win32_1.7.0.201602121829/tools/compiler/bin/../lib/gcc/arm-none-eabi/5.2.1/../../../../arm-none-eabi/lib/armv7e-m/fpu\libc_nano.a(lib_a-memset.o)
                0x080031ea                memset
 *fill*         0x080031fa        0x2 
 .text._free_r  0x080031fc       0x8c c:/ac6/systemworkbench/plugins/fr.ac6.mcu.externaltools.arm-none.win32_1.7.0.201602121829/tools/compiler/bin/../lib/gcc/arm-none-eabi/5.2.1/../../../../arm-none-eabi/lib/armv7e-m/fpu\libc_nano.a(lib_a-nano-freer.o)
                0x080031fc                _free_r
 .text._malloc_r
                0x08003288       0xa8 c:/ac6/systemworkbench/plugins/fr.ac6.mcu.externaltools.arm-none.win32_1.7.0.201602121829/tools/compiler/bin/../lib/gcc/arm-none-eabi/5.2.1/../../../../arm-none-eabi/lib/armv7e-m/fpu\libc_nano.a(lib_a-nano-mallocr.o)
                0x08003288                _malloc_r
 .text.printf   0x08003330       0x30 c:/ac6/systemworkbench/plugins/fr.ac6.mcu.externaltools.arm-none.win32_1.7.0.201602121829/tools/compiler/bin/../lib/gcc/arm-none-eabi/5.2.1/../../../../arm-none-eabi/lib/armv7e-m/fpu\libc_nano.a(lib_a-printf.o)
                0x08003330                iprintf
                0x08003330                printf
 .text.putchar  0x08003360       0x28 c:/ac6/systemworkbench/plugins/fr.ac6.mcu.externaltools.arm-none.win32_1.7.0.201602121829/tools/compiler/bin/../lib/gcc/arm-none-eabi/5.2.1/../../../../arm-none-eabi/lib/armv7e-m/fpu\libc_nano.a(lib_a-putchar.o)
                0x08003360                putchar
 .text._puts_r  0x08003388       0xf0 c:/ac6/systemworkbench/plugins/fr.ac6.mcu.externaltools.arm-none.win32_1.7.0.201602121829/tools/compiler/bin/../lib/gcc/arm-none-eabi/5.2.1/../../../../arm-none-eabi/lib/armv7e-m/fpu\libc_nano.a(lib_a-puts.o)
                0x08003388                _puts_r
 .text.puts     0x08003478       0x10 c:/ac6/systemworkbench/plugins/fr.ac6.mcu.externaltools.arm-none.win32_1.7.0.201602121829/tools/compiler/bin/../lib/gcc/arm-none-eabi/5.2.1/../../../../arm-none-eabi/lib/armv7e-m/fpu\libc_nano.a(lib_a-puts.o)
                0x08003478                puts
 .text._sbrk_r  0x08003488       0x20 c:/ac6/systemworkbench/plugins/fr.ac6.mcu.externaltools.arm-none.win32_1.7.0.201602121829/tools/compiler/bin/../lib/gcc/arm-none-eabi/5.2.1/../../../../arm-none-eabi/lib/armv7e-m/fpu\libc_nano.a(lib_a-sbrkr.o)
                0x08003488                _sbrk_r
 .text._raise_r
                0x080034a8       0x54 c:/ac6/systemworkbench/plugins/fr.ac6.mcu.externaltools.arm-none.win32_1.7.0.201602121829/tools/compiler/bin/../lib/gcc/arm-none-eabi/5.2.1/../../../../arm-none-eabi/lib/armv7e-m/fpu\libc_nano.a(lib_a-signal.o)
                0x080034a8                _raise_r
 .text.raise    0x080034fc       0x10 c:/ac6/systemworkbench/plugins/fr.ac6.mcu.externaltools.arm-none.win32_1.7.0.201602121829/tools/compiler/bin/../lib/gcc/arm-none-eabi/5.2.1/../../../../arm-none-eabi/lib/armv7e-m/fpu\libc_nano.a(lib_a-signal.o)
                0x080034fc                raise
 .text._kill_r  0x0800350c       0x24 c:/ac6/systemworkbench/plugins/fr.ac6.mcu.externaltools.arm-none.win32_1.7.0.201602121829/tools/compiler/bin/../lib/gcc/arm-none-eabi/5.2.1/../../../../arm-none-eabi/lib/armv7e-m/fpu\libc_nano.a(lib_a-signalr.o)
                0x0800350c                _kill_r
 .text._getpid_r
                0x08003530        0x4 c:/ac6/systemworkbench/plugins/fr.ac6.mcu.externaltools.arm-none.win32_1.7.0.201602121829/tools/compiler/bin/../lib/gcc/arm-none-eabi/5.2.1/../../../../arm-none-eabi/lib/armv7e-m/fpu\libc_nano.a(lib_a-signalr.o)
                0x08003530                _getpid_r
 .text.__swbuf_r
                0x08003534       0xa8 c:/ac6/systemworkbench/plugins/fr.ac6.mcu.externaltools.arm-none.win32_1.7.0.201602121829/tools/compiler/bin/../lib/gcc/arm-none-eabi/5.2.1/../../../../arm-none-eabi/lib/armv7e-m/fpu\libc_nano.a(lib_a-wbuf.o)
                0x08003534                __swbuf_r
 .text.__swsetup_r
                0x080035dc       0xd8 c:/ac6/systemworkbench/plugins/fr.ac6.mcu.externaltools.arm-none.win32_1.7.0.201602121829/tools/compiler/bin/../lib/gcc/arm-none-eabi/5.2.1/../../../../arm-none-eabi/lib/armv7e-m/fpu\libc_nano.a(lib_a-wsetup.o)
                0x080035dc                __swsetup_r
 .text.__sflush_r
                0x080036b4      0x110 c:/ac6/systemworkbench/plugins/fr.ac6.mcu.externaltools.arm-none.win32_1.7.0.201602121829/tools/compiler/bin/../lib/gcc/arm-none-eabi/5.2.1/../../../../arm-none-eabi/lib/armv7e-m/fpu\libc_nano.a(lib_a-fflush.o)
                0x080036b4                __sflush_r
 .text._fflush_r
                0x080037c4       0x54 c:/ac6/systemworkbench/plugins/fr.ac6.mcu.externaltools.arm-none.win32_1.7.0.201602121829/tools/compiler/bin/../lib/gcc/arm-none-eabi/5.2.1/../../../../arm-none-eabi/lib/armv7e-m/fpu\libc_nano.a(lib_a-fflush.o)
                0x080037c4                _fflush_r
 .text._cleanup_r
                0x08003818        0xc c:/ac6/systemworkbench/plugins/fr.ac6.mcu.externaltools.arm-none.win32_1.7.0.201602121829/tools/compiler/bin/../lib/gcc/arm-none-eabi/5.2.1/../../../../arm-none-eabi/lib/armv7e-m/fpu\libc_nano.a(lib_a-findfp.o)
                0x08003818                _cleanup_r
 .text.std.isra.0
                0x08003824       0x48 c:/ac6/systemworkbench/plugins/fr.ac6.mcu.externaltools.arm-none.win32_1.7.0.201602121829/tools/compiler/bin/../lib/gcc/arm-none-eabi/5.2.1/../../../../arm-none-eabi/lib/armv7e-m/fpu\libc_nano.a(lib_a-findfp.o)
 .text.__sfmoreglue
                0x0800386c       0x2c c:/ac6/systemworkbench/plugins/fr.ac6.mcu.externaltools.arm-none.win32_1.7.0.201602121829/tools/compiler/bin/../lib/gcc/arm-none-eabi/5.2.1/../../../../arm-none-eabi/lib/armv7e-m/fpu\libc_nano.a(lib_a-findfp.o)
                0x0800386c                __sfmoreglue
 .text.__sinit  0x08003898       0x60 c:/ac6/systemworkbench/plugins/fr.ac6.mcu.externaltools.arm-none.win32_1.7.0.201602121829/tools/compiler/bin/../lib/gcc/arm-none-eabi/5.2.1/../../../../arm-none-eabi/lib/armv7e-m/fpu\libc_nano.a(lib_a-findfp.o)
                0x08003898                __sinit
 .text.__sfp    0x080038f8       0x78 c:/ac6/systemworkbench/plugins/fr.ac6.mcu.externaltools.arm-none.win32_1.7.0.201602121829/tools/compiler/bin/../lib/gcc/arm-none-eabi/5.2.1/../../../../arm-none-eabi/lib/armv7e-m/fpu\libc_nano.a(lib_a-findfp.o)
                0x080038f8                __sfp
 .text._fwalk_reent
                0x08003970       0x3c c:/ac6/systemworkbench/plugins/fr.ac6.mcu.externaltools.arm-none.win32_1.7.0.201602121829/tools/compiler/bin/../lib/gcc/arm-none-eabi/5.2.1/../../../../arm-none-eabi/lib/armv7e-m/fpu\libc_nano.a(lib_a-fwalk.o)
                0x08003970                _fwalk_reent
 .text.__smakebuf_r
                0x080039ac       0x9c c:/ac6/systemworkbench/plugins/fr.ac6.mcu.externaltools.arm-none.win32_1.7.0.201602121829/tools/compiler/bin/../lib/gcc/arm-none-eabi/5.2.1/../../../../arm-none-eabi/lib/armv7e-m/fpu\libc_nano.a(lib_a-makebuf.o)
                0x080039ac                __smakebuf_r
 .text.__sfputc_r
                0x08003a48       0x30 c:/ac6/systemworkbench/plugins/fr.ac6.mcu.externaltools.arm-none.win32_1.7.0.201602121829/tools/compiler/bin/../lib/gcc/arm-none-eabi/5.2.1/../../../../arm-none-eabi/lib/armv7e-m/fpu\libc_nano.a(lib_a-nano-vfprintf.o)
 .text.__sfputs_r
                0x08003a78       0x24 c:/ac6/systemworkbench/plugins/fr.ac6.mcu.externaltools.arm-none.win32_1.7.0.201602121829/tools/compiler/bin/../lib/gcc/arm-none-eabi/5.2.1/../../../../arm-none-eabi/lib/armv7e-m/fpu\libc_nano.a(lib_a-nano-vfprintf.o)
                0x08003a78                __sfputs_r
 .text._vfprintf_r
                0x08003a9c      0x238 c:/ac6/systemworkbench/plugins/fr.ac6.mcu.externaltools.arm-none.win32_1.7.0.201602121829/tools/compiler/bin/../lib/gcc/arm-none-eabi/5.2.1/../../../../arm-none-eabi/lib/armv7e-m/fpu\libc_nano.a(lib_a-nano-vfprintf.o)
                0x08003a9c                _vfprintf_r
                0x08003a9c                _vfiprintf_r
 .text._printf_common
                0x08003cd4       0xec c:/ac6/systemworkbench/plugins/fr.ac6.mcu.externaltools.arm-none.win32_1.7.0.201602121829/tools/compiler/bin/../lib/gcc/arm-none-eabi/5.2.1/../../../../arm-none-eabi/lib/armv7e-m/fpu\libc_nano.a(lib_a-nano-vfprintf_i.o)
                0x08003cd4                _printf_common
 .text._printf_i
                0x08003dc0      0x24c c:/ac6/systemworkbench/plugins/fr.ac6.mcu.externaltools.arm-none.win32_1.7.0.201602121829/tools/compiler/bin/../lib/gcc/arm-none-eabi/5.2.1/../../../../arm-none-eabi/lib/armv7e-m/fpu\libc_nano.a(lib_a-nano-vfprintf_i.o)
                0x08003dc0                _printf_i
 .text._putc_r  0x0800400c       0x78 c:/ac6/systemworkbench/plugins/fr.ac6.mcu.externaltools.arm-none.win32_1.7.0.201602121829/tools/compiler/bin/../lib/gcc/arm-none-eabi/5.2.1/../../../../arm-none-eabi/lib/armv7e-m/fpu\libc_nano.a(lib_a-putc.o)
                0x0800400c                _putc_r
 .text.__sread  0x08004084       0x22 c:/ac6/systemworkbench/plugins/fr.ac6.mcu.externaltools.arm-none.win32_1.7.0.201602121829/tools/compiler/bin/../lib/gcc/arm-none-eabi/5.2.1/../../../../arm-none-eabi/lib/armv7e-m/fpu\libc_nano.a(lib_a-stdio.o)
                0x08004084                __sread
 .text.__swrite
                0x080040a6       0x38 c:/ac6/systemworkbench/plugins/fr.ac6.mcu.externaltools.arm-none.win32_1.7.0.201602121829/tools/compiler/bin/../lib/gcc/arm-none-eabi/5.2.1/../../../../arm-none-eabi/lib/armv7e-m/fpu\libc_nano.a(lib_a-stdio.o)
                0x080040a6                __swrite
 .text.__sseek  0x080040de       0x24 c:/ac6/systemworkbench/plugins/fr.ac6.mcu.externaltools.arm-none.win32_1.7.0.201602121829/tools/compiler/bin/../lib/gcc/arm-none-eabi/5.2.1/../../../../arm-none-eabi/lib/armv7e-m/fpu\libc_nano.a(lib_a-stdio.o)
                0x080040de                __sseek
 .text.__sclose
                0x08004102        0x8 c:/ac6/systemworkbench/plugins/fr.ac6.mcu.externaltools.arm-none.win32_1.7.0.201602121829/tools/compiler/bin/../lib/gcc/arm-none-eabi/5.2.1/../../../../arm-none-eabi/lib/armv7e-m/fpu\libc_nano.a(lib_a-stdio.o)
                0x08004102                __sclose
 *fill*         0x0800410a        0x2 
 .text._write_r
                0x0800410c       0x24 c:/ac6/systemworkbench/plugins/fr.ac6.mcu.externaltools.arm-none.win32_1.7.0.201602121829/tools/compiler/bin/../lib/gcc/arm-none-eabi/5.2.1/../../../../arm-none-eabi/lib/armv7e-m/fpu\libc_nano.a(lib_a-writer.o)
                0x0800410c                _write_r
 .text._close_r
                0x08004130       0x20 c:/ac6/systemworkbench/plugins/fr.ac6.mcu.externaltools.arm-none.win32_1.7.0.201602121829/tools/compiler/bin/../lib/gcc/arm-none-eabi/5.2.1/../../../../arm-none-eabi/lib/armv7e-m/fpu\libc_nano.a(lib_a-closer.o)
                0x08004130                _close_r
 .text._fstat_r
                0x08004150       0x24 c:/ac6/systemworkbench/plugins/fr.ac6.mcu.externaltools.arm-none.win32_1.7.0.201602121829/tools/compiler/bin/../lib/gcc/arm-none-eabi/5.2.1/../../../../arm-none-eabi/lib/armv7e-m/fpu\libc_nano.a(lib_a-fstatr.o)
                0x08004150                _fstat_r
 .text._isatty_r
                0x08004174       0x20 c:/ac6/systemworkbench/plugins/fr.ac6.mcu.externaltools.arm-none.win32_1.7.0.201602121829/tools/compiler/bin/../lib/gcc/arm-none-eabi/5.2.1/../../../../arm-none-eabi/lib/armv7e-m/fpu\libc_nano.a(lib_a-isattyr.o)
                0x08004174                _isatty_r
 .text._lseek_r
                0x08004194       0x24 c:/ac6/systemworkbench/plugins/fr.ac6.mcu.externaltools.arm-none.win32_1.7.0.201602121829/tools/compiler/bin/../lib/gcc/arm-none-eabi/5.2.1/../../../../arm-none-eabi/lib/armv7e-m/fpu\libc_nano.a(lib_a-lseekr.o)
                0x08004194                _lseek_r
 .text._read_r  0x080041b8       0x24 c:/ac6/systemworkbench/plugins/fr.ac6.mcu.externaltools.arm-none.win32_1.7.0.201602121829/tools/compiler/bin/../lib/gcc/arm-none-eabi/5.2.1/../../../../arm-none-eabi/lib/armv7e-m/fpu\libc_nano.a(lib_a-readr.o)
                0x080041b8                _read_r
 *(.glue_7)
 .glue_7        0x080041dc        0x0 linker stubs
 *(.glue_7t)
 .glue_7t       0x080041dc        0x0 linker stubs
 *(.eh_frame)
 .eh_frame      0x080041dc        0x0 c:/ac6/systemworkbench/plugins/fr.ac6.mcu.externaltools.arm-none.win32_1.7.0.201602121829/tools/compiler/bin/../lib/gcc/arm-none-eabi/5.2.1/armv7e-m/fpu/crtbegin.o
 *(.init)
 .init          0x080041dc        0x4 c:/ac6/systemworkbench/plugins/fr.ac6.mcu.externaltools.arm-none.win32_1.7.0.201602121829/tools/compiler/bin/../lib/gcc/arm-none-eabi/5.2.1/armv7e-m/fpu/crti.o
                0x080041dc                _init
 .init          0x080041e0        0x8 c:/ac6/systemworkbench/plugins/fr.ac6.mcu.externaltools.arm-none.win32_1.7.0.201602121829/tools/compiler/bin/../lib/gcc/arm-none-eabi/5.2.1/armv7e-m/fpu/crtn.o
 *(.fini)
 .fini          0x080041e8        0x4 c:/ac6/systemworkbench/plugins/fr.ac6.mcu.externaltools.arm-none.win32_1.7.0.201602121829/tools/compiler/bin/../lib/gcc/arm-none-eabi/5.2.1/armv7e-m/fpu/crti.o
                0x080041e8                _fini
 .fini          0x080041ec        0x8 c:/ac6/systemworkbench/plugins/fr.ac6.mcu.externaltools.arm-none.win32_1.7.0.201602121829/tools/compiler/bin/../lib/gcc/arm-none-eabi/5.2.1/armv7e-m/fpu/crtn.o
                0x080041f4                . = ALIGN (0x4)
                0x080041f4                _etext = .

.vfp11_veneer   0x080041f4        0x0
 .vfp11_veneer  0x080041f4        0x0 linker stubs

.v4_bx          0x080041f4        0x0
 .v4_bx         0x080041f4        0x0 linker stubs

.iplt           0x080041f4        0x0
 .iplt          0x080041f4        0x0 c:/ac6/systemworkbench/plugins/fr.ac6.mcu.externaltools.arm-none.win32_1.7.0.201602121829/tools/compiler/bin/../lib/gcc/arm-none-eabi/5.2.1/armv7e-m/fpu/crtbegin.o

.rodata         0x080041f4      0x5fc
                0x080041f4                . = ALIGN (0x4)
 *(.rodata)
 .rodata        0x080041f4       0x10 Drivers/STM32F4xx_HAL_Driver/Src/stm32f4xx_hal_rcc.o
                0x080041f4                APBAHBPrescTable
 .rodata        0x08004204      0x400 Src/crc32.o
 .rodata        0x08004604        0xc Src/main.o
 *(.rodata*)
 .rodata.str1.1
                0x08004610       0x13 Src/AccelStepper.o
 .rodata.str1.1
                0x08004623       0xfb Src/main.o
                                 0xfd (size before relaxing)
 .rodata.str1.1
                0x0800471e       0x2c Src/message.o
                                 0x2f (size before relaxing)
 *fill*         0x0800474a        0x2 
 .rodata.str1.4
                0x0800474c        0x8 c:/ac6/systemworkbench/plugins/fr.ac6.mcu.externaltools.arm-none.win32_1.7.0.201602121829/tools/compiler/bin/../lib/gcc/arm-none-eabi/5.2.1/../../../../arm-none-eabi/lib/armv7e-m/fpu\libm.a(lib_a-w_sqrt.o)
                                  0x5 (size before relaxing)
 .rodata.str1.1
                0x08004754        0x2 c:/ac6/systemworkbench/plugins/fr.ac6.mcu.externaltools.arm-none.win32_1.7.0.201602121829/tools/compiler/bin/../lib/gcc/arm-none-eabi/5.2.1/../../../../arm-none-eabi/lib/armv7e-m/fpu\libc_nano.a(lib_a-impure.o)
 *fill*         0x08004756        0x2 
 .rodata._global_impure_ptr
                0x08004758        0x4 c:/ac6/systemworkbench/plugins/fr.ac6.mcu.externaltools.arm-none.win32_1.7.0.201602121829/tools/compiler/bin/../lib/gcc/arm-none-eabi/5.2.1/../../../../arm-none-eabi/lib/armv7e-m/fpu\libc_nano.a(lib_a-impure.o)
                0x08004758                _global_impure_ptr
 .rodata.__sf_fake_stdin
                0x0800475c       0x20 c:/ac6/systemworkbench/plugins/fr.ac6.mcu.externaltools.arm-none.win32_1.7.0.201602121829/tools/compiler/bin/../lib/gcc/arm-none-eabi/5.2.1/../../../../arm-none-eabi/lib/armv7e-m/fpu\libc_nano.a(lib_a-findfp.o)
                0x0800475c                __sf_fake_stdin
 .rodata.__sf_fake_stdout
                0x0800477c       0x20 c:/ac6/systemworkbench/plugins/fr.ac6.mcu.externaltools.arm-none.win32_1.7.0.201602121829/tools/compiler/bin/../lib/gcc/arm-none-eabi/5.2.1/../../../../arm-none-eabi/lib/armv7e-m/fpu\libc_nano.a(lib_a-findfp.o)
                0x0800477c                __sf_fake_stdout
 .rodata.__sf_fake_stderr
                0x0800479c       0x20 c:/ac6/systemworkbench/plugins/fr.ac6.mcu.externaltools.arm-none.win32_1.7.0.201602121829/tools/compiler/bin/../lib/gcc/arm-none-eabi/5.2.1/../../../../arm-none-eabi/lib/armv7e-m/fpu\libc_nano.a(lib_a-findfp.o)
                0x0800479c                __sf_fake_stderr
 .rodata.str1.1
                0x080047bc       0x11 c:/ac6/systemworkbench/plugins/fr.ac6.mcu.externaltools.arm-none.win32_1.7.0.201602121829/tools/compiler/bin/../lib/gcc/arm-none-eabi/5.2.1/../../../../arm-none-eabi/lib/armv7e-m/fpu\libc_nano.a(lib_a-nano-vfprintf.o)
 .rodata.str1.1
                0x080047cd       0x22 c:/ac6/systemworkbench/plugins/fr.ac6.mcu.externaltools.arm-none.win32_1.7.0.201602121829/tools/compiler/bin/../lib/gcc/arm-none-eabi/5.2.1/../../../../arm-none-eabi/lib/armv7e-m/fpu\libc_nano.a(lib_a-nano-vfprintf_i.o)
                0x080047f0                . = ALIGN (0x4)
 *fill*         0x080047ef        0x1 

.rel.dyn        0x080047f0        0x0
 .rel.iplt      0x080047f0        0x0 c:/ac6/systemworkbench/plugins/fr.ac6.mcu.externaltools.arm-none.win32_1.7.0.201602121829/tools/compiler/bin/../lib/gcc/arm-none-eabi/5.2.1/armv7e-m/fpu/crtbegin.o

.ARM.extab
 *(.ARM.extab* .gnu.linkonce.armextab.*)

.ARM            0x080047f0        0x0
                0x080047f0                __exidx_start = .
 *(.ARM.exidx*)
                0x080047f0                __exidx_end = .

.preinit_array  0x080047f0        0x0
                0x080047f0                PROVIDE (__preinit_array_start, .)
 *(.preinit_array*)
                0x080047f0                PROVIDE (__preinit_array_end, .)

.init_array     0x080047f0        0x4
                0x080047f0                PROVIDE (__init_array_start, .)
 *(SORT(.init_array.*))
 *(.init_array*)
 .init_array    0x080047f0        0x4 c:/ac6/systemworkbench/plugins/fr.ac6.mcu.externaltools.arm-none.win32_1.7.0.201602121829/tools/compiler/bin/../lib/gcc/arm-none-eabi/5.2.1/armv7e-m/fpu/crtbegin.o
                0x080047f4                PROVIDE (__init_array_end, .)

.fini_array     0x080047f4        0x4
                [!provide]                PROVIDE (__fini_array_start, .)
 *(SORT(.fini_array.*))
 *(.fini_array*)
 .fini_array    0x080047f4        0x4 c:/ac6/systemworkbench/plugins/fr.ac6.mcu.externaltools.arm-none.win32_1.7.0.201602121829/tools/compiler/bin/../lib/gcc/arm-none-eabi/5.2.1/armv7e-m/fpu/crtbegin.o
                [!provide]                PROVIDE (__fini_array_end, .)
                0x080047f8                _sidata = LOADADDR (.data)

.data           0x20000000       0x6c load address 0x080047f8
                0x20000000                . = ALIGN (0x4)
                0x20000000                _sdata = .
 *(.data)
 .data          0x20000000        0x4 Drivers/CMSIS/Device/ST/STM32F4xx/Source/Templates/system_stm32f4xx.o
                0x20000000                SystemCoreClock
 *(.data*)
 .data.__fdlib_version
                0x20000004        0x1 c:/ac6/systemworkbench/plugins/fr.ac6.mcu.externaltools.arm-none.win32_1.7.0.201602121829/tools/compiler/bin/../lib/gcc/arm-none-eabi/5.2.1/../../../../arm-none-eabi/lib/armv7e-m/fpu\libm.a(lib_a-s_lib_ver.o)
                0x20000004                __fdlib_version
 *fill*         0x20000005        0x3 
 .data.impure_data
                0x20000008       0x60 c:/ac6/systemworkbench/plugins/fr.ac6.mcu.externaltools.arm-none.win32_1.7.0.201602121829/tools/compiler/bin/../lib/gcc/arm-none-eabi/5.2.1/../../../../arm-none-eabi/lib/armv7e-m/fpu\libc_nano.a(lib_a-impure.o)
 .data._impure_ptr
                0x20000068        0x4 c:/ac6/systemworkbench/plugins/fr.ac6.mcu.externaltools.arm-none.win32_1.7.0.201602121829/tools/compiler/bin/../lib/gcc/arm-none-eabi/5.2.1/../../../../arm-none-eabi/lib/armv7e-m/fpu\libc_nano.a(lib_a-impure.o)
                0x20000068                _impure_ptr
                0x2000006c                . = ALIGN (0x4)
                0x2000006c                _edata = .

.jcr            0x2000006c        0x0 load address 0x08004864
 .jcr           0x2000006c        0x0 c:/ac6/systemworkbench/plugins/fr.ac6.mcu.externaltools.arm-none.win32_1.7.0.201602121829/tools/compiler/bin/../lib/gcc/arm-none-eabi/5.2.1/armv7e-m/fpu/crtbegin.o

.tm_clone_table
                0x2000006c        0x0 load address 0x08004864
 .tm_clone_table
                0x2000006c        0x0 c:/ac6/systemworkbench/plugins/fr.ac6.mcu.externaltools.arm-none.win32_1.7.0.201602121829/tools/compiler/bin/../lib/gcc/arm-none-eabi/5.2.1/armv7e-m/fpu/crtbegin.o
 .tm_clone_table
                0x2000006c        0x0 c:/ac6/systemworkbench/plugins/fr.ac6.mcu.externaltools.arm-none.win32_1.7.0.201602121829/tools/compiler/bin/../lib/gcc/arm-none-eabi/5.2.1/armv7e-m/fpu/crtend.o

.igot.plt       0x2000006c        0x0 load address 0x08004864
 .igot.plt      0x2000006c        0x0 c:/ac6/systemworkbench/plugins/fr.ac6.mcu.externaltools.arm-none.win32_1.7.0.201602121829/tools/compiler/bin/../lib/gcc/arm-none-eabi/5.2.1/armv7e-m/fpu/crtbegin.o
                0x2000006c                . = ALIGN (0x4)

.bss            0x2000006c      0x5a0 load address 0x08004864
                0x2000006c                _sbss = .
                0x2000006c                __bss_start__ = _sbss
 *(.bss)
 .bss           0x2000006c       0x1c c:/ac6/systemworkbench/plugins/fr.ac6.mcu.externaltools.arm-none.win32_1.7.0.201602121829/tools/compiler/bin/../lib/gcc/arm-none-eabi/5.2.1/armv7e-m/fpu/crtbegin.o
 .bss           0x20000088        0xc Src/main.o
                0x20000088                Rx_last
                0x2000008c                message_len
                0x20000090                i
 .bss           0x20000094        0x8 Src/syscalls.o
                0x20000098                __env
 *(.bss*)
 .bss.__malloc_sbrk_start
                0x2000009c        0x4 c:/ac6/systemworkbench/plugins/fr.ac6.mcu.externaltools.arm-none.win32_1.7.0.201602121829/tools/compiler/bin/../lib/gcc/arm-none-eabi/5.2.1/../../../../arm-none-eabi/lib/armv7e-m/fpu\libc_nano.a(lib_a-nano-mallocr.o)
                0x2000009c                __malloc_sbrk_start
 .bss.__malloc_free_list
                0x200000a0        0x4 c:/ac6/systemworkbench/plugins/fr.ac6.mcu.externaltools.arm-none.win32_1.7.0.201602121829/tools/compiler/bin/../lib/gcc/arm-none-eabi/5.2.1/../../../../arm-none-eabi/lib/armv7e-m/fpu\libc_nano.a(lib_a-nano-mallocr.o)
                0x200000a0                __malloc_free_list
 *(COMMON)
 COMMON         0x200000a4        0x4 Drivers/STM32F4xx_HAL_Driver/Src/stm32f4xx_hal.o
                0x200000a4                uwTick
 COMMON         0x200000a8      0x560 Src/main.o
                0x200000a8                Transfer_cplt
                0x200000ac                Rx_indx
                0x200000b0                Rx_data
                0x200000b4                test
                0x200000b8                huart1
                0x200000f8                tx_responce_buffer
                0x200004f8                Rx_Buffer
                0x2000055c                __stdout
                0x200005c4                huart2
                0x20000604                len
 COMMON         0x20000608        0x4 c:/ac6/systemworkbench/plugins/fr.ac6.mcu.externaltools.arm-none.win32_1.7.0.201602121829/tools/compiler/bin/../lib/gcc/arm-none-eabi/5.2.1/../../../../arm-none-eabi/lib/armv7e-m/fpu\libc_nano.a(lib_a-reent.o)
                0x20000608                errno
                0x2000060c                . = ALIGN (0x4)
                0x2000060c                _ebss = .
                0x2000060c                __bss_end__ = _ebss

._user_heap_stack
                0x2000060c      0x604 load address 0x08004864
                0x20000610                . = ALIGN (0x8)
 *fill*         0x2000060c        0x4 
                0x20000610                PROVIDE (end, .)
                [!provide]                PROVIDE (_end, .)
                0x20000810                . = (. + _Min_Heap_Size)
 *fill*         0x20000610      0x200 
                0x20000c10                . = (. + _Min_Stack_Size)
 *fill*         0x20000810      0x400 
                0x20000c10                . = ALIGN (0x8)

/DISCARD/
 libc.a(*)
 libm.a(*)
 libgcc.a(*)

.ARM.attributes
                0x00000000       0x30
 *(.ARM.attributes)
 .ARM.attributes
                0x00000000       0x22 c:/ac6/systemworkbench/plugins/fr.ac6.mcu.externaltools.arm-none.win32_1.7.0.201602121829/tools/compiler/bin/../lib/gcc/arm-none-eabi/5.2.1/armv7e-m/fpu/crti.o
 .ARM.attributes
                0x00000022       0x34 c:/ac6/systemworkbench/plugins/fr.ac6.mcu.externaltools.arm-none.win32_1.7.0.201602121829/tools/compiler/bin/../lib/gcc/arm-none-eabi/5.2.1/armv7e-m/fpu/crtbegin.o
 .ARM.attributes
                0x00000056       0x21 Drivers/CMSIS/Device/ST/STM32F4xx/Source/Templates/gcc/startup_stm32f411xe.o
 .ARM.attributes
                0x00000077       0x39 Drivers/CMSIS/Device/ST/STM32F4xx/Source/Templates/system_stm32f4xx.o
 .ARM.attributes
                0x000000b0       0x39 Drivers/STM32F4xx_HAL_Driver/Src/stm32f4xx_hal.o
 .ARM.attributes
                0x000000e9       0x39 Drivers/STM32F4xx_HAL_Driver/Src/stm32f4xx_hal_cortex.o
 .ARM.attributes
                0x00000122       0x39 Drivers/STM32F4xx_HAL_Driver/Src/stm32f4xx_hal_dma.o
 .ARM.attributes
                0x0000015b       0x39 Drivers/STM32F4xx_HAL_Driver/Src/stm32f4xx_hal_gpio.o
 .ARM.attributes
                0x00000194       0x39 Drivers/STM32F4xx_HAL_Driver/Src/stm32f4xx_hal_rcc.o
 .ARM.attributes
                0x000001cd       0x39 Drivers/STM32F4xx_HAL_Driver/Src/stm32f4xx_hal_uart.o
 .ARM.attributes
                0x00000206       0x39 Src/AccelStepper.o
 .ARM.attributes
                0x0000023f       0x39 Src/crc32.o
 .ARM.attributes
                0x00000278       0x39 Src/frame.o
 .ARM.attributes
                0x000002b1       0x39 Src/inet.o
 .ARM.attributes
                0x000002ea       0x39 Src/main.o
 .ARM.attributes
                0x00000323       0x39 Src/message.o
 .ARM.attributes
                0x0000035c       0x39 Src/stm32f4xx_hal_msp.o
 .ARM.attributes
                0x00000395       0x39 Src/stm32f4xx_it.o
 .ARM.attributes
                0x000003ce       0x39 Src/syscalls.o
 .ARM.attributes
                0x00000407       0x34 c:/ac6/systemworkbench/plugins/fr.ac6.mcu.externaltools.arm-none.win32_1.7.0.201602121829/tools/compiler/bin/../lib/gcc/arm-none-eabi/5.2.1/../../../../arm-none-eabi/lib/armv7e-m/fpu\libm.a(lib_a-w_sqrt.o)
 .ARM.attributes
                0x0000043b       0x34 c:/ac6/systemworkbench/plugins/fr.ac6.mcu.externaltools.arm-none.win32_1.7.0.201602121829/tools/compiler/bin/../lib/gcc/arm-none-eabi/5.2.1/../../../../arm-none-eabi/lib/armv7e-m/fpu\libm.a(lib_a-e_sqrt.o)
 .ARM.attributes
                0x0000046f       0x34 c:/ac6/systemworkbench/plugins/fr.ac6.mcu.externaltools.arm-none.win32_1.7.0.201602121829/tools/compiler/bin/../lib/gcc/arm-none-eabi/5.2.1/../../../../arm-none-eabi/lib/armv7e-m/fpu\libm.a(lib_a-s_fpclassify.o)
 .ARM.attributes
                0x000004a3       0x34 c:/ac6/systemworkbench/plugins/fr.ac6.mcu.externaltools.arm-none.win32_1.7.0.201602121829/tools/compiler/bin/../lib/gcc/arm-none-eabi/5.2.1/../../../../arm-none-eabi/lib/armv7e-m/fpu\libm.a(lib_a-s_lib_ver.o)
 .ARM.attributes
                0x000004d7       0x34 c:/ac6/systemworkbench/plugins/fr.ac6.mcu.externaltools.arm-none.win32_1.7.0.201602121829/tools/compiler/bin/../lib/gcc/arm-none-eabi/5.2.1/../../../../arm-none-eabi/lib/armv7e-m/fpu\libm.a(lib_a-s_matherr.o)
 .ARM.attributes
                0x0000050b       0x22 c:/ac6/systemworkbench/plugins/fr.ac6.mcu.externaltools.arm-none.win32_1.7.0.201602121829/tools/compiler/bin/../lib/gcc/arm-none-eabi/5.2.1/armv7e-m/fpu\libgcc.a(_arm_addsubdf3.o)
 .ARM.attributes
                0x0000052d       0x22 c:/ac6/systemworkbench/plugins/fr.ac6.mcu.externaltools.arm-none.win32_1.7.0.201602121829/tools/compiler/bin/../lib/gcc/arm-none-eabi/5.2.1/armv7e-m/fpu\libgcc.a(_arm_muldivdf3.o)
 .ARM.attributes
                0x0000054f       0x22 c:/ac6/systemworkbench/plugins/fr.ac6.mcu.externaltools.arm-none.win32_1.7.0.201602121829/tools/compiler/bin/../lib/gcc/arm-none-eabi/5.2.1/armv7e-m/fpu\libgcc.a(_arm_cmpdf2.o)
 .ARM.attributes
                0x00000571       0x22 c:/ac6/systemworkbench/plugins/fr.ac6.mcu.externaltools.arm-none.win32_1.7.0.201602121829/tools/compiler/bin/../lib/gcc/arm-none-eabi/5.2.1/armv7e-m/fpu\libgcc.a(_arm_fixdfsi.o)
 .ARM.attributes
                0x00000593       0x22 c:/ac6/systemworkbench/plugins/fr.ac6.mcu.externaltools.arm-none.win32_1.7.0.201602121829/tools/compiler/bin/../lib/gcc/arm-none-eabi/5.2.1/armv7e-m/fpu\libgcc.a(_arm_fixunsdfsi.o)
 .ARM.attributes
                0x000005b5       0x22 c:/ac6/systemworkbench/plugins/fr.ac6.mcu.externaltools.arm-none.win32_1.7.0.201602121829/tools/compiler/bin/../lib/gcc/arm-none-eabi/5.2.1/armv7e-m/fpu\libgcc.a(_arm_truncdfsf2.o)
 .ARM.attributes
                0x000005d7       0x34 c:/ac6/systemworkbench/plugins/fr.ac6.mcu.externaltools.arm-none.win32_1.7.0.201602121829/tools/compiler/bin/../lib/gcc/arm-none-eabi/5.2.1/../../../../arm-none-eabi/lib/armv7e-m/fpu\libc_nano.a(lib_a-abort.o)
 .ARM.attributes
                0x0000060b       0x34 c:/ac6/systemworkbench/plugins/fr.ac6.mcu.externaltools.arm-none.win32_1.7.0.201602121829/tools/compiler/bin/../lib/gcc/arm-none-eabi/5.2.1/../../../../arm-none-eabi/lib/armv7e-m/fpu\libc_nano.a(lib_a-errno.o)
 .ARM.attributes
                0x0000063f       0x34 c:/ac6/systemworkbench/plugins/fr.ac6.mcu.externaltools.arm-none.win32_1.7.0.201602121829/tools/compiler/bin/../lib/gcc/arm-none-eabi/5.2.1/../../../../arm-none-eabi/lib/armv7e-m/fpu\libc_nano.a(lib_a-impure.o)
 .ARM.attributes
                0x00000673       0x34 c:/ac6/systemworkbench/plugins/fr.ac6.mcu.externaltools.arm-none.win32_1.7.0.201602121829/tools/compiler/bin/../lib/gcc/arm-none-eabi/5.2.1/../../../../arm-none-eabi/lib/armv7e-m/fpu\libc_nano.a(lib_a-init.o)
 .ARM.attributes
                0x000006a7       0x34 c:/ac6/systemworkbench/plugins/fr.ac6.mcu.externaltools.arm-none.win32_1.7.0.201602121829/tools/compiler/bin/../lib/gcc/arm-none-eabi/5.2.1/../../../../arm-none-eabi/lib/armv7e-m/fpu\libc_nano.a(lib_a-malloc.o)
 .ARM.attributes
                0x000006db       0x34 c:/ac6/systemworkbench/plugins/fr.ac6.mcu.externaltools.arm-none.win32_1.7.0.201602121829/tools/compiler/bin/../lib/gcc/arm-none-eabi/5.2.1/../../../../arm-none-eabi/lib/armv7e-m/fpu\libc_nano.a(lib_a-memcpy-stub.o)
 .ARM.attributes
                0x0000070f       0x34 c:/ac6/systemworkbench/plugins/fr.ac6.mcu.externaltools.arm-none.win32_1.7.0.201602121829/tools/compiler/bin/../lib/gcc/arm-none-eabi/5.2.1/../../../../arm-none-eabi/lib/armv7e-m/fpu\libc_nano.a(lib_a-memset.o)
 .ARM.attributes
                0x00000743       0x34 c:/ac6/systemworkbench/plugins/fr.ac6.mcu.externaltools.arm-none.win32_1.7.0.201602121829/tools/compiler/bin/../lib/gcc/arm-none-eabi/5.2.1/../../../../arm-none-eabi/lib/armv7e-m/fpu\libc_nano.a(lib_a-nano-freer.o)
 .ARM.attributes
                0x00000777       0x34 c:/ac6/systemworkbench/plugins/fr.ac6.mcu.externaltools.arm-none.win32_1.7.0.201602121829/tools/compiler/bin/../lib/gcc/arm-none-eabi/5.2.1/../../../../arm-none-eabi/lib/armv7e-m/fpu\libc_nano.a(lib_a-nano-mallocr.o)
 .ARM.attributes
                0x000007ab       0x34 c:/ac6/systemworkbench/plugins/fr.ac6.mcu.externaltools.arm-none.win32_1.7.0.201602121829/tools/compiler/bin/../lib/gcc/arm-none-eabi/5.2.1/../../../../arm-none-eabi/lib/armv7e-m/fpu\libc_nano.a(lib_a-printf.o)
 .ARM.attributes
                0x000007df       0x34 c:/ac6/systemworkbench/plugins/fr.ac6.mcu.externaltools.arm-none.win32_1.7.0.201602121829/tools/compiler/bin/../lib/gcc/arm-none-eabi/5.2.1/../../../../arm-none-eabi/lib/armv7e-m/fpu\libc_nano.a(lib_a-putchar.o)
 .ARM.attributes
                0x00000813       0x34 c:/ac6/systemworkbench/plugins/fr.ac6.mcu.externaltools.arm-none.win32_1.7.0.201602121829/tools/compiler/bin/../lib/gcc/arm-none-eabi/5.2.1/../../../../arm-none-eabi/lib/armv7e-m/fpu\libc_nano.a(lib_a-puts.o)
 .ARM.attributes
                0x00000847       0x34 c:/ac6/systemworkbench/plugins/fr.ac6.mcu.externaltools.arm-none.win32_1.7.0.201602121829/tools/compiler/bin/../lib/gcc/arm-none-eabi/5.2.1/../../../../arm-none-eabi/lib/armv7e-m/fpu\libc_nano.a(lib_a-reent.o)
 .ARM.attributes
                0x0000087b       0x34 c:/ac6/systemworkbench/plugins/fr.ac6.mcu.externaltools.arm-none.win32_1.7.0.201602121829/tools/compiler/bin/../lib/gcc/arm-none-eabi/5.2.1/../../../../arm-none-eabi/lib/armv7e-m/fpu\libc_nano.a(lib_a-sbrkr.o)
 .ARM.attributes
                0x000008af       0x34 c:/ac6/systemworkbench/plugins/fr.ac6.mcu.externaltools.arm-none.win32_1.7.0.201602121829/tools/compiler/bin/../lib/gcc/arm-none-eabi/5.2.1/../../../../arm-none-eabi/lib/armv7e-m/fpu\libc_nano.a(lib_a-signal.o)
 .ARM.attributes
                0x000008e3       0x34 c:/ac6/systemworkbench/plugins/fr.ac6.mcu.externaltools.arm-none.win32_1.7.0.201602121829/tools/compiler/bin/../lib/gcc/arm-none-eabi/5.2.1/../../../../arm-none-eabi/lib/armv7e-m/fpu\libc_nano.a(lib_a-signalr.o)
 .ARM.attributes
                0x00000917       0x34 c:/ac6/systemworkbench/plugins/fr.ac6.mcu.externaltools.arm-none.win32_1.7.0.201602121829/tools/compiler/bin/../lib/gcc/arm-none-eabi/5.2.1/../../../../arm-none-eabi/lib/armv7e-m/fpu\libc_nano.a(lib_a-wbuf.o)
 .ARM.attributes
                0x0000094b       0x34 c:/ac6/systemworkbench/plugins/fr.ac6.mcu.externaltools.arm-none.win32_1.7.0.201602121829/tools/compiler/bin/../lib/gcc/arm-none-eabi/5.2.1/../../../../arm-none-eabi/lib/armv7e-m/fpu\libc_nano.a(lib_a-wsetup.o)
 .ARM.attributes
                0x0000097f       0x34 c:/ac6/systemworkbench/plugins/fr.ac6.mcu.externaltools.arm-none.win32_1.7.0.201602121829/tools/compiler/bin/../lib/gcc/arm-none-eabi/5.2.1/../../../../arm-none-eabi/lib/armv7e-m/fpu\libc_nano.a(lib_a-fflush.o)
 .ARM.attributes
                0x000009b3       0x34 c:/ac6/systemworkbench/plugins/fr.ac6.mcu.externaltools.arm-none.win32_1.7.0.201602121829/tools/compiler/bin/../lib/gcc/arm-none-eabi/5.2.1/../../../../arm-none-eabi/lib/armv7e-m/fpu\libc_nano.a(lib_a-findfp.o)
 .ARM.attributes
                0x000009e7       0x34 c:/ac6/systemworkbench/plugins/fr.ac6.mcu.externaltools.arm-none.win32_1.7.0.201602121829/tools/compiler/bin/../lib/gcc/arm-none-eabi/5.2.1/../../../../arm-none-eabi/lib/armv7e-m/fpu\libc_nano.a(lib_a-fwalk.o)
 .ARM.attributes
                0x00000a1b       0x34 c:/ac6/systemworkbench/plugins/fr.ac6.mcu.externaltools.arm-none.win32_1.7.0.201602121829/tools/compiler/bin/../lib/gcc/arm-none-eabi/5.2.1/../../../../arm-none-eabi/lib/armv7e-m/fpu\libc_nano.a(lib_a-makebuf.o)
 .ARM.attributes
                0x00000a4f       0x34 c:/ac6/systemworkbench/plugins/fr.ac6.mcu.externaltools.arm-none.win32_1.7.0.201602121829/tools/compiler/bin/../lib/gcc/arm-none-eabi/5.2.1/../../../../arm-none-eabi/lib/armv7e-m/fpu\libc_nano.a(lib_a-nano-vfprintf.o)
 .ARM.attributes
                0x00000a83       0x34 c:/ac6/systemworkbench/plugins/fr.ac6.mcu.externaltools.arm-none.win32_1.7.0.201602121829/tools/compiler/bin/../lib/gcc/arm-none-eabi/5.2.1/../../../../arm-none-eabi/lib/armv7e-m/fpu\libc_nano.a(lib_a-nano-vfprintf_i.o)
 .ARM.attributes
                0x00000ab7       0x34 c:/ac6/systemworkbench/plugins/fr.ac6.mcu.externaltools.arm-none.win32_1.7.0.201602121829/tools/compiler/bin/../lib/gcc/arm-none-eabi/5.2.1/../../../../arm-none-eabi/lib/armv7e-m/fpu\libc_nano.a(lib_a-putc.o)
 .ARM.attributes
                0x00000aeb       0x34 c:/ac6/systemworkbench/plugins/fr.ac6.mcu.externaltools.arm-none.win32_1.7.0.201602121829/tools/compiler/bin/../lib/gcc/arm-none-eabi/5.2.1/../../../../arm-none-eabi/lib/armv7e-m/fpu\libc_nano.a(lib_a-stdio.o)
 .ARM.attributes
                0x00000b1f       0x34 c:/ac6/systemworkbench/plugins/fr.ac6.mcu.externaltools.arm-none.win32_1.7.0.201602121829/tools/compiler/bin/../lib/gcc/arm-none-eabi/5.2.1/../../../../arm-none-eabi/lib/armv7e-m/fpu\libc_nano.a(lib_a-writer.o)
 .ARM.attributes
                0x00000b53       0x34 c:/ac6/systemworkbench/plugins/fr.ac6.mcu.externaltools.arm-none.win32_1.7.0.201602121829/tools/compiler/bin/../lib/gcc/arm-none-eabi/5.2.1/../../../../arm-none-eabi/lib/armv7e-m/fpu\libc_nano.a(lib_a-closer.o)
 .ARM.attributes
                0x00000b87       0x34 c:/ac6/systemworkbench/plugins/fr.ac6.mcu.externaltools.arm-none.win32_1.7.0.201602121829/tools/compiler/bin/../lib/gcc/arm-none-eabi/5.2.1/../../../../arm-none-eabi/lib/armv7e-m/fpu\libc_nano.a(lib_a-fstatr.o)
 .ARM.attributes
                0x00000bbb       0x34 c:/ac6/systemworkbench/plugins/fr.ac6.mcu.externaltools.arm-none.win32_1.7.0.201602121829/tools/compiler/bin/../lib/gcc/arm-none-eabi/5.2.1/../../../../arm-none-eabi/lib/armv7e-m/fpu\libc_nano.a(lib_a-isattyr.o)
 .ARM.attributes
                0x00000bef       0x34 c:/ac6/systemworkbench/plugins/fr.ac6.mcu.externaltools.arm-none.win32_1.7.0.201602121829/tools/compiler/bin/../lib/gcc/arm-none-eabi/5.2.1/../../../../arm-none-eabi/lib/armv7e-m/fpu\libc_nano.a(lib_a-lseekr.o)
 .ARM.attributes
                0x00000c23       0x20 c:/ac6/systemworkbench/plugins/fr.ac6.mcu.externaltools.arm-none.win32_1.7.0.201602121829/tools/compiler/bin/../lib/gcc/arm-none-eabi/5.2.1/../../../../arm-none-eabi/lib/armv7e-m/fpu\libc_nano.a(lib_a-memchr.o)
 .ARM.attributes
                0x00000c43       0x34 c:/ac6/systemworkbench/plugins/fr.ac6.mcu.externaltools.arm-none.win32_1.7.0.201602121829/tools/compiler/bin/../lib/gcc/arm-none-eabi/5.2.1/../../../../arm-none-eabi/lib/armv7e-m/fpu\libc_nano.a(lib_a-readr.o)
 .ARM.attributes
                0x00000c77       0x34 c:/ac6/systemworkbench/plugins/fr.ac6.mcu.externaltools.arm-none.win32_1.7.0.201602121829/tools/compiler/bin/../lib/gcc/arm-none-eabi/5.2.1/armv7e-m/fpu/crtend.o
 .ARM.attributes
                0x00000cab       0x22 c:/ac6/systemworkbench/plugins/fr.ac6.mcu.externaltools.arm-none.win32_1.7.0.201602121829/tools/compiler/bin/../lib/gcc/arm-none-eabi/5.2.1/armv7e-m/fpu/crtn.o
OUTPUT(USART_INT.elf elf32-littlearm)

.debug_line     0x00000000     0x8470
 .debug_line    0x00000000       0xae Drivers/CMSIS/Device/ST/STM32F4xx/Source/Templates/gcc/startup_stm32f411xe.o
 .debug_line    0x000000ae      0x7c0 Drivers/CMSIS/Device/ST/STM32F4xx/Source/Templates/system_stm32f4xx.o
 .debug_line    0x0000086e      0x8f0 Drivers/STM32F4xx_HAL_Driver/Src/stm32f4xx_hal.o
 .debug_line    0x0000115e      0x964 Drivers/STM32F4xx_HAL_Driver/Src/stm32f4xx_hal_cortex.o
 .debug_line    0x00001ac2      0xa75 Drivers/STM32F4xx_HAL_Driver/Src/stm32f4xx_hal_dma.o
 .debug_line    0x00002537      0x919 Drivers/STM32F4xx_HAL_Driver/Src/stm32f4xx_hal_gpio.o
 .debug_line    0x00002e50      0xa71 Drivers/STM32F4xx_HAL_Driver/Src/stm32f4xx_hal_rcc.o
 .debug_line    0x000038c1      0xeef Drivers/STM32F4xx_HAL_Driver/Src/stm32f4xx_hal_uart.o
 .debug_line    0x000047b0      0xc5d Src/AccelStepper.o
 .debug_line    0x0000540d      0x3af Src/crc32.o
 .debug_line    0x000057bc      0x484 Src/frame.o
 .debug_line    0x00005c40      0x41b Src/inet.o
 .debug_line    0x0000605b      0x946 Src/main.o
 .debug_line    0x000069a1      0x63a Src/message.o
 .debug_line    0x00006fdb      0x7ce Src/stm32f4xx_hal_msp.o
 .debug_line    0x000077a9      0x77f Src/stm32f4xx_it.o
 .debug_line    0x00007f28      0x548 Src/syscalls.o

.debug_info     0x00000000     0xad20
 .debug_info    0x00000000       0xab Drivers/CMSIS/Device/ST/STM32F4xx/Source/Templates/gcc/startup_stm32f411xe.o
 .debug_info    0x000000ab      0x4da Drivers/CMSIS/Device/ST/STM32F4xx/Source/Templates/system_stm32f4xx.o
 .debug_info    0x00000585      0x874 Drivers/STM32F4xx_HAL_Driver/Src/stm32f4xx_hal.o
 .debug_info    0x00000df9      0xdda Drivers/STM32F4xx_HAL_Driver/Src/stm32f4xx_hal_cortex.o
 .debug_info    0x00001bd3      0xa22 Drivers/STM32F4xx_HAL_Driver/Src/stm32f4xx_hal_dma.o
 .debug_info    0x000025f5      0x74b Drivers/STM32F4xx_HAL_Driver/Src/stm32f4xx_hal_gpio.o
 .debug_info    0x00002d40      0xcac Drivers/STM32F4xx_HAL_Driver/Src/stm32f4xx_hal_rcc.o
 .debug_info    0x000039ec     0x1288 Drivers/STM32F4xx_HAL_Driver/Src/stm32f4xx_hal_uart.o
 .debug_info    0x00004c74     0x12f9 Src/AccelStepper.o
 .debug_info    0x00005f6d      0x148 Src/crc32.o
 .debug_info    0x000060b5      0x3db Src/frame.o
 .debug_info    0x00006490      0x15d Src/inet.o
 .debug_info    0x000065ed     0x2264 Src/main.o
 .debug_info    0x00008851      0xc58 Src/message.o
 .debug_info    0x000094a9      0xc0b Src/stm32f4xx_hal_msp.o
 .debug_info    0x0000a0b4      0x59d Src/stm32f4xx_it.o
 .debug_info    0x0000a651      0x6cf Src/syscalls.o

.debug_abbrev   0x00000000     0x2314
 .debug_abbrev  0x00000000       0x12 Drivers/CMSIS/Device/ST/STM32F4xx/Source/Templates/gcc/startup_stm32f411xe.o
 .debug_abbrev  0x00000012      0x104 Drivers/CMSIS/Device/ST/STM32F4xx/Source/Templates/system_stm32f4xx.o
 .debug_abbrev  0x00000116      0x272 Drivers/STM32F4xx_HAL_Driver/Src/stm32f4xx_hal.o
 .debug_abbrev  0x00000388      0x332 Drivers/STM32F4xx_HAL_Driver/Src/stm32f4xx_hal_cortex.o
 .debug_abbrev  0x000006ba      0x299 Drivers/STM32F4xx_HAL_Driver/Src/stm32f4xx_hal_dma.o
 .debug_abbrev  0x00000953      0x1cb Drivers/STM32F4xx_HAL_Driver/Src/stm32f4xx_hal_gpio.o
 .debug_abbrev  0x00000b1e      0x321 Drivers/STM32F4xx_HAL_Driver/Src/stm32f4xx_hal_rcc.o
 .debug_abbrev  0x00000e3f      0x2fe Drivers/STM32F4xx_HAL_Driver/Src/stm32f4xx_hal_uart.o
 .debug_abbrev  0x0000113d      0x3da Src/AccelStepper.o
 .debug_abbrev  0x00001517       0xb9 Src/crc32.o
 .debug_abbrev  0x000015d0      0x18f Src/frame.o
 .debug_abbrev  0x0000175f       0xd6 Src/inet.o
 .debug_abbrev  0x00001835      0x3a2 Src/main.o
 .debug_abbrev  0x00001bd7      0x1ff Src/message.o
 .debug_abbrev  0x00001dd6      0x1c7 Src/stm32f4xx_hal_msp.o
 .debug_abbrev  0x00001f9d      0x162 Src/stm32f4xx_it.o
 .debug_abbrev  0x000020ff      0x215 Src/syscalls.o

.debug_aranges  0x00000000      0x7f0
 .debug_aranges
                0x00000000       0x28 Drivers/CMSIS/Device/ST/STM32F4xx/Source/Templates/gcc/startup_stm32f411xe.o
 .debug_aranges
                0x00000028       0x28 Drivers/CMSIS/Device/ST/STM32F4xx/Source/Templates/system_stm32f4xx.o
 .debug_aranges
                0x00000050       0xb8 Drivers/STM32F4xx_HAL_Driver/Src/stm32f4xx_hal.o
 .debug_aranges
                0x00000108       0x98 Drivers/STM32F4xx_HAL_Driver/Src/stm32f4xx_hal_cortex.o
 .debug_aranges
                0x000001a0       0x80 Drivers/STM32F4xx_HAL_Driver/Src/stm32f4xx_hal_dma.o
 .debug_aranges
                0x00000220       0x58 Drivers/STM32F4xx_HAL_Driver/Src/stm32f4xx_hal_gpio.o
 .debug_aranges
                0x00000278       0x80 Drivers/STM32F4xx_HAL_Driver/Src/stm32f4xx_hal_rcc.o
 .debug_aranges
                0x000002f8      0x120 Drivers/STM32F4xx_HAL_Driver/Src/stm32f4xx_hal_uart.o
 .debug_aranges
                0x00000418      0x150 Src/AccelStepper.o
 .debug_aranges
                0x00000568       0x20 Src/crc32.o
 .debug_aranges
                0x00000588       0x28 Src/frame.o
 .debug_aranges
                0x000005b0       0x30 Src/inet.o
 .debug_aranges
                0x000005e0       0x60 Src/main.o
 .debug_aranges
                0x00000640       0xa8 Src/message.o
 .debug_aranges
                0x000006e8       0x30 Src/stm32f4xx_hal_msp.o
 .debug_aranges
                0x00000718       0x28 Src/stm32f4xx_it.o
 .debug_aranges
                0x00000740       0xb0 Src/syscalls.o

.debug_ranges   0x00000000      0xa80
 .debug_ranges  0x00000000       0x20 Drivers/CMSIS/Device/ST/STM32F4xx/Source/Templates/gcc/startup_stm32f411xe.o
 .debug_ranges  0x00000020       0x18 Drivers/CMSIS/Device/ST/STM32F4xx/Source/Templates/system_stm32f4xx.o
 .debug_ranges  0x00000038       0xa8 Drivers/STM32F4xx_HAL_Driver/Src/stm32f4xx_hal.o
 .debug_ranges  0x000000e0      0x148 Drivers/STM32F4xx_HAL_Driver/Src/stm32f4xx_hal_cortex.o
 .debug_ranges  0x00000228       0xa8 Drivers/STM32F4xx_HAL_Driver/Src/stm32f4xx_hal_dma.o
 .debug_ranges  0x000002d0       0x70 Drivers/STM32F4xx_HAL_Driver/Src/stm32f4xx_hal_gpio.o
 .debug_ranges  0x00000340      0x150 Drivers/STM32F4xx_HAL_Driver/Src/stm32f4xx_hal_rcc.o
 .debug_ranges  0x00000490      0x128 Drivers/STM32F4xx_HAL_Driver/Src/stm32f4xx_hal_uart.o
 .debug_ranges  0x000005b8      0x198 Src/AccelStepper.o
 .debug_ranges  0x00000750       0x10 Src/crc32.o
 .debug_ranges  0x00000760       0x48 Src/frame.o
 .debug_ranges  0x000007a8       0x20 Src/inet.o
 .debug_ranges  0x000007c8       0x80 Src/main.o
 .debug_ranges  0x00000848      0x130 Src/message.o
 .debug_ranges  0x00000978       0x50 Src/stm32f4xx_hal_msp.o
 .debug_ranges  0x000009c8       0x18 Src/stm32f4xx_it.o
 .debug_ranges  0x000009e0       0xa0 Src/syscalls.o

.debug_loc      0x00000000     0x45d8
 .debug_loc     0x00000000       0xd7 Drivers/CMSIS/Device/ST/STM32F4xx/Source/Templates/system_stm32f4xx.o
 .debug_loc     0x000000d7       0x92 Drivers/STM32F4xx_HAL_Driver/Src/stm32f4xx_hal.o
 .debug_loc     0x00000169      0x4ab Drivers/STM32F4xx_HAL_Driver/Src/stm32f4xx_hal_cortex.o
 .debug_loc     0x00000614      0x755 Drivers/STM32F4xx_HAL_Driver/Src/stm32f4xx_hal_dma.o
 .debug_loc     0x00000d69      0x370 Drivers/STM32F4xx_HAL_Driver/Src/stm32f4xx_hal_gpio.o
 .debug_loc     0x000010d9      0x49b Drivers/STM32F4xx_HAL_Driver/Src/stm32f4xx_hal_rcc.o
 .debug_loc     0x00001574     0x1194 Drivers/STM32F4xx_HAL_Driver/Src/stm32f4xx_hal_uart.o
 .debug_loc     0x00002708      0xdcf Src/AccelStepper.o
 .debug_loc     0x000034d7       0xa0 Src/crc32.o
 .debug_loc     0x00003577      0x2bc Src/frame.o
 .debug_loc     0x00003833       0x63 Src/inet.o
 .debug_loc     0x00003896      0x1fb Src/main.o
 .debug_loc     0x00003a91      0x7f7 Src/message.o
 .debug_loc     0x00004288       0x7f Src/stm32f4xx_hal_msp.o
 .debug_loc     0x00004307      0x2d1 Src/syscalls.o

.debug_macro    0x00000000    0x102c4
 .debug_macro   0x00000000      0x2cb Drivers/CMSIS/Device/ST/STM32F4xx/Source/Templates/system_stm32f4xx.o
 .debug_macro   0x000002cb      0x8aa Drivers/CMSIS/Device/ST/STM32F4xx/Source/Templates/system_stm32f4xx.o
 .debug_macro   0x00000b75       0x2b Drivers/CMSIS/Device/ST/STM32F4xx/Source/Templates/system_stm32f4xx.o
 .debug_macro   0x00000ba0       0x28 Drivers/CMSIS/Device/ST/STM32F4xx/Source/Templates/system_stm32f4xx.o
 .debug_macro   0x00000bc8       0x22 Drivers/CMSIS/Device/ST/STM32F4xx/Source/Templates/system_stm32f4xx.o
 .debug_macro   0x00000bea       0x44 Drivers/CMSIS/Device/ST/STM32F4xx/Source/Templates/system_stm32f4xx.o
 .debug_macro   0x00000c2e       0xfd Drivers/CMSIS/Device/ST/STM32F4xx/Source/Templates/system_stm32f4xx.o
 .debug_macro   0x00000d2b       0x22 Drivers/CMSIS/Device/ST/STM32F4xx/Source/Templates/system_stm32f4xx.o
 .debug_macro   0x00000d4d      0x1df Drivers/CMSIS/Device/ST/STM32F4xx/Source/Templates/system_stm32f4xx.o
 .debug_macro   0x00000f2c       0x35 Drivers/CMSIS/Device/ST/STM32F4xx/Source/Templates/system_stm32f4xx.o
 .debug_macro   0x00000f61       0x50 Drivers/CMSIS/Device/ST/STM32F4xx/Source/Templates/system_stm32f4xx.o
 .debug_macro   0x00000fb1      0xe66 Drivers/CMSIS/Device/ST/STM32F4xx/Source/Templates/system_stm32f4xx.o
 .debug_macro   0x00001e17     0x5102 Drivers/CMSIS/Device/ST/STM32F4xx/Source/Templates/system_stm32f4xx.o
 .debug_macro   0x00006f19       0x43 Drivers/CMSIS/Device/ST/STM32F4xx/Source/Templates/system_stm32f4xx.o
 .debug_macro   0x00006f5c       0x5e Drivers/CMSIS/Device/ST/STM32F4xx/Source/Templates/system_stm32f4xx.o
 .debug_macro   0x00006fba      0x1aa Drivers/CMSIS/Device/ST/STM32F4xx/Source/Templates/system_stm32f4xx.o
 .debug_macro   0x00007164     0x347f Drivers/CMSIS/Device/ST/STM32F4xx/Source/Templates/system_stm32f4xx.o
 .debug_macro   0x0000a5e3       0x58 Drivers/CMSIS/Device/ST/STM32F4xx/Source/Templates/system_stm32f4xx.o
 .debug_macro   0x0000a63b       0x35 Drivers/CMSIS/Device/ST/STM32F4xx/Source/Templates/system_stm32f4xx.o
 .debug_macro   0x0000a670       0x9c Drivers/CMSIS/Device/ST/STM32F4xx/Source/Templates/system_stm32f4xx.o
 .debug_macro   0x0000a70c       0x16 Drivers/CMSIS/Device/ST/STM32F4xx/Source/Templates/system_stm32f4xx.o
 .debug_macro   0x0000a722       0x97 Drivers/CMSIS/Device/ST/STM32F4xx/Source/Templates/system_stm32f4xx.o
 .debug_macro   0x0000a7b9      0x329 Drivers/CMSIS/Device/ST/STM32F4xx/Source/Templates/system_stm32f4xx.o
 .debug_macro   0x0000aae2       0xfd Drivers/CMSIS/Device/ST/STM32F4xx/Source/Templates/system_stm32f4xx.o
 .debug_macro   0x0000abdf       0x10 Drivers/CMSIS/Device/ST/STM32F4xx/Source/Templates/system_stm32f4xx.o
 .debug_macro   0x0000abef       0x52 Drivers/CMSIS/Device/ST/STM32F4xx/Source/Templates/system_stm32f4xx.o
 .debug_macro   0x0000ac41       0x16 Drivers/CMSIS/Device/ST/STM32F4xx/Source/Templates/system_stm32f4xx.o
 .debug_macro   0x0000ac57       0x43 Drivers/CMSIS/Device/ST/STM32F4xx/Source/Templates/system_stm32f4xx.o
 .debug_macro   0x0000ac9a      0x187 Drivers/CMSIS/Device/ST/STM32F4xx/Source/Templates/system_stm32f4xx.o
 .debug_macro   0x0000ae21       0x10 Drivers/CMSIS/Device/ST/STM32F4xx/Source/Templates/system_stm32f4xx.o
 .debug_macro   0x0000ae31       0x22 Drivers/CMSIS/Device/ST/STM32F4xx/Source/Templates/system_stm32f4xx.o
 .debug_macro   0x0000ae53       0x3a Drivers/CMSIS/Device/ST/STM32F4xx/Source/Templates/system_stm32f4xx.o
 .debug_macro   0x0000ae8d       0x10 Drivers/CMSIS/Device/ST/STM32F4xx/Source/Templates/system_stm32f4xx.o
 .debug_macro   0x0000ae9d       0x40 Drivers/CMSIS/Device/ST/STM32F4xx/Source/Templates/system_stm32f4xx.o
 .debug_macro   0x0000aedd       0x65 Drivers/CMSIS/Device/ST/STM32F4xx/Source/Templates/system_stm32f4xx.o
 .debug_macro   0x0000af42       0x16 Drivers/CMSIS/Device/ST/STM32F4xx/Source/Templates/system_stm32f4xx.o
 .debug_macro   0x0000af58      0x197 Drivers/CMSIS/Device/ST/STM32F4xx/Source/Templates/system_stm32f4xx.o
 .debug_macro   0x0000b0ef       0x50 Drivers/CMSIS/Device/ST/STM32F4xx/Source/Templates/system_stm32f4xx.o
 .debug_macro   0x0000b13f      0x45c Drivers/CMSIS/Device/ST/STM32F4xx/Source/Templates/system_stm32f4xx.o
 .debug_macro   0x0000b59b      0x9e1 Drivers/CMSIS/Device/ST/STM32F4xx/Source/Templates/system_stm32f4xx.o
 .debug_macro   0x0000bf7c      0x11e Drivers/CMSIS/Device/ST/STM32F4xx/Source/Templates/system_stm32f4xx.o
 .debug_macro   0x0000c09a      0x11b Drivers/CMSIS/Device/ST/STM32F4xx/Source/Templates/system_stm32f4xx.o
 .debug_macro   0x0000c1b5       0x27 Drivers/CMSIS/Device/ST/STM32F4xx/Source/Templates/system_stm32f4xx.o
 .debug_macro   0x0000c1dc      0x287 Drivers/CMSIS/Device/ST/STM32F4xx/Source/Templates/system_stm32f4xx.o
 .debug_macro   0x0000c463       0x5f Drivers/CMSIS/Device/ST/STM32F4xx/Source/Templates/system_stm32f4xx.o
 .debug_macro   0x0000c4c2      0x23a Drivers/CMSIS/Device/ST/STM32F4xx/Source/Templates/system_stm32f4xx.o
 .debug_macro   0x0000c6fc      0x13a Drivers/CMSIS/Device/ST/STM32F4xx/Source/Templates/system_stm32f4xx.o
 .debug_macro   0x0000c836      0x264 Drivers/CMSIS/Device/ST/STM32F4xx/Source/Templates/system_stm32f4xx.o
 .debug_macro   0x0000ca9a       0x2e Drivers/CMSIS/Device/ST/STM32F4xx/Source/Templates/system_stm32f4xx.o
 .debug_macro   0x0000cac8      0x11e Drivers/CMSIS/Device/ST/STM32F4xx/Source/Templates/system_stm32f4xx.o
 .debug_macro   0x0000cbe6       0x85 Drivers/CMSIS/Device/ST/STM32F4xx/Source/Templates/system_stm32f4xx.o
 .debug_macro   0x0000cc6b       0x89 Drivers/CMSIS/Device/ST/STM32F4xx/Source/Templates/system_stm32f4xx.o
 .debug_macro   0x0000ccf4      0x287 Drivers/CMSIS/Device/ST/STM32F4xx/Source/Templates/system_stm32f4xx.o
 .debug_macro   0x0000cf7b      0x11e Drivers/CMSIS/Device/ST/STM32F4xx/Source/Templates/system_stm32f4xx.o
 .debug_macro   0x0000d099      0x313 Drivers/STM32F4xx_HAL_Driver/Src/stm32f4xx_hal.o
 .debug_macro   0x0000d3ac      0x2c5 Drivers/STM32F4xx_HAL_Driver/Src/stm32f4xx_hal_cortex.o
 .debug_macro   0x0000d671      0x2cc Drivers/STM32F4xx_HAL_Driver/Src/stm32f4xx_hal_dma.o
 .debug_macro   0x0000d93d      0x2fd Drivers/STM32F4xx_HAL_Driver/Src/stm32f4xx_hal_gpio.o
 .debug_macro   0x0000dc3a      0x2ef Drivers/STM32F4xx_HAL_Driver/Src/stm32f4xx_hal_rcc.o
 .debug_macro   0x0000df29      0x2c6 Drivers/STM32F4xx_HAL_Driver/Src/stm32f4xx_hal_uart.o
 .debug_macro   0x0000e1ef      0x2df Src/AccelStepper.o
 .debug_macro   0x0000e4ce      0x174 Src/AccelStepper.o
 .debug_macro   0x0000e642       0x4a Src/AccelStepper.o
 .debug_macro   0x0000e68c      0x1e1 Src/AccelStepper.o
 .debug_macro   0x0000e86d       0x1c Src/AccelStepper.o
 .debug_macro   0x0000e889       0x35 Src/AccelStepper.o
 .debug_macro   0x0000e8be       0xb2 Src/AccelStepper.o
 .debug_macro   0x0000e970      0x135 Src/crc32.o
 .debug_macro   0x0000eaa5      0x1e5 Src/frame.o
 .debug_macro   0x0000ec8a       0x1c Src/frame.o
 .debug_macro   0x0000eca6       0x16 Src/frame.o
 .debug_macro   0x0000ecbc       0x16 Src/frame.o
 .debug_macro   0x0000ecd2       0x29 Src/frame.o
 .debug_macro   0x0000ecfb       0x16 Src/frame.o
 .debug_macro   0x0000ed11      0x1a7 Src/inet.o
 .debug_macro   0x0000eeb8      0x10e Src/inet.o
 .debug_macro   0x0000efc6       0x8d Src/inet.o
 .debug_macro   0x0000f053       0x10 Src/inet.o
 .debug_macro   0x0000f063      0x2fa Src/main.o
 .debug_macro   0x0000f35d       0x10 Src/main.o
 .debug_macro   0x0000f36d      0x1eb Src/message.o
 .debug_macro   0x0000f558       0x10 Src/message.o
 .debug_macro   0x0000f568      0x2c5 Src/stm32f4xx_hal_msp.o
 .debug_macro   0x0000f82d      0x2cf Src/stm32f4xx_it.o
 .debug_macro   0x0000fafc      0x1f9 Src/syscalls.o
 .debug_macro   0x0000fcf5       0x10 Src/syscalls.o
 .debug_macro   0x0000fd05       0x10 Src/syscalls.o
 .debug_macro   0x0000fd15       0x10 Src/syscalls.o
 .debug_macro   0x0000fd25       0x35 Src/syscalls.o
 .debug_macro   0x0000fd5a      0x122 Src/syscalls.o
 .debug_macro   0x0000fe7c       0x10 Src/syscalls.o
 .debug_macro   0x0000fe8c      0x241 Src/syscalls.o
 .debug_macro   0x000100cd      0x159 Src/syscalls.o
 .debug_macro   0x00010226       0x16 Src/syscalls.o
 .debug_macro   0x0001023c       0x88 Src/syscalls.o

.debug_str      0x00000000    0x55901
 .debug_str     0x00000000    0x50eac Drivers/CMSIS/Device/ST/STM32F4xx/Source/Templates/system_stm32f4xx.o
                              0x51157 (size before relaxing)
 .debug_str     0x00050eac      0x889 Drivers/STM32F4xx_HAL_Driver/Src/stm32f4xx_hal.o
                              0x519c1 (size before relaxing)
 .debug_str     0x00051735      0x32a Drivers/STM32F4xx_HAL_Driver/Src/stm32f4xx_hal_cortex.o
                              0x5181a (size before relaxing)
 .debug_str     0x00051a5f      0x53f Drivers/STM32F4xx_HAL_Driver/Src/stm32f4xx_hal_dma.o
                              0x5152f (size before relaxing)
 .debug_str     0x00051f9e      0x2e7 Drivers/STM32F4xx_HAL_Driver/Src/stm32f4xx_hal_gpio.o
                              0x513ae (size before relaxing)
 .debug_str     0x00052285      0x37d Drivers/STM32F4xx_HAL_Driver/Src/stm32f4xx_hal_rcc.o
                              0x5153d (size before relaxing)
 .debug_str     0x00052602      0x50e Drivers/STM32F4xx_HAL_Driver/Src/stm32f4xx_hal_uart.o
                              0x517a2 (size before relaxing)
 .debug_str     0x00052b10     0x1107 Src/AccelStepper.o
                              0x5215d (size before relaxing)
 .debug_str     0x00053c17       0x2f Src/crc32.o
                               0x573b (size before relaxing)
 .debug_str     0x00053c46      0x36e Src/frame.o
                               0x6f73 (size before relaxing)
 .debug_str     0x00053fb4       0x2f Src/inet.o
                               0x6cde (size before relaxing)
 .debug_str     0x00053fe3      0x6fe Src/main.o
                              0x52755 (size before relaxing)
 .debug_str     0x000546e1      0x138 Src/message.o
                               0x717d (size before relaxing)
 .debug_str     0x00054819       0x4b Src/stm32f4xx_hal_msp.o
                              0x51913 (size before relaxing)
 .debug_str     0x00054864       0x4a Src/stm32f4xx_it.o
                              0x513c0 (size before relaxing)
 .debug_str     0x000548ae     0x1053 Src/syscalls.o
                               0x734d (size before relaxing)

.comment        0x00000000       0x6e
 .comment       0x00000000       0x6e Drivers/CMSIS/Device/ST/STM32F4xx/Source/Templates/system_stm32f4xx.o
                                 0x6f (size before relaxing)
 .comment       0x0000006e       0x6f Drivers/STM32F4xx_HAL_Driver/Src/stm32f4xx_hal.o
 .comment       0x0000006e       0x6f Drivers/STM32F4xx_HAL_Driver/Src/stm32f4xx_hal_cortex.o
 .comment       0x0000006e       0x6f Drivers/STM32F4xx_HAL_Driver/Src/stm32f4xx_hal_dma.o
 .comment       0x0000006e       0x6f Drivers/STM32F4xx_HAL_Driver/Src/stm32f4xx_hal_gpio.o
 .comment       0x0000006e       0x6f Drivers/STM32F4xx_HAL_Driver/Src/stm32f4xx_hal_rcc.o
 .comment       0x0000006e       0x6f Drivers/STM32F4xx_HAL_Driver/Src/stm32f4xx_hal_uart.o
 .comment       0x0000006e       0x6f Src/AccelStepper.o
 .comment       0x0000006e       0x6f Src/crc32.o
 .comment       0x0000006e       0x6f Src/frame.o
 .comment       0x0000006e       0x6f Src/inet.o
 .comment       0x0000006e       0x6f Src/main.o
 .comment       0x0000006e       0x6f Src/message.o
 .comment       0x0000006e       0x6f Src/stm32f4xx_hal_msp.o
 .comment       0x0000006e       0x6f Src/stm32f4xx_it.o
 .comment       0x0000006e       0x6f Src/syscalls.o

.debug_frame    0x00000000     0x1e00
 .debug_frame   0x00000000       0x30 Drivers/CMSIS/Device/ST/STM32F4xx/Source/Templates/system_stm32f4xx.o
 .debug_frame   0x00000030      0x184 Drivers/STM32F4xx_HAL_Driver/Src/stm32f4xx_hal.o
 .debug_frame   0x000001b4      0x130 Drivers/STM32F4xx_HAL_Driver/Src/stm32f4xx_hal_cortex.o
 .debug_frame   0x000002e4      0x154 Drivers/STM32F4xx_HAL_Driver/Src/stm32f4xx_hal_dma.o
 .debug_frame   0x00000438       0xd4 Drivers/STM32F4xx_HAL_Driver/Src/stm32f4xx_hal_gpio.o
 .debug_frame   0x0000050c      0x138 Drivers/STM32F4xx_HAL_Driver/Src/stm32f4xx_hal_rcc.o
 .debug_frame   0x00000644      0x374 Drivers/STM32F4xx_HAL_Driver/Src/stm32f4xx_hal_uart.o
 .debug_frame   0x000009b8      0x3e4 Src/AccelStepper.o
 .debug_frame   0x00000d9c       0x28 Src/crc32.o
 .debug_frame   0x00000dc4       0x54 Src/frame.o
 .debug_frame   0x00000e18       0x50 Src/inet.o
 .debug_frame   0x00000e68      0x130 Src/main.o
 .debug_frame   0x00000f98      0x240 Src/message.o
 .debug_frame   0x000011d8       0x74 Src/stm32f4xx_hal_msp.o
 .debug_frame   0x0000124c       0x3c Src/stm32f4xx_it.o
 .debug_frame   0x00001288      0x15c Src/syscalls.o
 .debug_frame   0x000013e4       0x60 c:/ac6/systemworkbench/plugins/fr.ac6.mcu.externaltools.arm-none.win32_1.7.0.201602121829/tools/compiler/bin/../lib/gcc/arm-none-eabi/5.2.1/../../../../arm-none-eabi/lib/armv7e-m/fpu\libm.a(lib_a-w_sqrt.o)
 .debug_frame   0x00001444       0x30 c:/ac6/systemworkbench/plugins/fr.ac6.mcu.externaltools.arm-none.win32_1.7.0.201602121829/tools/compiler/bin/../lib/gcc/arm-none-eabi/5.2.1/../../../../arm-none-eabi/lib/armv7e-m/fpu\libm.a(lib_a-e_sqrt.o)
 .debug_frame   0x00001474       0x34 c:/ac6/systemworkbench/plugins/fr.ac6.mcu.externaltools.arm-none.win32_1.7.0.201602121829/tools/compiler/bin/../lib/gcc/arm-none-eabi/5.2.1/../../../../arm-none-eabi/lib/armv7e-m/fpu\libm.a(lib_a-s_fpclassify.o)
 .debug_frame   0x000014a8       0x20 c:/ac6/systemworkbench/plugins/fr.ac6.mcu.externaltools.arm-none.win32_1.7.0.201602121829/tools/compiler/bin/../lib/gcc/arm-none-eabi/5.2.1/../../../../arm-none-eabi/lib/armv7e-m/fpu\libm.a(lib_a-s_matherr.o)
 .debug_frame   0x000014c8       0x28 c:/ac6/systemworkbench/plugins/fr.ac6.mcu.externaltools.arm-none.win32_1.7.0.201602121829/tools/compiler/bin/../lib/gcc/arm-none-eabi/5.2.1/../../../../arm-none-eabi/lib/armv7e-m/fpu\libc_nano.a(lib_a-abort.o)
 .debug_frame   0x000014f0       0x20 c:/ac6/systemworkbench/plugins/fr.ac6.mcu.externaltools.arm-none.win32_1.7.0.201602121829/tools/compiler/bin/../lib/gcc/arm-none-eabi/5.2.1/../../../../arm-none-eabi/lib/armv7e-m/fpu\libc_nano.a(lib_a-errno.o)
 .debug_frame   0x00001510       0x2c c:/ac6/systemworkbench/plugins/fr.ac6.mcu.externaltools.arm-none.win32_1.7.0.201602121829/tools/compiler/bin/../lib/gcc/arm-none-eabi/5.2.1/../../../../arm-none-eabi/lib/armv7e-m/fpu\libc_nano.a(lib_a-init.o)
 .debug_frame   0x0000153c       0x30 c:/ac6/systemworkbench/plugins/fr.ac6.mcu.externaltools.arm-none.win32_1.7.0.201602121829/tools/compiler/bin/../lib/gcc/arm-none-eabi/5.2.1/../../../../arm-none-eabi/lib/armv7e-m/fpu\libc_nano.a(lib_a-malloc.o)
 .debug_frame   0x0000156c       0x28 c:/ac6/systemworkbench/plugins/fr.ac6.mcu.externaltools.arm-none.win32_1.7.0.201602121829/tools/compiler/bin/../lib/gcc/arm-none-eabi/5.2.1/../../../../arm-none-eabi/lib/armv7e-m/fpu\libc_nano.a(lib_a-memcpy-stub.o)
 .debug_frame   0x00001594       0x20 c:/ac6/systemworkbench/plugins/fr.ac6.mcu.externaltools.arm-none.win32_1.7.0.201602121829/tools/compiler/bin/../lib/gcc/arm-none-eabi/5.2.1/../../../../arm-none-eabi/lib/armv7e-m/fpu\libc_nano.a(lib_a-memset.o)
 .debug_frame   0x000015b4       0x2c c:/ac6/systemworkbench/plugins/fr.ac6.mcu.externaltools.arm-none.win32_1.7.0.201602121829/tools/compiler/bin/../lib/gcc/arm-none-eabi/5.2.1/../../../../arm-none-eabi/lib/armv7e-m/fpu\libc_nano.a(lib_a-nano-freer.o)
 .debug_frame   0x000015e0       0x2c c:/ac6/systemworkbench/plugins/fr.ac6.mcu.externaltools.arm-none.win32_1.7.0.201602121829/tools/compiler/bin/../lib/gcc/arm-none-eabi/5.2.1/../../../../arm-none-eabi/lib/armv7e-m/fpu\libc_nano.a(lib_a-nano-mallocr.o)
 .debug_frame   0x0000160c       0x74 c:/ac6/systemworkbench/plugins/fr.ac6.mcu.externaltools.arm-none.win32_1.7.0.201602121829/tools/compiler/bin/../lib/gcc/arm-none-eabi/5.2.1/../../../../arm-none-eabi/lib/armv7e-m/fpu\libc_nano.a(lib_a-printf.o)
 .debug_frame   0x00001680       0x58 c:/ac6/systemworkbench/plugins/fr.ac6.mcu.externaltools.arm-none.win32_1.7.0.201602121829/tools/compiler/bin/../lib/gcc/arm-none-eabi/5.2.1/../../../../arm-none-eabi/lib/armv7e-m/fpu\libc_nano.a(lib_a-putchar.o)
 .debug_frame   0x000016d8       0x3c c:/ac6/systemworkbench/plugins/fr.ac6.mcu.externaltools.arm-none.win32_1.7.0.201602121829/tools/compiler/bin/../lib/gcc/arm-none-eabi/5.2.1/../../../../arm-none-eabi/lib/armv7e-m/fpu\libc_nano.a(lib_a-puts.o)
 .debug_frame   0x00001714       0x5c c:/ac6/systemworkbench/plugins/fr.ac6.mcu.externaltools.arm-none.win32_1.7.0.201602121829/tools/compiler/bin/../lib/gcc/arm-none-eabi/5.2.1/../../../../arm-none-eabi/lib/armv7e-m/fpu\libc_nano.a(lib_a-reent.o)
 .debug_frame   0x00001770       0x2c c:/ac6/systemworkbench/plugins/fr.ac6.mcu.externaltools.arm-none.win32_1.7.0.201602121829/tools/compiler/bin/../lib/gcc/arm-none-eabi/5.2.1/../../../../arm-none-eabi/lib/armv7e-m/fpu\libc_nano.a(lib_a-sbrkr.o)
 .debug_frame   0x0000179c       0xcc c:/ac6/systemworkbench/plugins/fr.ac6.mcu.externaltools.arm-none.win32_1.7.0.201602121829/tools/compiler/bin/../lib/gcc/arm-none-eabi/5.2.1/../../../../arm-none-eabi/lib/armv7e-m/fpu\libc_nano.a(lib_a-signal.o)
 .debug_frame   0x00001868       0x3c c:/ac6/systemworkbench/plugins/fr.ac6.mcu.externaltools.arm-none.win32_1.7.0.201602121829/tools/compiler/bin/../lib/gcc/arm-none-eabi/5.2.1/../../../../arm-none-eabi/lib/armv7e-m/fpu\libc_nano.a(lib_a-signalr.o)
 .debug_frame   0x000018a4       0x40 c:/ac6/systemworkbench/plugins/fr.ac6.mcu.externaltools.arm-none.win32_1.7.0.201602121829/tools/compiler/bin/../lib/gcc/arm-none-eabi/5.2.1/../../../../arm-none-eabi/lib/armv7e-m/fpu\libc_nano.a(lib_a-wbuf.o)
 .debug_frame   0x000018e4       0x2c c:/ac6/systemworkbench/plugins/fr.ac6.mcu.externaltools.arm-none.win32_1.7.0.201602121829/tools/compiler/bin/../lib/gcc/arm-none-eabi/5.2.1/../../../../arm-none-eabi/lib/armv7e-m/fpu\libc_nano.a(lib_a-wsetup.o)
 .debug_frame   0x00001910       0x68 c:/ac6/systemworkbench/plugins/fr.ac6.mcu.externaltools.arm-none.win32_1.7.0.201602121829/tools/compiler/bin/../lib/gcc/arm-none-eabi/5.2.1/../../../../arm-none-eabi/lib/armv7e-m/fpu\libc_nano.a(lib_a-fflush.o)