Archive member included to satisfy reference by file (symbol)

c:/ac6/systemworkbench/plugins/fr.ac6.mcu.externaltools.arm-none.win32_1.7.0.201602121829/tools/compiler/bin/../lib/gcc/arm-none-eabi/5.2.1/armv7e-m/fpu\libgcc.a(_arm_addsubdf3.o)
                              src/AccelStepper.o (__aeabi_dsub)
c:/ac6/systemworkbench/plugins/fr.ac6.mcu.externaltools.arm-none.win32_1.7.0.201602121829/tools/compiler/bin/../lib/gcc/arm-none-eabi/5.2.1/armv7e-m/fpu\libgcc.a(_arm_muldivdf3.o)
                              src/AccelStepper.o (__aeabi_dmul)
c:/ac6/systemworkbench/plugins/fr.ac6.mcu.externaltools.arm-none.win32_1.7.0.201602121829/tools/compiler/bin/../lib/gcc/arm-none-eabi/5.2.1/armv7e-m/fpu\libgcc.a(_arm_cmpdf2.o)
                              src/stepper.o (__aeabi_dcmplt)
c:/ac6/systemworkbench/plugins/fr.ac6.mcu.externaltools.arm-none.win32_1.7.0.201602121829/tools/compiler/bin/../lib/gcc/arm-none-eabi/5.2.1/armv7e-m/fpu\libgcc.a(_arm_fixdfsi.o)
                              src/AccelStepper.o (__aeabi_d2iz)
c:/ac6/systemworkbench/plugins/fr.ac6.mcu.externaltools.arm-none.win32_1.7.0.201602121829/tools/compiler/bin/../lib/gcc/arm-none-eabi/5.2.1/armv7e-m/fpu\libgcc.a(_arm_fixunsdfsi.o)
                              src/AccelStepper.o (__aeabi_d2uiz)
c:/ac6/systemworkbench/plugins/fr.ac6.mcu.externaltools.arm-none.win32_1.7.0.201602121829/tools/compiler/bin/../lib/gcc/arm-none-eabi/5.2.1/armv7e-m/fpu\libgcc.a(_arm_truncdfsf2.o)
                              src/AccelStepper.o (__aeabi_d2f)
c:/ac6/systemworkbench/plugins/fr.ac6.mcu.externaltools.arm-none.win32_1.7.0.201602121829/tools/compiler/bin/../lib/gcc/arm-none-eabi/5.2.1/../../../../arm-none-eabi/lib/armv7e-m/fpu\libc.a(lib_a-abort.o)
                              src/frame.o (abort)
c:/ac6/systemworkbench/plugins/fr.ac6.mcu.externaltools.arm-none.win32_1.7.0.201602121829/tools/compiler/bin/../lib/gcc/arm-none-eabi/5.2.1/../../../../arm-none-eabi/lib/armv7e-m/fpu\libc.a(lib_a-errno.o)
                              src/syscalls.o (__errno)
c:/ac6/systemworkbench/plugins/fr.ac6.mcu.externaltools.arm-none.win32_1.7.0.201602121829/tools/compiler/bin/../lib/gcc/arm-none-eabi/5.2.1/../../../../arm-none-eabi/lib/armv7e-m/fpu\libc.a(lib_a-exit.o)
                              c:/ac6/systemworkbench/plugins/fr.ac6.mcu.externaltools.arm-none.win32_1.7.0.201602121829/tools/compiler/bin/../lib/gcc/arm-none-eabi/5.2.1/../../../../arm-none-eabi/lib/armv7e-m/fpu/crt0.o (exit)
c:/ac6/systemworkbench/plugins/fr.ac6.mcu.externaltools.arm-none.win32_1.7.0.201602121829/tools/compiler/bin/../lib/gcc/arm-none-eabi/5.2.1/../../../../arm-none-eabi/lib/armv7e-m/fpu\libc.a(lib_a-impure.o)
                              c:/ac6/systemworkbench/plugins/fr.ac6.mcu.externaltools.arm-none.win32_1.7.0.201602121829/tools/compiler/bin/../lib/gcc/arm-none-eabi/5.2.1/../../../../arm-none-eabi/lib/armv7e-m/fpu\libc.a(lib_a-exit.o) (_global_impure_ptr)
c:/ac6/systemworkbench/plugins/fr.ac6.mcu.externaltools.arm-none.win32_1.7.0.201602121829/tools/compiler/bin/../lib/gcc/arm-none-eabi/5.2.1/../../../../arm-none-eabi/lib/armv7e-m/fpu\libc.a(lib_a-init.o)
                              c:/ac6/systemworkbench/plugins/fr.ac6.mcu.externaltools.arm-none.win32_1.7.0.201602121829/tools/compiler/bin/../lib/gcc/arm-none-eabi/5.2.1/../../../../arm-none-eabi/lib/armv7e-m/fpu/crt0.o (__libc_init_array)
c:/ac6/systemworkbench/plugins/fr.ac6.mcu.externaltools.arm-none.win32_1.7.0.201602121829/tools/compiler/bin/../lib/gcc/arm-none-eabi/5.2.1/../../../../arm-none-eabi/lib/armv7e-m/fpu\libc.a(lib_a-malloc.o)
                              src/frame.o (malloc)
c:/ac6/systemworkbench/plugins/fr.ac6.mcu.externaltools.arm-none.win32_1.7.0.201602121829/tools/compiler/bin/../lib/gcc/arm-none-eabi/5.2.1/../../../../arm-none-eabi/lib/armv7e-m/fpu\libc.a(lib_a-mallocr.o)
                              c:/ac6/systemworkbench/plugins/fr.ac6.mcu.externaltools.arm-none.win32_1.7.0.201602121829/tools/compiler/bin/../lib/gcc/arm-none-eabi/5.2.1/../../../../arm-none-eabi/lib/armv7e-m/fpu\libc.a(lib_a-malloc.o) (_malloc_r)
c:/ac6/systemworkbench/plugins/fr.ac6.mcu.externaltools.arm-none.win32_1.7.0.201602121829/tools/compiler/bin/../lib/gcc/arm-none-eabi/5.2.1/../../../../arm-none-eabi/lib/armv7e-m/fpu\libc.a(lib_a-memcpy.o)
                              src/message.o (memcpy)
c:/ac6/systemworkbench/plugins/fr.ac6.mcu.externaltools.arm-none.win32_1.7.0.201602121829/tools/compiler/bin/../lib/gcc/arm-none-eabi/5.2.1/../../../../arm-none-eabi/lib/armv7e-m/fpu\libc.a(lib_a-memset.o)
                              c:/ac6/systemworkbench/plugins/fr.ac6.mcu.externaltools.arm-none.win32_1.7.0.201602121829/tools/compiler/bin/../lib/gcc/arm-none-eabi/5.2.1/../../../../arm-none-eabi/lib/armv7e-m/fpu/crt0.o (memset)
c:/ac6/systemworkbench/plugins/fr.ac6.mcu.externaltools.arm-none.win32_1.7.0.201602121829/tools/compiler/bin/../lib/gcc/arm-none-eabi/5.2.1/../../../../arm-none-eabi/lib/armv7e-m/fpu\libc.a(lib_a-mlock.o)
[...]
Memory Configuration

Name             Origin             Length             Attributes
FLASH            0x08000000         0x00080000         xr
RAM              0x20000000         0x00020000         xrw
*default*        0x00000000         0xffffffff

Linker script and memory map

LOAD c:/ac6/systemworkbench/plugins/fr.ac6.mcu.externaltools.arm-none.win32_1.7.0.201602121829/tools/compiler/bin/../lib/gcc/arm-none-eabi/5.2.1/armv7e-m/fpu/crti.o
LOAD c:/ac6/systemworkbench/plugins/fr.ac6.mcu.externaltools.arm-none.win32_1.7.0.201602121829/tools/compiler/bin/../lib/gcc/arm-none-eabi/5.2.1/armv7e-m/fpu/crtbegin.o
LOAD c:/ac6/systemworkbench/plugins/fr.ac6.mcu.externaltools.arm-none.win32_1.7.0.201602121829/tools/compiler/bin/../lib/gcc/arm-none-eabi/5.2.1/../../../../arm-none-eabi/lib/armv7e-m/fpu/crt0.o
LOAD c:/ac6/systemworkbench/plugins/fr.ac6.mcu.externaltools.arm-none.win32_1.7.0.201602121829/tools/compiler/bin/../lib/gcc/arm-none-eabi/5.2.1/../../../../arm-none-eabi/lib/armv7e-m/fpu\libm.a
LOAD HAL_Driver/Src/stm32f4xx_hal.o
LOAD HAL_Driver/Src/stm32f4xx_hal_adc.o
LOAD HAL_Driver/Src/stm32f4xx_hal_adc_ex.o
LOAD HAL_Driver/Src/stm32f4xx_hal_can.o
LOAD HAL_Driver/Src/stm32f4xx_hal_cec.o
LOAD HAL_Driver/Src/stm32f4xx_hal_cortex.o
LOAD HAL_Driver/Src/stm32f4xx_hal_crc.o
LOAD HAL_Driver/Src/stm32f4xx_hal_cryp.o
LOAD HAL_Driver/Src/stm32f4xx_hal_cryp_ex.o
LOAD HAL_Driver/Src/stm32f4xx_hal_dac.o
LOAD HAL_Driver/Src/stm32f4xx_hal_dac_ex.o
LOAD HAL_Driver/Src/stm32f4xx_hal_dcmi.o
LOAD HAL_Driver/Src/stm32f4xx_hal_dcmi_ex.o
LOAD HAL_Driver/Src/stm32f4xx_hal_dfsdm.o
LOAD HAL_Driver/Src/stm32f4xx_hal_dma.o
LOAD HAL_Driver/Src/stm32f4xx_hal_dma2d.o
LOAD HAL_Driver/Src/stm32f4xx_hal_dma_ex.o
LOAD HAL_Driver/Src/stm32f4xx_hal_dsi.o
LOAD HAL_Driver/Src/stm32f4xx_hal_eth.o
LOAD HAL_Driver/Src/stm32f4xx_hal_flash.o
LOAD HAL_Driver/Src/stm32f4xx_hal_flash_ex.o
LOAD HAL_Driver/Src/stm32f4xx_hal_flash_ramfunc.o
LOAD HAL_Driver/Src/stm32f4xx_hal_fmpi2c.o
LOAD HAL_Driver/Src/stm32f4xx_hal_fmpi2c_ex.o
LOAD HAL_Driver/Src/stm32f4xx_hal_gpio.o
LOAD HAL_Driver/Src/stm32f4xx_hal_hash.o
LOAD HAL_Driver/Src/stm32f4xx_hal_hash_ex.o
LOAD HAL_Driver/Src/stm32f4xx_hal_hcd.o
LOAD HAL_Driver/Src/stm32f4xx_hal_i2c.o
LOAD HAL_Driver/Src/stm32f4xx_hal_i2c_ex.o
LOAD HAL_Driver/Src/stm32f4xx_hal_i2s.o
LOAD HAL_Driver/Src/stm32f4xx_hal_i2s_ex.o
LOAD HAL_Driver/Src/stm32f4xx_hal_irda.o
LOAD HAL_Driver/Src/stm32f4xx_hal_iwdg.o
LOAD HAL_Driver/Src/stm32f4xx_hal_lptim.o
LOAD HAL_Driver/Src/stm32f4xx_hal_ltdc.o
LOAD HAL_Driver/Src/stm32f4xx_hal_ltdc_ex.o
LOAD HAL_Driver/Src/stm32f4xx_hal_nand.o
LOAD HAL_Driver/Src/stm32f4xx_hal_nor.o
LOAD HAL_Driver/Src/stm32f4xx_hal_pccard.o
LOAD HAL_Driver/Src/stm32f4xx_hal_pcd.o
LOAD HAL_Driver/Src/stm32f4xx_hal_pcd_ex.o
LOAD HAL_Driver/Src/stm32f4xx_hal_pwr.o
LOAD HAL_Driver/Src/stm32f4xx_hal_pwr_ex.o
LOAD HAL_Driver/Src/stm32f4xx_hal_qspi.o
LOAD HAL_Driver/Src/stm32f4xx_hal_rcc.o
LOAD HAL_Driver/Src/stm32f4xx_hal_rcc_ex.o
LOAD HAL_Driver/Src/stm32f4xx_hal_rng.o
LOAD HAL_Driver/Src/stm32f4xx_hal_rtc.o
LOAD HAL_Driver/Src/stm32f4xx_hal_rtc_ex.o
LOAD HAL_Driver/Src/stm32f4xx_hal_sai.o
LOAD HAL_Driver/Src/stm32f4xx_hal_sai_ex.o
LOAD HAL_Driver/Src/stm32f4xx_hal_sd.o
LOAD HAL_Driver/Src/stm32f4xx_hal_sdram.o
LOAD HAL_Driver/Src/stm32f4xx_hal_smartcard.o
LOAD HAL_Driver/Src/stm32f4xx_hal_spdifrx.o
LOAD HAL_Driver/Src/stm32f4xx_hal_spi.o
LOAD HAL_Driver/Src/stm32f4xx_hal_sram.o
LOAD HAL_Driver/Src/stm32f4xx_hal_tim.o
LOAD HAL_Driver/Src/stm32f4xx_hal_tim_ex.o
LOAD HAL_Driver/Src/stm32f4xx_hal_uart.o
LOAD HAL_Driver/Src/stm32f4xx_hal_usart.o
LOAD HAL_Driver/Src/stm32f4xx_hal_wwdg.o
LOAD HAL_Driver/Src/stm32f4xx_ll_fmc.o
LOAD HAL_Driver/Src/stm32f4xx_ll_fsmc.o
LOAD HAL_Driver/Src/stm32f4xx_ll_sdmmc.o
LOAD HAL_Driver/Src/stm32f4xx_ll_usb.o
LOAD Utilities/STM32F4xx-Nucleo/stm32f4xx_nucleo.o
LOAD src/AS4047D.o
LOAD src/AccelStepper.o
LOAD src/IRremote.o
LOAD src/adc.o
LOAD src/bootloader.o
LOAD src/crc32.o
LOAD src/dma.o
LOAD src/eeprom.o
LOAD src/encoder.o
LOAD src/frame.o
LOAD src/gpio.o
LOAD src/inet.o
LOAD src/irRecv.o
LOAD src/irSend.o
LOAD src/ir_Sony.o
LOAD src/ir_link.o
LOAD src/koruza_eeprom.o
LOAD src/main.o
LOAD src/message.o
LOAD src/spi.o
LOAD src/stepper.o
LOAD src/stm32f4xx_hal_msp.o
LOAD src/stm32f4xx_it.o
LOAD src/syscalls.o
LOAD src/system_stm32f4xx.o
LOAD src/tim.o
LOAD src/uart.o
LOAD startup/startup_stm32f411xe.o
START GROUP
LOAD c:/ac6/systemworkbench/plugins/fr.ac6.mcu.externaltools.arm-none.win32_1.7.0.201602121829/tools/compiler/bin/../lib/gcc/arm-none-eabi/5.2.1/armv7e-m/fpu\libgcc.a
LOAD c:/ac6/systemworkbench/plugins/fr.ac6.mcu.externaltools.arm-none.win32_1.7.0.201602121829/tools/compiler/bin/../lib/gcc/arm-none-eabi/5.2.1/../../../../arm-none-eabi/lib/armv7e-m/fpu\libc.a
END GROUP
LOAD c:/ac6/systemworkbench/plugins/fr.ac6.mcu.externaltools.arm-none.win32_1.7.0.201602121829/tools/compiler/bin/../lib/gcc/arm-none-eabi/5.2.1/armv7e-m/fpu/crtend.o
LOAD c:/ac6/systemworkbench/plugins/fr.ac6.mcu.externaltools.arm-none.win32_1.7.0.201602121829/tools/compiler/bin/../lib/gcc/arm-none-eabi/5.2.1/armv7e-m/fpu/crtn.o
                0x20020000                _estack = 0x20020000
                0x00000200                _Min_Heap_Size = 0x200
                0x00000400                _Min_Stack_Size = 0x400

.isr_vector     0x08000000      0x198
                0x08000000                . = ALIGN (0x4)
 *(.isr_vector)
 .isr_vector    0x08000000      0x198 startup/startup_stm32f411xe.o
                0x08000000                g_pfnVectors
                0x08000198                . = ALIGN (0x4)

.text           0x080001c0     0xc844
                0x080001c0                . = ALIGN (0x4)
 *(.text)
 .text          0x080001c0       0xa4 c:/ac6/systemworkbench/plugins/fr.ac6.mcu.externaltools.arm-none.win32_1.7.0.201602121829/tools/compiler/bin/../lib/gcc/arm-none-eabi/5.2.1/armv7e-m/fpu/crtbegin.o
 .text          0x08000264      0x370 c:/ac6/systemworkbench/plugins/fr.ac6.mcu.externaltools.arm-none.win32_1.7.0.201602121829/tools/compiler/bin/../lib/gcc/arm-none-eabi/5.2.1/armv7e-m/fpu\libgcc.a(_arm_addsubdf3.o)
                0x08000264                __aeabi_drsub
                0x0800026c                __aeabi_dsub
                0x0800026c                __subdf3
                0x08000270                __aeabi_dadd
                0x08000270                __adddf3
                0x080004e8                __floatunsidf
                0x080004e8                __aeabi_ui2d
                0x08000508                __floatsidf
                0x08000508                __aeabi_i2d
                0x0800052c                __aeabi_f2d
                0x0800052c                __extendsfdf2
                0x08000568                __floatundidf
                0x08000568                __aeabi_ul2d
                0x08000578                __floatdidf
                0x08000578                __aeabi_l2d
 .text          0x080005d4      0x424 c:/ac6/systemworkbench/plugins/fr.ac6.mcu.externaltools.arm-none.win32_1.7.0.201602121829/tools/compiler/bin/../lib/gcc/arm-none-eabi/5.2.1/armv7e-m/fpu\libgcc.a(_arm_muldivdf3.o)
                0x080005d4                __aeabi_dmul
                0x080005d4                __muldf3
                0x08000828                __divdf3
                0x08000828                __aeabi_ddiv
 .text          0x080009f8      0x110 c:/ac6/systemworkbench/plugins/fr.ac6.mcu.externaltools.arm-none.win32_1.7.0.201602121829/tools/compiler/bin/../lib/gcc/arm-none-eabi/5.2.1/armv7e-m/fpu\libgcc.a(_arm_cmpdf2.o)
                0x080009f8                __gtdf2
                0x080009f8                __gedf2
                0x08000a00                __ltdf2
                0x08000a00                __ledf2
                0x08000a08                __nedf2
                0x08000a08                __eqdf2
                0x08000a08                __cmpdf2
                0x08000a84                __aeabi_cdrcmple
                0x08000a94                __aeabi_cdcmpeq
                0x08000a94                __aeabi_cdcmple
                0x08000aa4                __aeabi_dcmpeq
                0x08000ab8                __aeabi_dcmplt
                0x08000acc                __aeabi_dcmple
                0x08000ae0                __aeabi_dcmpge
                0x08000af4                __aeabi_dcmpgt
 .text          0x08000b08       0x50 c:/ac6/systemworkbench/plugins/fr.ac6.mcu.externaltools.arm-none.win32_1.7.0.201602121829/tools/compiler/bin/../lib/gcc/arm-none-eabi/5.2.1/armv7e-m/fpu\libgcc.a(_arm_fixdfsi.o)
                0x08000b08                __aeabi_d2iz
                0x08000b08                __fixdfsi
 .text          0x08000b58       0x40 c:/ac6/systemworkbench/plugins/fr.ac6.mcu.externaltools.arm-none.win32_1.7.0.201602121829/tools/compiler/bin/../lib/gcc/arm-none-eabi/5.2.1/armv7e-m/fpu\libgcc.a(_arm_fixunsdfsi.o)
                0x08000b58                __aeabi_d2uiz
                0x08000b58                __fixunsdfsi
 .text          0x08000b98       0xa0 c:/ac6/systemworkbench/plugins/fr.ac6.mcu.externaltools.arm-none.win32_1.7.0.201602121829/tools/compiler/bin/../lib/gcc/arm-none-eabi/5.2.1/armv7e-m/fpu\libgcc.a(_arm_truncdfsf2.o)
                0x08000b98                __truncdfsf2
                0x08000b98                __aeabi_d2f
 .text          0x08000c38      0x134 c:/ac6/systemworkbench/plugins/fr.ac6.mcu.externaltools.arm-none.win32_1.7.0.201602121829/tools/compiler/bin/../lib/gcc/arm-none-eabi/5.2.1/../../../../arm-none-eabi/lib/armv7e-m/fpu\libc.a(lib_a-memcpy.o)
                0x08000c38                memcpy
 *fill*         0x08000d6c       0x14 
 .text          0x08000d80       0xdc c:/ac6/systemworkbench/plugins/fr.ac6.mcu.externaltools.arm-none.win32_1.7.0.201602121829/tools/compiler/bin/../lib/gcc/arm-none-eabi/5.2.1/../../../../arm-none-eabi/lib/armv7e-m/fpu\libc.a(lib_a-strlen.o)
                0x08000d80                strlen
 *fill*         0x08000e5c        0x4 
 .text          0x08000e60       0xa0 c:/ac6/systemworkbench/plugins/fr.ac6.mcu.externaltools.arm-none.win32_1.7.0.201602121829/tools/compiler/bin/../lib/gcc/arm-none-eabi/5.2.1/../../../../arm-none-eabi/lib/armv7e-m/fpu\libc.a(lib_a-memchr.o)
                0x08000e60                memchr
 .text          0x08000f00       0x30 c:/ac6/systemworkbench/plugins/fr.ac6.mcu.externaltools.arm-none.win32_1.7.0.201602121829/tools/compiler/bin/../lib/gcc/arm-none-eabi/5.2.1/armv7e-m/fpu\libgcc.a(_aeabi_uldivmod.o)
                0x08000f00                __aeabi_uldivmod
 .text          0x08000f30      0x2e4 c:/ac6/systemworkbench/plugins/fr.ac6.mcu.externaltools.arm-none.win32_1.7.0.201602121829/tools/compiler/bin/../lib/gcc/arm-none-eabi/5.2.1/armv7e-m/fpu\libgcc.a(_udivmoddi4.o)
                0x08000f30                __udivmoddi4
 .text          0x08001214        0x4 c:/ac6/systemworkbench/plugins/fr.ac6.mcu.externaltools.arm-none.win32_1.7.0.201602121829/tools/compiler/bin/../lib/gcc/arm-none-eabi/5.2.1/armv7e-m/fpu\libgcc.a(_dvmd_tls.o)
                0x08001214                __aeabi_idiv0
                0x08001214                __aeabi_ldiv0
 *(.text*)
 .text.HAL_InitTick
                0x08001218       0x2c HAL_Driver/Src/stm32f4xx_hal.o
                0x08001218                HAL_InitTick
 .text.HAL_Init
                0x08001244       0x34 HAL_Driver/Src/stm32f4xx_hal.o
                0x08001244                HAL_Init
 .text.HAL_IncTick
                0x08001278       0x10 HAL_Driver/Src/stm32f4xx_hal.o
                0x08001278                HAL_IncTick
 .text.HAL_GetTick
                0x08001288        0xc HAL_Driver/Src/stm32f4xx_hal.o
                0x08001288                HAL_GetTick
 .text.HAL_Delay
                0x08001294       0x1c HAL_Driver/Src/stm32f4xx_hal.o
                0x08001294                HAL_Delay
 .text.HAL_ADC_Init
                0x080012b0      0x164 HAL_Driver/Src/stm32f4xx_hal_adc.o
                0x080012b0                HAL_ADC_Init
 .text.HAL_ADC_Start_DMA
                0x08001414      0x118 HAL_Driver/Src/stm32f4xx_hal_adc.o
                0x08001414                HAL_ADC_Start_DMA
 .text.ADC_DMAConvCplt
                0x0800152c       0x60 HAL_Driver/Src/stm32f4xx_hal_adc.o
 .text.HAL_ADC_ConvHalfCpltCallback
                0x0800158c        0x4 HAL_Driver/Src/stm32f4xx_hal_adc.o
                0x0800158c                HAL_ADC_ConvHalfCpltCallback
 .text.ADC_DMAHalfConvCplt
                0x08001590        0xc HAL_Driver/Src/stm32f4xx_hal_adc.o
 .text.HAL_ADC_ErrorCallback
                0x0800159c        0x4 HAL_Driver/Src/stm32f4xx_hal_adc.o
                0x0800159c                HAL_ADC_ErrorCallback
 .text.ADC_DMAError
                0x080015a0       0x18 HAL_Driver/Src/stm32f4xx_hal_adc.o
 .text.HAL_ADC_ConfigChannel
                0x080015b8      0x150 HAL_Driver/Src/stm32f4xx_hal_adc.o
                0x080015b8                HAL_ADC_ConfigChannel
 .text.HAL_NVIC_SetPriorityGrouping
                0x08001708       0x24 HAL_Driver/Src/stm32f4xx_hal_cortex.o
                0x08001708                HAL_NVIC_SetPriorityGrouping
 .text.HAL_NVIC_SetPriority
                0x0800172c       0x70 HAL_Driver/Src/stm32f4xx_hal_cortex.o
                0x0800172c                HAL_NVIC_SetPriority
 .text.HAL_NVIC_EnableIRQ
                0x0800179c       0x18 HAL_Driver/Src/stm32f4xx_hal_cortex.o
                0x0800179c                HAL_NVIC_EnableIRQ
 .text.HAL_NVIC_DisableIRQ
                0x080017b4       0x1c HAL_Driver/Src/stm32f4xx_hal_cortex.o
                0x080017b4                HAL_NVIC_DisableIRQ
 .text.HAL_SYSTICK_Config
                0x080017d0       0x34 HAL_Driver/Src/stm32f4xx_hal_cortex.o
                0x080017d0                HAL_SYSTICK_Config
 .text.HAL_SYSTICK_CLKSourceConfig
                0x08001804       0x18 HAL_Driver/Src/stm32f4xx_hal_cortex.o
                0x08001804                HAL_SYSTICK_CLKSourceConfig
 .text.HAL_SYSTICK_Callback
                0x0800181c        0x4 HAL_Driver/Src/stm32f4xx_hal_cortex.o
                0x0800181c                HAL_SYSTICK_Callback
 .text.HAL_SYSTICK_IRQHandler
                0x08001820        0x8 HAL_Driver/Src/stm32f4xx_hal_cortex.o
                0x08001820                HAL_SYSTICK_IRQHandler
 .text.HAL_DMA_Init
                0x08001828      0x12c HAL_Driver/Src/stm32f4xx_hal_dma.o
                0x08001828                HAL_DMA_Init
 .text.HAL_DMA_Start_IT
                0x08001954       0x84 HAL_Driver/Src/stm32f4xx_hal_dma.o
                0x08001954                HAL_DMA_Start_IT
 .text.HAL_DMA_Abort_IT
                0x080019d8       0x24 HAL_Driver/Src/stm32f4xx_hal_dma.o
                0x080019d8                HAL_DMA_Abort_IT
 .text.HAL_DMA_IRQHandler
                0x080019fc      0x1a8 HAL_Driver/Src/stm32f4xx_hal_dma.o
                0x080019fc                HAL_DMA_IRQHandler
 .text.HAL_GPIO_Init
                0x08001ba4      0x1cc HAL_Driver/Src/stm32f4xx_hal_gpio.o
                0x08001ba4                HAL_GPIO_Init
 .text.HAL_GPIO_ReadPin
                0x08001d70        0xc HAL_Driver/Src/stm32f4xx_hal_gpio.o
                0x08001d70                HAL_GPIO_ReadPin
 .text.HAL_GPIO_WritePin
                0x08001d7c        0x8 HAL_Driver/Src/stm32f4xx_hal_gpio.o
                0x08001d7c                HAL_GPIO_WritePin
 .text.HAL_RCC_OscConfig
                0x08001d84      0x318 HAL_Driver/Src/stm32f4xx_hal_rcc.o
                0x08001d84                HAL_RCC_OscConfig
 .text.HAL_RCC_GetSysClockFreq
                0x0800209c       0x7c HAL_Driver/Src/stm32f4xx_hal_rcc.o
                0x0800209c                HAL_RCC_GetSysClockFreq
 .text.HAL_RCC_ClockConfig
                0x08002118      0x16c HAL_Driver/Src/stm32f4xx_hal_rcc.o
                0x08002118                HAL_RCC_ClockConfig
 .text.HAL_RCC_GetHCLKFreq
                0x08002284        0xc HAL_Driver/Src/stm32f4xx_hal_rcc.o
                0x08002284                HAL_RCC_GetHCLKFreq
 .text.HAL_RCC_GetPCLK1Freq
                0x08002290       0x30 HAL_Driver/Src/stm32f4xx_hal_rcc.o
                0x08002290                HAL_RCC_GetPCLK1Freq
 .text.HAL_RCC_GetPCLK2Freq
                0x080022c0       0x30 HAL_Driver/Src/stm32f4xx_hal_rcc.o
                0x080022c0                HAL_RCC_GetPCLK2Freq
 .text.HAL_RCC_DeInit
                0x080022f0       0x60 HAL_Driver/Src/stm32f4xx_hal_rcc_ex.o
                0x080022f0                HAL_RCC_DeInit
 .text.HAL_SPI_Init
                0x08002350       0x8c HAL_Driver/Src/stm32f4xx_hal_spi.o
                0x08002350                HAL_SPI_Init
 .text.HAL_SPI_Transmit
                0x080023dc      0x328 HAL_Driver/Src/stm32f4xx_hal_spi.o
                0x080023dc                HAL_SPI_Transmit
 .text.HAL_SPI_TransmitReceive
                0x08002704      0x40c HAL_Driver/Src/stm32f4xx_hal_spi.o
                0x08002704                HAL_SPI_TransmitReceive
 .text.HAL_SPI_Receive
                0x08002b10      0x33c HAL_Driver/Src/stm32f4xx_hal_spi.o
                0x08002b10                HAL_SPI_Receive
 .text.HAL_SPI_IRQHandler
                0x08002e4c       0xe4 HAL_Driver/Src/stm32f4xx_hal_spi.o
                0x08002e4c                HAL_SPI_IRQHandler
 .text.SPI_DMAAbortOnError
                0x08002f30       0x14 HAL_Driver/Src/stm32f4xx_hal_spi.o
 .text.HAL_TIM_Base_Init
                0x08002f44       0xc0 HAL_Driver/Src/stm32f4xx_hal_tim.o
                0x08002f44                HAL_TIM_Base_Init
 .text.HAL_TIM_Base_Start_IT
                0x08003004       0x18 HAL_Driver/Src/stm32f4xx_hal_tim.o
                0x08003004                HAL_TIM_Base_Start_IT
 .text.HAL_TIM_OC_MspInit
                0x0800301c        0x4 HAL_Driver/Src/stm32f4xx_hal_tim.o
                0x0800301c                HAL_TIM_OC_MspInit
 .text.HAL_TIM_OC_Init
                0x08003020       0xc0 HAL_Driver/Src/stm32f4xx_hal_tim.o
                0x08003020                HAL_TIM_OC_Init
 .text.HAL_TIM_OC_MspDeInit
                0x080030e0        0x4 HAL_Driver/Src/stm32f4xx_hal_tim.o
                0x080030e0                HAL_TIM_OC_MspDeInit
 .text.HAL_TIM_OC_DeInit
                0x080030e4       0x3c HAL_Driver/Src/stm32f4xx_hal_tim.o
                0x080030e4                HAL_TIM_OC_DeInit
 .text.HAL_TIM_OC_Start
                0x08003120       0x3c HAL_Driver/Src/stm32f4xx_hal_tim.o
                0x08003120                HAL_TIM_OC_Start
 .text.HAL_TIM_OC_Stop
                0x0800315c       0x68 HAL_Driver/Src/stm32f4xx_hal_tim.o
                0x0800315c                HAL_TIM_OC_Stop
 .text.HAL_TIM_OC_ConfigChannel
                0x080031c4      0x18c HAL_Driver/Src/stm32f4xx_hal_tim.o
                0x080031c4                HAL_TIM_OC_ConfigChannel
 .text.HAL_TIM_ConfigClockSource
                0x08003350      0x180 HAL_Driver/Src/stm32f4xx_hal_tim.o
                0x08003350                HAL_TIM_ConfigClockSource
 .text.HAL_TIM_OC_DelayElapsedCallback
                0x080034d0        0x4 HAL_Driver/Src/stm32f4xx_hal_tim.o
                0x080034d0                HAL_TIM_OC_DelayElapsedCallback
 .text.HAL_TIM_IC_CaptureCallback
                0x080034d4        0x4 HAL_Driver/Src/stm32f4xx_hal_tim.o
                0x080034d4                HAL_TIM_IC_CaptureCallback
 .text.HAL_TIM_PWM_PulseFinishedCallback
                0x080034d8        0x4 HAL_Driver/Src/stm32f4xx_hal_tim.o
                0x080034d8                HAL_TIM_PWM_PulseFinishedCallback
 .text.HAL_TIM_TriggerCallback
                0x080034dc        0x4 HAL_Driver/Src/stm32f4xx_hal_tim.o
                0x080034dc                HAL_TIM_TriggerCallback
 .text.HAL_TIM_IRQHandler
                0x080034e0      0x154 HAL_Driver/Src/stm32f4xx_hal_tim.o
                0x080034e0                HAL_TIM_IRQHandler
 .text.HAL_TIMEx_CommutationCallback
                0x08003634        0x4 HAL_Driver/Src/stm32f4xx_hal_tim_ex.o
                0x08003634                HAL_TIMEx_CommutationCallback
 .text.HAL_TIMEx_BreakCallback
                0x08003638        0x4 HAL_Driver/Src/stm32f4xx_hal_tim_ex.o
                0x08003638                HAL_TIMEx_BreakCallback
 .text.UART_SetConfig
                0x0800363c      0x2dc HAL_Driver/Src/stm32f4xx_hal_uart.o
 .text.HAL_UART_Init
                0x08003918       0x60 HAL_Driver/Src/stm32f4xx_hal_uart.o
                0x08003918                HAL_UART_Init
 .text.HAL_UART_Transmit
                0x08003978      0x11c HAL_Driver/Src/stm32f4xx_hal_uart.o
                0x08003978                HAL_UART_Transmit
 .text.HAL_UART_Receive_IT
                0x08003a94       0x54 HAL_Driver/Src/stm32f4xx_hal_uart.o
                0x08003a94                HAL_UART_Receive_IT
 .text.HAL_UART_TxCpltCallback
                0x08003ae8        0x4 HAL_Driver/Src/stm32f4xx_hal_uart.o
                0x08003ae8                HAL_UART_TxCpltCallback
 .text.HAL_UART_ErrorCallback
                0x08003aec        0x4 HAL_Driver/Src/stm32f4xx_hal_uart.o
                0x08003aec                HAL_UART_ErrorCallback
 .text.HAL_UART_IRQHandler
                0x08003af0      0x270 HAL_Driver/Src/stm32f4xx_hal_uart.o
                0x08003af0                HAL_UART_IRQHandler
 .text.UART_DMAAbortOnError
                0x08003d60       0x10 HAL_Driver/Src/stm32f4xx_hal_uart.o
 .text.AS5047D_Write
                0x08003d70       0xb0 src/AS4047D.o
                0x08003d70                AS5047D_Write
 .text.AS5047D_Read
                0x08003e20       0x88 src/AS4047D.o
                0x08003e20                AS5047D_Read
 .text.AS5047D_SetZero
                0x08003ea8       0x40 src/AS4047D.o
                0x08003ea8                AS5047D_SetZero
 .text.AS5047D_Init
                0x08003ee8       0x20 src/AS4047D.o
                0x08003ee8                AS5047D_Init
 .text.AS5047D_Get_True_Angle_Value
                0x08003f08       0x98 src/AS4047D.o
                0x08003f08                AS5047D_Get_True_Angle_Value
 .text.AS5047D_Get_All_Data
                0x08003fa0       0xc4 src/AS4047D.o
                0x08003fa0                AS5047D_Get_All_Data
 .text.AS5047D_check_encoder
                0x08004064       0xd4 src/AS4047D.o
                0x08004064                AS5047D_check_encoder
 .text.moveTo   0x08004138      0x188 src/AccelStepper.o
                0x08004138                moveTo
 .text.move     0x080042c0      0x18c src/AccelStepper.o
                0x080042c0                move
 .text.targetPosition
                0x0800444c        0x4 src/AccelStepper.o
                0x0800444c                targetPosition
 .text.currentPosition
                0x08004450        0x4 src/AccelStepper.o
                0x08004450                currentPosition
 .text.setCurrentPosition
                0x08004454       0x10 src/AccelStepper.o
                0x08004454                setCurrentPosition
 .text.computeNewSpeed
                0x08004464      0x17c src/AccelStepper.o
                0x08004464                computeNewSpeed
 .text.InitStepper
                0x080045e0      0x158 src/AccelStepper.o
                0x080045e0                InitStepper
 .text.setMaxSpeed
                0x08004738      0x17c src/AccelStepper.o
                0x08004738                setMaxSpeed
 *fill*         0x080048b4        0x4 
 .text.setAcceleration
                0x080048b8      0x20c src/AccelStepper.o
                0x080048b8                setAcceleration
 *fill*         0x08004ac4        0x4 
 .text.setSpeed
                0x08004ac8       0xa8 src/AccelStepper.o
                0x08004ac8                setSpeed
 .text.step8    0x08004b70      0x470 src/AccelStepper.o
                0x08004b70                step8
 .text.step     0x08004fe0      0x7d0 src/AccelStepper.o
                0x08004fe0                step
 .text.run      0x080057b0      0x1c8 src/AccelStepper.o
                0x080057b0                run
 .text.disableOutputs
                0x08005978       0x9c src/AccelStepper.o
                0x08005978                disableOutputs
 .text.enableOutputs
                0x08005a14       0xc0 src/AccelStepper.o
                0x08005a14                enableOutputs
 .text.stop     0x08005ad4      0x1b8 src/AccelStepper.o
                0x08005ad4                stop
 .text.IR_MATCH_MARK
                0x08005c8c       0x68 src/IRremote.o
                0x08005c8c                IR_MATCH_MARK
 .text.IR_MATCH_SPACE
                0x08005cf4       0x68 src/IRremote.o
                0x08005cf4                IR_MATCH_SPACE
 .text.HAL_TIM_PeriodElapsedCallback
                0x08005d5c      0x110 src/IRremote.o
                0x08005d5c                HAL_TIM_PeriodElapsedCallback
 .text.MX_ADC1_Init
                0x08005e6c       0x5c src/adc.o
                0x08005e6c                MX_ADC1_Init
 .text.HAL_ADC_MspInit
                0x08005ec8       0x88 src/adc.o
                0x08005ec8                HAL_ADC_MspInit
 .text.JumpToBootLoader
                0x08005f50       0x4c src/bootloader.o
                0x08005f50                JumpToBootLoader
 .text.crc32    0x08005f9c       0x30 src/crc32.o
                0x08005f9c                crc32
 .text.MX_DMA_Init
                0x08005fcc       0x38 src/dma.o
                0x08005fcc                MX_DMA_Init
 .text.koruza_encoders_init
                0x08006004      0x150 src/encoder.o
                0x08006004                koruza_encoders_init
 .text.koruza_encoders_get_angles
                0x08006154       0x38 src/encoder.o
                0x08006154                koruza_encoders_get_angles
 .text.koruza_encoders_magnetic_filed_check
                0x0800618c       0xb0 src/encoder.o
                0x0800618c                koruza_encoders_magnetic_filed_check
 .text.frame_parser
                0x0800623c       0x7c src/frame.o
                0x0800623c                frame_parser
 .text.frame_message
                0x080062b8       0x9c src/frame.o
                0x080062b8                frame_message
 .text.MX_GPIO_Init
                0x08006354       0xac src/gpio.o
                0x08006354                MX_GPIO_Init
 .text.htons    0x08006400        0x8 src/inet.o
                0x08006400                htons
 .text.htonl    0x08006408       0x18 src/inet.o
                0x08006408                htonl
 .text.ntohs    0x08006420        0x8 src/inet.o
                0x08006420                ntohs
 .text.ntohl    0x08006428       0x18 src/inet.o
                0x08006428                ntohl
 .text.IRrecv_decode
                0x08006440       0x38 src/irRecv.o
                0x08006440                IRrecv_decode
 .text.IRrecv_IRrecvInit
                0x08006478       0x10 src/irRecv.o
                0x08006478                IRrecv_IRrecvInit
 .text.IRrecv_enableIRIn
                0x08006488       0x6c src/irRecv.o
                0x08006488                IRrecv_enableIRIn
 .text.IRrecv_resume
                0x080064f4       0x10 src/irRecv.o
                0x080064f4                IRrecv_resume
 .text.IRsend_mark
                0x08006504       0x28 src/irSend.o
                0x08006504                IRsend_mark
 .text.IRsend_space
                0x0800652c       0x28 src/irSend.o
                0x0800652c                IRsend_space
 .text.IRsend_enableIROut
                0x08006554       0xc0 src/irSend.o
                0x08006554                IRsend_enableIROut
 .text.IRsend_sendSony
                0x08006614       0x44 src/ir_Sony.o
                0x08006614                IRsend_sendSony
 .text.IRrecv_decodeSony
                0x08006658       0xb0 src/ir_Sony.o
                0x08006658                IRrecv_decodeSony
 .text.koruza_irlink_init
                0x08006708       0x38 src/ir_link.o
                0x08006708                koruza_irlink_init
 .text.koruza_irlink_send
                0x08006740       0x20 src/ir_link.o
                0x08006740                koruza_irlink_send
 .text.koruza_irlink_receive
                0x08006760       0x24 src/ir_link.o
                0x08006760                koruza_irlink_receive
 .text.unlikely.NVIC_SystemReset
                0x08006784       0x24 src/main.o
 .text.HAL_UART_RxCpltCallback
                0x080067a8       0xb8 src/main.o
                0x080067a8                HAL_UART_RxCpltCallback
 .text.HAL_ADC_ConvCpltCallback
                0x08006860       0xa4 src/main.o
                0x08006860                HAL_ADC_ConvCpltCallback
 .text.__io_putchar
                0x08006904       0x24 src/main.o
                0x08006904                __io_putchar
 .text.SystemClock_Config
                0x08006928       0xb0 src/main.o
                0x08006928                SystemClock_Config
 .text.startup.main
                0x080069d8      0x4b8 src/main.o
                0x080069d8                main
 .text.HAL_SPI_ErrorCallback
                0x08006e90        0x4 src/main.o
                0x08006e90                HAL_SPI_ErrorCallback
 .text.Error_Handler
                0x08006e94        0x4 src/main.o
                0x08006e94                Error_Handler
 .text.message_init
                0x08006e98       0x10 src/message.o
                0x08006e98                message_init
 .text.message_free
                0x08006ea8       0x30 src/message.o
                0x08006ea8                message_free
 .text.message_parse
                0x08006ed8      0x19c src/message.o
                0x08006ed8                message_parse
 .text.message_tlv_add_command
                0x08007074       0x38 src/message.o
                0x08007074                message_tlv_add_command
 .text.message_tlv_add_reply
                0x080070ac       0x38 src/message.o
                0x080070ac                message_tlv_add_reply
 .text.message_tlv_add_motor_position
                0x080070e4       0x60 src/message.o
                0x080070e4                message_tlv_add_motor_position
 .text.message_tlv_add_checksum
                0x08007144       0x60 src/message.o
                0x08007144                message_tlv_add_checksum
 .text.message_tlv_get_command
                0x080071a4       0x50 src/message.o
                0x080071a4                message_tlv_get_command
 .text.message_tlv_get_motor_position
                0x080071f4       0x58 src/message.o
                0x080071f4                message_tlv_get_motor_position
 .text.message_serialized_size
                0x0800724c       0x28 src/message.o
                0x0800724c                message_serialized_size
 .text.message_serialize
                0x08007274       0x74 src/message.o
                0x08007274                message_serialize
 .text.message_tlv_add_error_report
                0x080072e8       0x44 src/message.o
                0x080072e8                message_tlv_add_error_report
 .text.MX_SPI2_Init
                0x0800732c       0x4c src/spi.o
                0x0800732c                MX_SPI2_Init
 .text.HAL_SPI_MspInit
                0x08007378       0x60 src/spi.o
                0x08007378                HAL_SPI_MspInit
 .text.koruza_motors_init
                0x080073d8      0x160 src/stepper.o
                0x080073d8                koruza_motors_init
 .text.Claculate_motors_move_steps
                0x08007538       0x34 src/stepper.o
                0x08007538                Claculate_motors_move_steps
 .text.run_motor
                0x0800756c       0x88 src/stepper.o
                0x0800756c                run_motor
 *fill*         0x080075f4        0x4 
 .text.run_motors
                0x080075f8      0x2a4 src/stepper.o
                0x080075f8                run_motors
 .text.set_motor_coordinate
                0x0800789c        0x4 src/stepper.o
                0x0800789c                set_motor_coordinate
 .text.koruza_steppers_encoder_error_calculation
                0x080078a0      0x1a0 src/stepper.o
                0x080078a0                koruza_steppers_encoder_error_calculation
 .text.koruza_set_stored_values
                0x08007a40       0x44 src/stepper.o
                0x08007a40                koruza_set_stored_values
 .text.HAL_MspInit
                0x08007a84       0x60 src/stm32f4xx_hal_msp.o
                0x08007a84                HAL_MspInit
 .text.HAL_UART_MspInit
                0x08007ae4       0xb8 src/stm32f4xx_hal_msp.o
                0x08007ae4                HAL_UART_MspInit
 .text.NMI_Handler
                0x08007b9c        0x4 src/stm32f4xx_it.o
                0x08007b9c                NMI_Handler
 .text.HardFault_Handler
                0x08007ba0       0x10 src/stm32f4xx_it.o
                0x08007ba0                HardFault_Handler
 .text.MemManage_Handler
                0x08007bb0        0x4 src/stm32f4xx_it.o
                0x08007bb0                MemManage_Handler
 .text.BusFault_Handler
                0x08007bb4        0x4 src/stm32f4xx_it.o
                0x08007bb4                BusFault_Handler
 .text.UsageFault_Handler
                0x08007bb8        0x4 src/stm32f4xx_it.o
                0x08007bb8                UsageFault_Handler
 .text.SVC_Handler
                0x08007bbc        0x4 src/stm32f4xx_it.o
                0x08007bbc                SVC_Handler
 .text.DebugMon_Handler
                0x08007bc0        0x4 src/stm32f4xx_it.o
                0x08007bc0                DebugMon_Handler
 .text.PendSV_Handler
                0x08007bc4        0x4 src/stm32f4xx_it.o
                0x08007bc4                PendSV_Handler
 .text.SysTick_Handler
                0x08007bc8       0x10 src/stm32f4xx_it.o
                0x08007bc8                SysTick_Handler
 .text.USART1_IRQHandler
                0x08007bd8        0xc src/stm32f4xx_it.o
                0x08007bd8                USART1_IRQHandler
 .text.DMA2_Stream0_IRQHandler
                0x08007be4        0xc src/stm32f4xx_it.o
                0x08007be4                DMA2_Stream0_IRQHandler
 .text.TIM1_BRK_TIM9_IRQHandler
                0x08007bf0        0xc src/stm32f4xx_it.o
                0x08007bf0                TIM1_BRK_TIM9_IRQHandler
 .text.SPI2_IRQHandler
                0x08007bfc        0xc src/stm32f4xx_it.o
                0x08007bfc                SPI2_IRQHandler
 .text.TIM2_IRQHandler
                0x08007c08        0xc src/stm32f4xx_it.o
                0x08007c08                TIM2_IRQHandler
 .text._getpid  0x08007c14        0x4 src/syscalls.o
                0x08007c14                _getpid
 .text._kill    0x08007c18       0x10 src/syscalls.o
                0x08007c18                _kill
 .text._exit    0x08007c28        0xc src/syscalls.o
                0x08007c28                _exit
 .text._read    0x08007c34       0x1c src/syscalls.o
                0x08007c34                _read
 .text._write   0x08007c50       0x1c src/syscalls.o
                0x08007c50                _write
 .text._sbrk    0x08007c6c       0x34 src/syscalls.o
                0x08007c6c                _sbrk
 .text._close   0x08007ca0        0x8 src/syscalls.o
                0x08007ca0                _close
 .text._fstat   0x08007ca8        0xc src/syscalls.o
                0x08007ca8                _fstat
 .text._isatty  0x08007cb4        0x4 src/syscalls.o
                0x08007cb4                _isatty
 .text._lseek   0x08007cb8        0x4 src/syscalls.o
                0x08007cb8                _lseek
 .text.SystemInit
                0x08007cbc       0x50 src/system_stm32f4xx.o
                0x08007cbc                SystemInit
 .text.HAL_TIM_Base_MspInit
                0x08007d0c       0x74 src/tim.o
                0x08007d0c                HAL_TIM_Base_MspInit
 .text.MX_USART1_UART_Init
                0x08007d80       0x38 src/uart.o
                0x08007d80                MX_USART1_UART_Init
 .text.MX_USART2_UART_Init
                0x08007db8       0x38 src/uart.o
                0x08007db8                MX_USART2_UART_Init
 .text.Reset_Handler
                0x08007df0       0x50 startup/startup_stm32f411xe.o
                0x08007df0                Reset_Handler
 .text.Default_Handler
                0x08007e40        0x2 startup/startup_stm32f411xe.o
                0x08007e40                RTC_Alarm_IRQHandler
                0x08007e40                EXTI2_IRQHandler
                0x08007e40                SPI4_IRQHandler
                0x08007e40                TIM1_CC_IRQHandler
                0x08007e40                DMA2_Stream5_IRQHandler
                0x08007e40                DMA1_Stream5_IRQHandler
                0x08007e40                PVD_IRQHandler
                0x08007e40                SDIO_IRQHandler
                0x08007e40                TAMP_STAMP_IRQHandler
                0x08007e40                EXTI3_IRQHandler
                0x08007e40                TIM1_UP_TIM10_IRQHandler
                0x08007e40                I2C3_ER_IRQHandler
                0x08007e40                EXTI0_IRQHandler
                0x08007e40                I2C2_EV_IRQHandler
                0x08007e40                DMA1_Stream2_IRQHandler
                0x08007e40                FPU_IRQHandler
                0x08007e40                DMA2_Stream2_IRQHandler
                0x08007e40                SPI1_IRQHandler
                0x08007e40                DMA2_Stream3_IRQHandler
                0x08007e40                USART6_IRQHandler
                0x08007e40                TIM4_IRQHandler
                0x08007e40                I2C1_EV_IRQHandler
                0x08007e40                DMA1_Stream6_IRQHandler
                0x08007e40                DMA1_Stream1_IRQHandler
                0x08007e40                TIM3_IRQHandler
                0x08007e40                RCC_IRQHandler
                0x08007e40                Default_Handler
                0x08007e40                EXTI15_10_IRQHandler
                0x08007e40                ADC_IRQHandler
                0x08007e40                DMA1_Stream7_IRQHandler
                0x08007e40                SPI5_IRQHandler
                0x08007e40                TIM5_IRQHandler
                0x08007e40                DMA2_Stream7_IRQHandler
                0x08007e40                I2C3_EV_IRQHandler
                0x08007e40                EXTI9_5_IRQHandler
                0x08007e40                RTC_WKUP_IRQHandler
                0x08007e40                DMA1_Stream0_IRQHandler
                0x08007e40                EXTI4_IRQHandler
                0x08007e40                WWDG_IRQHandler
                0x08007e40                OTG_FS_WKUP_IRQHandler
                0x08007e40                TIM1_TRG_COM_TIM11_IRQHandler
                0x08007e40                EXTI1_IRQHandler
                0x08007e40                USART2_IRQHandler
                0x08007e40                I2C2_ER_IRQHandler
                0x08007e40                DMA2_Stream1_IRQHandler
                0x08007e40                FLASH_IRQHandler
                0x08007e40                DMA2_Stream4_IRQHandler
                0x08007e40                OTG_FS_IRQHandler
                0x08007e40                SPI3_IRQHandler
                0x08007e40                DMA1_Stream4_IRQHandler
                0x08007e40                I2C1_ER_IRQHandler
                0x08007e40                DMA2_Stream6_IRQHandler
                0x08007e40                DMA1_Stream3_IRQHandler
 *fill*         0x08007e42        0x2 
 .text.abort    0x08007e44       0x10 c:/ac6/systemworkbench/plugins/fr.ac6.mcu.externaltools.arm-none.win32_1.7.0.201602121829/tools/compiler/bin/../lib/gcc/arm-none-eabi/5.2.1/../../../../arm-none-eabi/lib/armv7e-m/fpu\libc.a(lib_a-abort.o)
                0x08007e44                abort
 .text.__errno  0x08007e54        0xc c:/ac6/systemworkbench/plugins/fr.ac6.mcu.externaltools.arm-none.win32_1.7.0.201602121829/tools/compiler/bin/../lib/gcc/arm-none-eabi/5.2.1/../../../../arm-none-eabi/lib/armv7e-m/fpu\libc.a(lib_a-errno.o)
                0x08007e54                __errno
 .text.__libc_init_array
                0x08007e60       0x50 c:/ac6/systemworkbench/plugins/fr.ac6.mcu.externaltools.arm-none.win32_1.7.0.201602121829/tools/compiler/bin/../lib/gcc/arm-none-eabi/5.2.1/../../../../arm-none-eabi/lib/armv7e-m/fpu\libc.a(lib_a-init.o)
                0x08007e60                __libc_init_array
 .text.malloc   0x08007eb0       0x10 c:/ac6/systemworkbench/plugins/fr.ac6.mcu.externaltools.arm-none.win32_1.7.0.201602121829/tools/compiler/bin/../lib/gcc/arm-none-eabi/5.2.1/../../../../arm-none-eabi/lib/armv7e-m/fpu\libc.a(lib_a-malloc.o)
                0x08007eb0                malloc
 .text.free     0x08007ec0       0x10 c:/ac6/systemworkbench/plugins/fr.ac6.mcu.externaltools.arm-none.win32_1.7.0.201602121829/tools/compiler/bin/../lib/gcc/arm-none-eabi/5.2.1/../../../../arm-none-eabi/lib/armv7e-m/fpu\libc.a(lib_a-malloc.o)
                0x08007ec0                free
 .text._malloc_r
                0x08007ed0      0x570 c:/ac6/systemworkbench/plugins/fr.ac6.mcu.externaltools.arm-none.win32_1.7.0.201602121829/tools/compiler/bin/../lib/gcc/arm-none-eabi/5.2.1/../../../../arm-none-eabi/lib/armv7e-m/fpu\libc.a(lib_a-mallocr.o)
                0x08007ed0                _malloc_r
 .text.memset   0x08008440       0x9c c:/ac6/systemworkbench/plugins/fr.ac6.mcu.externaltools.arm-none.win32_1.7.0.201602121829/tools/compiler/bin/../lib/gcc/arm-none-eabi/5.2.1/../../../../arm-none-eabi/lib/armv7e-m/fpu\libc.a(lib_a-memset.o)
                0x08008440                memset
 .text.__malloc_lock
                0x080084dc        0x4 c:/ac6/systemworkbench/plugins/fr.ac6.mcu.externaltools.arm-none.win32_1.7.0.201602121829/tools/compiler/bin/../lib/gcc/arm-none-eabi/5.2.1/../../../../arm-none-eabi/lib/armv7e-m/fpu\libc.a(lib_a-mlock.o)
                0x080084dc                __malloc_lock
 .text.__malloc_unlock
                0x080084e0        0x4 c:/ac6/systemworkbench/plugins/fr.ac6.mcu.externaltools.arm-none.win32_1.7.0.201602121829/tools/compiler/bin/../lib/gcc/arm-none-eabi/5.2.1/../../../../arm-none-eabi/lib/armv7e-m/fpu\libc.a(lib_a-mlock.o)
                0x080084e0                __malloc_unlock
 .text.printf   0x080084e4       0x28 c:/ac6/systemworkbench/plugins/fr.ac6.mcu.externaltools.arm-none.win32_1.7.0.201602121829/tools/compiler/bin/../lib/gcc/arm-none-eabi/5.2.1/../../../../arm-none-eabi/lib/armv7e-m/fpu\libc.a(lib_a-printf.o)
                0x080084e4                printf
 .text._puts_r  0x0800850c       0x64 c:/ac6/systemworkbench/plugins/fr.ac6.mcu.externaltools.arm-none.win32_1.7.0.201602121829/tools/compiler/bin/../lib/gcc/arm-none-eabi/5.2.1/../../../../arm-none-eabi/lib/armv7e-m/fpu\libc.a(lib_a-puts.o)
                0x0800850c                _puts_r
 .text.puts     0x08008570       0x10 c:/ac6/systemworkbench/plugins/fr.ac6.mcu.externaltools.arm-none.win32_1.7.0.201602121829/tools/compiler/bin/../lib/gcc/arm-none-eabi/5.2.1/../../../../arm-none-eabi/lib/armv7e-m/fpu\libc.a(lib_a-puts.o)
                0x08008570                puts
 .text._sbrk_r  0x08008580       0x24 c:/ac6/systemworkbench/plugins/fr.ac6.mcu.externaltools.arm-none.win32_1.7.0.201602121829/tools/compiler/bin/../lib/gcc/arm-none-eabi/5.2.1/../../../../arm-none-eabi/lib/armv7e-m/fpu\libc.a(lib_a-sbrkr.o)
                0x08008580                _sbrk_r
 .text._raise_r
                0x080085a4       0x58 c:/ac6/systemworkbench/plugins/fr.ac6.mcu.externaltools.arm-none.win32_1.7.0.201602121829/tools/compiler/bin/../lib/gcc/arm-none-eabi/5.2.1/../../../../arm-none-eabi/lib/armv7e-m/fpu\libc.a(lib_a-signal.o)
                0x080085a4                _raise_r
 .text.raise    0x080085fc       0x10 c:/ac6/systemworkbench/plugins/fr.ac6.mcu.externaltools.arm-none.win32_1.7.0.201602121829/tools/compiler/bin/../lib/gcc/arm-none-eabi/5.2.1/../../../../arm-none-eabi/lib/armv7e-m/fpu\libc.a(lib_a-signal.o)
                0x080085fc                raise
 .text._kill_r  0x0800860c       0x28 c:/ac6/systemworkbench/plugins/fr.ac6.mcu.externaltools.arm-none.win32_1.7.0.201602121829/tools/compiler/bin/../lib/gcc/arm-none-eabi/5.2.1/../../../../arm-none-eabi/lib/armv7e-m/fpu\libc.a(lib_a-signalr.o)
                0x0800860c                _kill_r
 .text._getpid_r
                0x08008634        0x4 c:/ac6/systemworkbench/plugins/fr.ac6.mcu.externaltools.arm-none.win32_1.7.0.201602121829/tools/compiler/bin/../lib/gcc/arm-none-eabi/5.2.1/../../../../arm-none-eabi/lib/armv7e-m/fpu\libc.a(lib_a-signalr.o)
                0x08008634                _getpid_r
 .text._vfprintf_r
                0x08008638     0x16a0 c:/ac6/systemworkbench/plugins/fr.ac6.mcu.externaltools.arm-none.win32_1.7.0.201602121829/tools/compiler/bin/../lib/gcc/arm-none-eabi/5.2.1/../../../../arm-none-eabi/lib/armv7e-m/fpu\libc.a(lib_a-vfprintf.o)
                0x08008638                _vfprintf_r
 .text.__sbprintf
                0x08009cd8       0x6c c:/ac6/systemworkbench/plugins/fr.ac6.mcu.externaltools.arm-none.win32_1.7.0.201602121829/tools/compiler/bin/../lib/gcc/arm-none-eabi/5.2.1/../../../../arm-none-eabi/lib/armv7e-m/fpu\libc.a(lib_a-vfprintf.o)
 .text.__swsetup_r
                0x08009d44       0xc4 c:/ac6/systemworkbench/plugins/fr.ac6.mcu.externaltools.arm-none.win32_1.7.0.201602121829/tools/compiler/bin/../lib/gcc/arm-none-eabi/5.2.1/../../../../arm-none-eabi/lib/armv7e-m/fpu\libc.a(lib_a-wsetup.o)
                0x08009d44                __swsetup_r
 .text.startup.register_fini
                0x08009e08       0x14 c:/ac6/systemworkbench/plugins/fr.ac6.mcu.externaltools.arm-none.win32_1.7.0.201602121829/tools/compiler/bin/../lib/gcc/arm-none-eabi/5.2.1/../../../../arm-none-eabi/lib/armv7e-m/fpu\libc.a(lib_a-__call_atexit.o)
 .text.atexit   0x08009e1c        0xc c:/ac6/systemworkbench/plugins/fr.ac6.mcu.externaltools.arm-none.win32_1.7.0.201602121829/tools/compiler/bin/../lib/gcc/arm-none-eabi/5.2.1/../../../../arm-none-eabi/lib/armv7e-m/fpu\libc.a(lib_a-atexit.o)
                0x08009e1c                atexit
 .text.quorem   0x08009e28      0x128 c:/ac6/systemworkbench/plugins/fr.ac6.mcu.externaltools.arm-none.win32_1.7.0.201602121829/tools/compiler/bin/../lib/gcc/arm-none-eabi/5.2.1/../../../../arm-none-eabi/lib/armv7e-m/fpu\libc.a(lib_a-dtoa.o)
 .text._dtoa_r  0x08009f50      0xe34 c:/ac6/systemworkbench/plugins/fr.ac6.mcu.externaltools.arm-none.win32_1.7.0.201602121829/tools/compiler/bin/../lib/gcc/arm-none-eabi/5.2.1/../../../../arm-none-eabi/lib/armv7e-m/fpu\libc.a(lib_a-dtoa.o)
                0x08009f50                _dtoa_r
 .text.__sflush_r
                0x0800ad84      0x148 c:/ac6/systemworkbench/plugins/fr.ac6.mcu.externaltools.arm-none.win32_1.7.0.201602121829/tools/compiler/bin/../lib/gcc/arm-none-eabi/5.2.1/../../../../arm-none-eabi/lib/armv7e-m/fpu\libc.a(lib_a-fflush.o)
                0x0800ad84                __sflush_r
 .text._fflush_r
                0x0800aecc       0x2c c:/ac6/systemworkbench/plugins/fr.ac6.mcu.externaltools.arm-none.win32_1.7.0.201602121829/tools/compiler/bin/../lib/gcc/arm-none-eabi/5.2.1/../../../../arm-none-eabi/lib/armv7e-m/fpu\libc.a(lib_a-fflush.o)
                0x0800aecc                _fflush_r
 .text._cleanup_r
                0x0800aef8        0xc c:/ac6/systemworkbench/plugins/fr.ac6.mcu.externaltools.arm-none.win32_1.7.0.201602121829/tools/compiler/bin/../lib/gcc/arm-none-eabi/5.2.1/../../../../arm-none-eabi/lib/armv7e-m/fpu\libc.a(lib_a-findfp.o)
                0x0800aef8                _cleanup_r
 .text.__sinit.part.1
                0x0800af04       0xf0 c:/ac6/systemworkbench/plugins/fr.ac6.mcu.externaltools.arm-none.win32_1.7.0.201602121829/tools/compiler/bin/../lib/gcc/arm-none-eabi/5.2.1/../../../../arm-none-eabi/lib/armv7e-m/fpu\libc.a(lib_a-findfp.o)
 .text.__sinit  0x0800aff4        0xc c:/ac6/systemworkbench/plugins/fr.ac6.mcu.externaltools.arm-none.win32_1.7.0.201602121829/tools/compiler/bin/../lib/gcc/arm-none-eabi/5.2.1/../../../../arm-none-eabi/lib/armv7e-m/fpu\libc.a(lib_a-findfp.o)
                0x0800aff4                __sinit
 .text.__sfp_lock_acquire
                0x0800b000        0x4 c:/ac6/systemworkbench/plugins/fr.ac6.mcu.externaltools.arm-none.win32_1.7.0.201602121829/tools/compiler/bin/../lib/gcc/arm-none-eabi/5.2.1/../../../../arm-none-eabi/lib/armv7e-m/fpu\libc.a(lib_a-findfp.o)
                0x0800b000                __sfp_lock_acquire
 .text.__sfp_lock_release
                0x0800b004        0x4 c:/ac6/systemworkbench/plugins/fr.ac6.mcu.externaltools.arm-none.win32_1.7.0.201602121829/tools/compiler/bin/../lib/gcc/arm-none-eabi/5.2.1/../../../../arm-none-eabi/lib/armv7e-m/fpu\libc.a(lib_a-findfp.o)
                0x0800b004                __sfp_lock_release
 .text.__libc_fini_array
                0x0800b008       0x28 c:/ac6/systemworkbench/plugins/fr.ac6.mcu.externaltools.arm-none.win32_1.7.0.201602121829/tools/compiler/bin/../lib/gcc/arm-none-eabi/5.2.1/../../../../arm-none-eabi/lib/armv7e-m/fpu\libc.a(lib_a-fini.o)
                0x0800b008                __libc_fini_array
 .text._malloc_trim_r
                0x0800b030       0x9c c:/ac6/systemworkbench/plugins/fr.ac6.mcu.externaltools.arm-none.win32_1.7.0.201602121829/tools/compiler/bin/../lib/gcc/arm-none-eabi/5.2.1/../../../../arm-none-eabi/lib/armv7e-m/fpu\libc.a(lib_a-freer.o)
                0x0800b030                _malloc_trim_r
 .text._free_r  0x0800b0cc      0x1d0 c:/ac6/systemworkbench/plugins/fr.ac6.mcu.externaltools.arm-none.win32_1.7.0.201602121829/tools/compiler/bin/../lib/gcc/arm-none-eabi/5.2.1/../../../../arm-none-eabi/lib/armv7e-m/fpu\libc.a(lib_a-freer.o)
                0x0800b0cc                _free_r
 .text.__sfvwrite_r
                0x0800b29c      0x300 c:/ac6/systemworkbench/plugins/fr.ac6.mcu.externaltools.arm-none.win32_1.7.0.201602121829/tools/compiler/bin/../lib/gcc/arm-none-eabi/5.2.1/../../../../arm-none-eabi/lib/armv7e-m/fpu\libc.a(lib_a-fvwrite.o)
                0x0800b29c                __sfvwrite_r
 .text._fwalk_reent
                0x0800b59c       0x54 c:/ac6/systemworkbench/plugins/fr.ac6.mcu.externaltools.arm-none.win32_1.7.0.201602121829/tools/compiler/bin/../lib/gcc/arm-none-eabi/5.2.1/../../../../arm-none-eabi/lib/armv7e-m/fpu\libc.a(lib_a-fwalk.o)
                0x0800b59c                _fwalk_reent
 .text.__locale_charset
                0x0800b5f0        0x8 c:/ac6/systemworkbench/plugins/fr.ac6.mcu.externaltools.arm-none.win32_1.7.0.201602121829/tools/compiler/bin/../lib/gcc/arm-none-eabi/5.2.1/../../../../arm-none-eabi/lib/armv7e-m/fpu\libc.a(lib_a-locale.o)
                0x0800b5f0                __locale_charset
 .text.__locale_mb_cur_max
                0x0800b5f8        0xc c:/ac6/systemworkbench/plugins/fr.ac6.mcu.externaltools.arm-none.win32_1.7.0.201602121829/tools/compiler/bin/../lib/gcc/arm-none-eabi/5.2.1/../../../../arm-none-eabi/lib/armv7e-m/fpu\libc.a(lib_a-locale.o)
                0x0800b5f8                __locale_mb_cur_max
 .text._localeconv_r
                0x0800b604        0x8 c:/ac6/systemworkbench/plugins/fr.ac6.mcu.externaltools.arm-none.win32_1.7.0.201602121829/tools/compiler/bin/../lib/gcc/arm-none-eabi/5.2.1/../../../../arm-none-eabi/lib/armv7e-m/fpu\libc.a(lib_a-locale.o)
                0x0800b604                _localeconv_r
 .text.__smakebuf_r
                0x0800b60c       0xe0 c:/ac6/systemworkbench/plugins/fr.ac6.mcu.externaltools.arm-none.win32_1.7.0.201602121829/tools/compiler/bin/../lib/gcc/arm-none-eabi/5.2.1/../../../../arm-none-eabi/lib/armv7e-m/fpu\libc.a(lib_a-makebuf.o)
                0x0800b60c                __smakebuf_r
 .text.memmove  0x0800b6ec       0xc8 c:/ac6/systemworkbench/plugins/fr.ac6.mcu.externaltools.arm-none.win32_1.7.0.201602121829/tools/compiler/bin/../lib/gcc/arm-none-eabi/5.2.1/../../../../arm-none-eabi/lib/armv7e-m/fpu\libc.a(lib_a-memmove.o)
                0x0800b6ec                memmove
 .text._Balloc  0x0800b7b4       0x4c c:/ac6/systemworkbench/plugins/fr.ac6.mcu.externaltools.arm-none.win32_1.7.0.201602121829/tools/compiler/bin/../lib/gcc/arm-none-eabi/5.2.1/../../../../arm-none-eabi/lib/armv7e-m/fpu\libc.a(lib_a-mprec.o)
                0x0800b7b4                _Balloc
 .text._Bfree   0x0800b800       0x14 c:/ac6/systemworkbench/plugins/fr.ac6.mcu.externaltools.arm-none.win32_1.7.0.201602121829/tools/compiler/bin/../lib/gcc/arm-none-eabi/5.2.1/../../../../arm-none-eabi/lib/armv7e-m/fpu\libc.a(lib_a-mprec.o)
                0x0800b800                _Bfree
 .text.__multadd
                0x0800b814       0x80 c:/ac6/systemworkbench/plugins/fr.ac6.mcu.externaltools.arm-none.win32_1.7.0.201602121829/tools/compiler/bin/../lib/gcc/arm-none-eabi/5.2.1/../../../../arm-none-eabi/lib/armv7e-m/fpu\libc.a(lib_a-mprec.o)
                0x0800b814                __multadd
 .text.__hi0bits
                0x0800b894       0x40 c:/ac6/systemworkbench/plugins/fr.ac6.mcu.externaltools.arm-none.win32_1.7.0.201602121829/tools/compiler/bin/../lib/gcc/arm-none-eabi/5.2.1/../../../../arm-none-eabi/lib/armv7e-m/fpu\libc.a(lib_a-mprec.o)
                0x0800b894                __hi0bits
 .text.__lo0bits
                0x0800b8d4       0x5c c:/ac6/systemworkbench/plugins/fr.ac6.mcu.externaltools.arm-none.win32_1.7.0.201602121829/tools/compiler/bin/../lib/gcc/arm-none-eabi/5.2.1/../../../../arm-none-eabi/lib/armv7e-m/fpu\libc.a(lib_a-mprec.o)
                0x0800b8d4                __lo0bits
 .text.__i2b    0x0800b930       0x14 c:/ac6/systemworkbench/plugins/fr.ac6.mcu.externaltools.arm-none.win32_1.7.0.201602121829/tools/compiler/bin/../lib/gcc/arm-none-eabi/5.2.1/../../../../arm-none-eabi/lib/armv7e-m/fpu\libc.a(lib_a-mprec.o)
                0x0800b930                __i2b
 .text.__multiply
                0x0800b944      0x130 c:/ac6/systemworkbench/plugins/fr.ac6.mcu.externaltools.arm-none.win32_1.7.0.201602121829/tools/compiler/bin/../lib/gcc/arm-none-eabi/5.2.1/../../../../arm-none-eabi/lib/armv7e-m/fpu\libc.a(lib_a-mprec.o)
                0x0800b944                __multiply
 .text.__pow5mult
                0x0800ba74       0xa0 c:/ac6/systemworkbench/plugins/fr.ac6.mcu.externaltools.arm-none.win32_1.7.0.201602121829/tools/compiler/bin/../lib/gcc/arm-none-eabi/5.2.1/../../../../arm-none-eabi/lib/armv7e-m/fpu\libc.a(lib_a-mprec.o)
                0x0800ba74                __pow5mult
 .text.__lshift
                0x0800bb14       0xb0 c:/ac6/systemworkbench/plugins/fr.ac6.mcu.externaltools.arm-none.win32_1.7.0.201602121829/tools/compiler/bin/../lib/gcc/arm-none-eabi/5.2.1/../../../../arm-none-eabi/lib/armv7e-m/fpu\libc.a(lib_a-mprec.o)
                0x0800bb14                __lshift
 .text.__mcmp   0x0800bbc4       0x44 c:/ac6/systemworkbench/plugins/fr.ac6.mcu.externaltools.arm-none.win32_1.7.0.201602121829/tools/compiler/bin/../lib/gcc/arm-none-eabi/5.2.1/../../../../arm-none-eabi/lib/armv7e-m/fpu\libc.a(lib_a-mprec.o)
                0x0800bbc4                __mcmp
 .text.__mdiff  0x0800bc08      0x114 c:/ac6/systemworkbench/plugins/fr.ac6.mcu.externaltools.arm-none.win32_1.7.0.201602121829/tools/compiler/bin/../lib/gcc/arm-none-eabi/5.2.1/../../../../arm-none-eabi/lib/armv7e-m/fpu\libc.a(lib_a-mprec.o)
                0x0800bc08                __mdiff
 .text.__d2b    0x0800bd1c       0xbc c:/ac6/systemworkbench/plugins/fr.ac6.mcu.externaltools.arm-none.win32_1.7.0.201602121829/tools/compiler/bin/../lib/gcc/arm-none-eabi/5.2.1/../../../../arm-none-eabi/lib/armv7e-m/fpu\libc.a(lib_a-mprec.o)
                0x0800bd1c                __d2b
 .text._realloc_r
                0x0800bdd8      0x3e0 c:/ac6/systemworkbench/plugins/fr.ac6.mcu.externaltools.arm-none.win32_1.7.0.201602121829/tools/compiler/bin/../lib/gcc/arm-none-eabi/5.2.1/../../../../arm-none-eabi/lib/armv7e-m/fpu\libc.a(lib_a-reallocr.o)
                0x0800bdd8                _realloc_r
 .text.__fpclassifyd
                0x0800c1b8       0x5c c:/ac6/systemworkbench/plugins/fr.ac6.mcu.externaltools.arm-none.win32_1.7.0.201602121829/tools/compiler/bin/../lib/gcc/arm-none-eabi/5.2.1/../../../../arm-none-eabi/lib/armv7e-m/fpu\libc.a(lib_a-s_fpclassify.o)
                0x0800c1b8                __fpclassifyd
 .text.__sread  0x0800c214       0x24 c:/ac6/systemworkbench/plugins/fr.ac6.mcu.externaltools.arm-none.win32_1.7.0.201602121829/tools/compiler/bin/../lib/gcc/arm-none-eabi/5.2.1/../../../../arm-none-eabi/lib/armv7e-m/fpu\libc.a(lib_a-stdio.o)
                0x0800c214                __sread
 .text.__swrite
                0x0800c238       0x38 c:/ac6/systemworkbench/plugins/fr.ac6.mcu.externaltools.arm-none.win32_1.7.0.201602121829/tools/compiler/bin/../lib/gcc/arm-none-eabi/5.2.1/../../../../arm-none-eabi/lib/armv7e-m/fpu\libc.a(lib_a-stdio.o)
                0x0800c238                __swrite
 .text.__sseek  0x0800c270       0x20 c:/ac6/systemworkbench/plugins/fr.ac6.mcu.externaltools.arm-none.win32_1.7.0.201602121829/tools/compiler/bin/../lib/gcc/arm-none-eabi/5.2.1/../../../../arm-none-eabi/lib/armv7e-m/fpu\libc.a(lib_a-stdio.o)
                0x0800c270                __sseek
 .text.__sclose
                0x0800c290        0x8 c:/ac6/systemworkbench/plugins/fr.ac6.mcu.externaltools.arm-none.win32_1.7.0.201602121829/tools/compiler/bin/../lib/gcc/arm-none-eabi/5.2.1/../../../../arm-none-eabi/lib/armv7e-m/fpu\libc.a(lib_a-stdio.o)
                0x0800c290                __sclose
 .text.__sprint_r.part.0
                0x0800c298       0x78 c:/ac6/systemworkbench/plugins/fr.ac6.mcu.externaltools.arm-none.win32_1.7.0.201602121829/tools/compiler/bin/../lib/gcc/arm-none-eabi/5.2.1/../../../../arm-none-eabi/lib/armv7e-m/fpu\libc.a(lib_a-vfiprintf.o)
 .text.__sprint_r
                0x0800c310       0x14 c:/ac6/systemworkbench/plugins/fr.ac6.mcu.externaltools.arm-none.win32_1.7.0.201602121829/tools/compiler/bin/../lib/gcc/arm-none-eabi/5.2.1/../../../../arm-none-eabi/lib/armv7e-m/fpu\libc.a(lib_a-vfiprintf.o)
                0x0800c310                __sprint_r
 .text._write_r
                0x0800c324       0x2c c:/ac6/systemworkbench/plugins/fr.ac6.mcu.externaltools.arm-none.win32_1.7.0.201602121829/tools/compiler/bin/../lib/gcc/arm-none-eabi/5.2.1/../../../../arm-none-eabi/lib/armv7e-m/fpu\libc.a(lib_a-writer.o)
                0x0800c324                _write_r
 .text.__register_exitproc
                0x0800c350       0xa4 c:/ac6/systemworkbench/plugins/fr.ac6.mcu.externaltools.arm-none.win32_1.7.0.201602121829/tools/compiler/bin/../lib/gcc/arm-none-eabi/5.2.1/../../../../arm-none-eabi/lib/armv7e-m/fpu\libc.a(lib_a-__atexit.o)
                0x0800c350                __register_exitproc
 .text._calloc_r
                0x0800c3f4       0x60 c:/ac6/systemworkbench/plugins/fr.ac6.mcu.externaltools.arm-none.win32_1.7.0.201602121829/tools/compiler/bin/../lib/gcc/arm-none-eabi/5.2.1/../../../../arm-none-eabi/lib/armv7e-m/fpu\libc.a(lib_a-callocr.o)
                0x0800c3f4                _calloc_r
 .text._close_r
                0x0800c454       0x24 c:/ac6/systemworkbench/plugins/fr.ac6.mcu.externaltools.arm-none.win32_1.7.0.201602121829/tools/compiler/bin/../lib/gcc/arm-none-eabi/5.2.1/../../../../arm-none-eabi/lib/armv7e-m/fpu\libc.a(lib_a-closer.o)
                0x0800c454                _close_r
 .text._fclose_r
                0x0800c478       0x84 c:/ac6/systemworkbench/plugins/fr.ac6.mcu.externaltools.arm-none.win32_1.7.0.201602121829/tools/compiler/bin/../lib/gcc/arm-none-eabi/5.2.1/../../../../arm-none-eabi/lib/armv7e-m/fpu\libc.a(lib_a-fclose.o)
                0x0800c478                _fclose_r
 .text.__fputwc
                0x0800c4fc       0xb0 c:/ac6/systemworkbench/plugins/fr.ac6.mcu.externaltools.arm-none.win32_1.7.0.201602121829/tools/compiler/bin/../lib/gcc/arm-none-eabi/5.2.1/../../../../arm-none-eabi/lib/armv7e-m/fpu\libc.a(lib_a-fputwc.o)
                0x0800c4fc                __fputwc
 .text._fputwc_r
                0x0800c5ac       0x24 c:/ac6/systemworkbench/plugins/fr.ac6.mcu.externaltools.arm-none.win32_1.7.0.201602121829/tools/compiler/bin/../lib/gcc/arm-none-eabi/5.2.1/../../../../arm-none-eabi/lib/armv7e-m/fpu\libc.a(lib_a-fputwc.o)
                0x0800c5ac                _fputwc_r
 .text._fstat_r
                0x0800c5d0       0x28 c:/ac6/systemworkbench/plugins/fr.ac6.mcu.externaltools.arm-none.win32_1.7.0.201602121829/tools/compiler/bin/../lib/gcc/arm-none-eabi/5.2.1/../../../../arm-none-eabi/lib/armv7e-m/fpu\libc.a(lib_a-fstatr.o)
                0x0800c5d0                _fstat_r
 .text._isatty_r
                0x0800c5f8       0x24 c:/ac6/systemworkbench/plugins/fr.ac6.mcu.externaltools.arm-none.win32_1.7.0.201602121829/tools/compiler/bin/../lib/gcc/arm-none-eabi/5.2.1/../../../../arm-none-eabi/lib/armv7e-m/fpu\libc.a(lib_a-isattyr.o)
                0x0800c5f8                _isatty_r
 .text._lseek_r
                0x0800c61c       0x2c c:/ac6/systemworkbench/plugins/fr.ac6.mcu.externaltools.arm-none.win32_1.7.0.201602121829/tools/compiler/bin/../lib/gcc/arm-none-eabi/5.2.1/../../../../arm-none-eabi/lib/armv7e-m/fpu\libc.a(lib_a-lseekr.o)
                0x0800c61c                _lseek_r
 .text._read_r  0x0800c648       0x2c c:/ac6/systemworkbench/plugins/fr.ac6.mcu.externaltools.arm-none.win32_1.7.0.201602121829/tools/compiler/bin/../lib/gcc/arm-none-eabi/5.2.1/../../../../arm-none-eabi/lib/armv7e-m/fpu\libc.a(lib_a-readr.o)
                0x0800c648                _read_r
 .text.__swbuf_r
                0x0800c674       0xa8 c:/ac6/systemworkbench/plugins/fr.ac6.mcu.externaltools.arm-none.win32_1.7.0.201602121829/tools/compiler/bin/../lib/gcc/arm-none-eabi/5.2.1/../../../../arm-none-eabi/lib/armv7e-m/fpu\libc.a(lib_a-wbuf.o)
                0x0800c674                __swbuf_r
 .text._wcrtomb_r
                0x0800c71c       0x54 c:/ac6/systemworkbench/plugins/fr.ac6.mcu.externaltools.arm-none.win32_1.7.0.201602121829/tools/compiler/bin/../lib/gcc/arm-none-eabi/5.2.1/../../../../arm-none-eabi/lib/armv7e-m/fpu\libc.a(lib_a-wcrtomb.o)
                0x0800c71c                _wcrtomb_r
 .text.__ascii_wctomb
                0x0800c770       0x1c c:/ac6/systemworkbench/plugins/fr.ac6.mcu.externaltools.arm-none.win32_1.7.0.201602121829/tools/compiler/bin/../lib/gcc/arm-none-eabi/5.2.1/../../../../arm-none-eabi/lib/armv7e-m/fpu\libc.a(lib_a-wctomb_r.o)
                0x0800c770                __ascii_wctomb
 .text.sqrt     0x0800c78c       0xbc c:/ac6/systemworkbench/plugins/fr.ac6.mcu.externaltools.arm-none.win32_1.7.0.201602121829/tools/compiler/bin/../lib/gcc/arm-none-eabi/5.2.1/../../../../arm-none-eabi/lib/armv7e-m/fpu\libm.a(lib_a-w_sqrt.o)
                0x0800c78c                sqrt
 .text.__ieee754_sqrt
                0x0800c848      0x1a0 c:/ac6/systemworkbench/plugins/fr.ac6.mcu.externaltools.arm-none.win32_1.7.0.201602121829/tools/compiler/bin/../lib/gcc/arm-none-eabi/5.2.1/../../../../arm-none-eabi/lib/armv7e-m/fpu\libm.a(lib_a-e_sqrt.o)
                0x0800c848                __ieee754_sqrt
 .text.matherr  0x0800c9e8        0x4 c:/ac6/systemworkbench/plugins/fr.ac6.mcu.externaltools.arm-none.win32_1.7.0.201602121829/tools/compiler/bin/../lib/gcc/arm-none-eabi/5.2.1/../../../../arm-none-eabi/lib/armv7e-m/fpu\libm.a(lib_a-s_matherr.o)
                0x0800c9e8                matherr
 *(.glue_7)
 .glue_7        0x0800c9ec        0x0 linker stubs
 *(.glue_7t)
 .glue_7t       0x0800c9ec        0x0 linker stubs
 *(.eh_frame)
 .eh_frame      0x0800c9ec        0x0 c:/ac6/systemworkbench/plugins/fr.ac6.mcu.externaltools.arm-none.win32_1.7.0.201602121829/tools/compiler/bin/../lib/gcc/arm-none-eabi/5.2.1/armv7e-m/fpu/crtbegin.o
 *(.init)
 .init          0x0800c9ec        0x4 c:/ac6/systemworkbench/plugins/fr.ac6.mcu.externaltools.arm-none.win32_1.7.0.201602121829/tools/compiler/bin/../lib/gcc/arm-none-eabi/5.2.1/armv7e-m/fpu/crti.o
                0x0800c9ec                _init
 .init          0x0800c9f0        0x8 c:/ac6/systemworkbench/plugins/fr.ac6.mcu.externaltools.arm-none.win32_1.7.0.201602121829/tools/compiler/bin/../lib/gcc/arm-none-eabi/5.2.1/armv7e-m/fpu/crtn.o
 *(.fini)
 .fini          0x0800c9f8        0x4 c:/ac6/systemworkbench/plugins/fr.ac6.mcu.externaltools.arm-none.win32_1.7.0.201602121829/tools/compiler/bin/../lib/gcc/arm-none-eabi/5.2.1/armv7e-m/fpu/crti.o
                0x0800c9f8                _fini
 .fini          0x0800c9fc        0x8 c:/ac6/systemworkbench/plugins/fr.ac6.mcu.externaltools.arm-none.win32_1.7.0.201602121829/tools/compiler/bin/../lib/gcc/arm-none-eabi/5.2.1/armv7e-m/fpu/crtn.o
                0x0800ca04                . = ALIGN (0x4)
                0x0800ca04                _etext = .

.vfp11_veneer   0x0800ca04        0x0
 .vfp11_veneer  0x0800ca04        0x0 linker stubs

.v4_bx          0x0800ca04        0x0
 .v4_bx         0x0800ca04        0x0 linker stubs

.iplt           0x0800ca04        0x0
 .iplt          0x0800ca04        0x0 c:/ac6/systemworkbench/plugins/fr.ac6.mcu.externaltools.arm-none.win32_1.7.0.201602121829/tools/compiler/bin/../lib/gcc/arm-none-eabi/5.2.1/armv7e-m/fpu/crtbegin.o

.rodata         0x0800ca08      0x888
                0x0800ca08                . = ALIGN (0x4)
 *(.rodata)
 .rodata        0x0800ca08        0x8 HAL_Driver/Src/stm32f4xx_hal_dma.o
 .rodata        0x0800ca10       0x10 HAL_Driver/Src/stm32f4xx_hal_rcc.o
                0x0800ca10                APBAHBPrescTable
 .rodata        0x0800ca20      0x400 src/crc32.o
 .rodata        0x0800ce20       0x14 src/main.o
 *(.rodata*)
 .rodata.str1.4
                0x0800ce34      0x1ba src/encoder.o
 *fill*         0x0800cfee        0x2 
 .rodata.str1.4
                0x0800cff0       0x12 src/ir_link.o
 *fill*         0x0800d002        0x2 
 .rodata.str1.4
                0x0800d004       0xf1 src/main.o
                                 0xf5 (size before relaxing)
 *fill*         0x0800d0f5        0x3 
 .rodata.str1.4
                0x0800d0f8        0xd src/stm32f4xx_it.o
 *fill*         0x0800d105        0x3 
 .rodata.str1.4
                0x0800d108        0x2 c:/ac6/systemworkbench/plugins/fr.ac6.mcu.externaltools.arm-none.win32_1.7.0.201602121829/tools/compiler/bin/../lib/gcc/arm-none-eabi/5.2.1/../../../../arm-none-eabi/lib/armv7e-m/fpu\libc.a(lib_a-impure.o)
 *fill*         0x0800d10a        0x2 
 .rodata._global_impure_ptr
                0x0800d10c        0x4 c:/ac6/systemworkbench/plugins/fr.ac6.mcu.externaltools.arm-none.win32_1.7.0.201602121829/tools/compiler/bin/../lib/gcc/arm-none-eabi/5.2.1/../../../../arm-none-eabi/lib/armv7e-m/fpu\libc.a(lib_a-impure.o)
                0x0800d10c                _global_impure_ptr
 .rodata.str1.4
                0x0800d110        0x2 c:/ac6/systemworkbench/plugins/fr.ac6.mcu.externaltools.arm-none.win32_1.7.0.201602121829/tools/compiler/bin/../lib/gcc/arm-none-eabi/5.2.1/../../../../arm-none-eabi/lib/armv7e-m/fpu\libc.a(lib_a-puts.o)
 .rodata.zeroes.7025
                0x0800d110       0x10 c:/ac6/systemworkbench/plugins/fr.ac6.mcu.externaltools.arm-none.win32_1.7.0.201602121829/tools/compiler/bin/../lib/gcc/arm-none-eabi/5.2.1/../../../../arm-none-eabi/lib/armv7e-m/fpu\libc.a(lib_a-vfprintf.o)
 .rodata.blanks.7024
                0x0800d120       0x10 c:/ac6/systemworkbench/plugins/fr.ac6.mcu.externaltools.arm-none.win32_1.7.0.201602121829/tools/compiler/bin/../lib/gcc/arm-none-eabi/5.2.1/../../../../arm-none-eabi/lib/armv7e-m/fpu\libc.a(lib_a-vfprintf.o)
 .rodata.str1.4
                0x0800d130       0x42 c:/ac6/systemworkbench/plugins/fr.ac6.mcu.externaltools.arm-none.win32_1.7.0.201602121829/tools/compiler/bin/../lib/gcc/arm-none-eabi/5.2.1/../../../../arm-none-eabi/lib/armv7e-m/fpu\libc.a(lib_a-vfprintf.o)
 *fill*         0x0800d172        0x2 
 .rodata.str1.4
                0x0800d174       0x10 c:/ac6/systemworkbench/plugins/fr.ac6.mcu.externaltools.arm-none.win32_1.7.0.201602121829/tools/compiler/bin/../lib/gcc/arm-none-eabi/5.2.1/../../../../arm-none-eabi/lib/armv7e-m/fpu\libc.a(lib_a-dtoa.o)
                                 0x12 (size before relaxing)
 .rodata.str1.4
                0x0800d184        0x6 c:/ac6/systemworkbench/plugins/fr.ac6.mcu.externaltools.arm-none.win32_1.7.0.201602121829/tools/compiler/bin/../lib/gcc/arm-none-eabi/5.2.1/../../../../arm-none-eabi/lib/armv7e-m/fpu\libc.a(lib_a-locale.o)
                                 0x12 (size before relaxing)
 *fill*         0x0800d18a        0x2 
 .rodata.p05.5404
                0x0800d18c        0xc c:/ac6/systemworkbench/plugins/fr.ac6.mcu.externaltools.arm-none.win32_1.7.0.201602121829/tools/compiler/bin/../lib/gcc/arm-none-eabi/5.2.1/../../../../arm-none-eabi/lib/armv7e-m/fpu\libc.a(lib_a-mprec.o)
 .rodata.__mprec_tens
                0x0800d198       0xc8 c:/ac6/systemworkbench/plugins/fr.ac6.mcu.externaltools.arm-none.win32_1.7.0.201602121829/tools/compiler/bin/../lib/gcc/arm-none-eabi/5.2.1/../../../../arm-none-eabi/lib/armv7e-m/fpu\libc.a(lib_a-mprec.o)
                0x0800d198                __mprec_tens
 .rodata.__mprec_bigtens
                0x0800d260       0x28 c:/ac6/systemworkbench/plugins/fr.ac6.mcu.externaltools.arm-none.win32_1.7.0.201602121829/tools/compiler/bin/../lib/gcc/arm-none-eabi/5.2.1/../../../../arm-none-eabi/lib/armv7e-m/fpu\libc.a(lib_a-mprec.o)
                0x0800d260                __mprec_bigtens
 .rodata.str1.4
                0x0800d288        0x8 c:/ac6/systemworkbench/plugins/fr.ac6.mcu.externaltools.arm-none.win32_1.7.0.201602121829/tools/compiler/bin/../lib/gcc/arm-none-eabi/5.2.1/../../../../arm-none-eabi/lib/armv7e-m/fpu\libm.a(lib_a-w_sqrt.o)
                                  0x5 (size before relaxing)
                0x0800d290                . = ALIGN (0x4)

.ARM.extab
 *(.ARM.extab* .gnu.linkonce.armextab.*)

.ARM            0x0800d290        0x8
                0x0800d290                __exidx_start = .
 *(.ARM.exidx*)
 .ARM.exidx     0x0800d290        0x8 c:/ac6/systemworkbench/plugins/fr.ac6.mcu.externaltools.arm-none.win32_1.7.0.201602121829/tools/compiler/bin/../lib/gcc/arm-none-eabi/5.2.1/armv7e-m/fpu\libgcc.a(_udivmoddi4.o)
                0x0800d298                __exidx_end = .

.rel.dyn        0x0800d298        0x0
 .rel.iplt      0x0800d298        0x0 c:/ac6/systemworkbench/plugins/fr.ac6.mcu.externaltools.arm-none.win32_1.7.0.201602121829/tools/compiler/bin/../lib/gcc/arm-none-eabi/5.2.1/armv7e-m/fpu/crtbegin.o

.preinit_array  0x0800d298        0x0
                0x0800d298                PROVIDE (__preinit_array_start, .)
 *(.preinit_array*)
                0x0800d298                PROVIDE (__preinit_array_end, .)

.init_array     0x0800d298        0x8
                0x0800d298                PROVIDE (__init_array_start, .)
 *(SORT(.init_array.*))
 .init_array.00000
                0x0800d298        0x4 c:/ac6/systemworkbench/plugins/fr.ac6.mcu.externaltools.arm-none.win32_1.7.0.201602121829/tools/compiler/bin/../lib/gcc/arm-none-eabi/5.2.1/../../../../arm-none-eabi/lib/armv7e-m/fpu\libc.a(lib_a-__call_atexit.o)
 *(.init_array*)
 .init_array    0x0800d29c        0x4 c:/ac6/systemworkbench/plugins/fr.ac6.mcu.externaltools.arm-none.win32_1.7.0.201602121829/tools/compiler/bin/../lib/gcc/arm-none-eabi/5.2.1/armv7e-m/fpu/crtbegin.o
                0x0800d2a0                PROVIDE (__init_array_end, .)

.fini_array     0x0800d2a0        0x4
                0x0800d2a0                PROVIDE (__fini_array_start, .)
 *(SORT(.fini_array.*))
 *(.fini_array*)
 .fini_array    0x0800d2a0        0x4 c:/ac6/systemworkbench/plugins/fr.ac6.mcu.externaltools.arm-none.win32_1.7.0.201602121829/tools/compiler/bin/../lib/gcc/arm-none-eabi/5.2.1/armv7e-m/fpu/crtbegin.o
                0x0800d2a4                PROVIDE (__fini_array_end, .)
                0x0800d2a4                _sidata = LOADADDR (.data)

.data           0x20000000      0x8b8 load address 0x0800d2a4
                0x20000000                . = ALIGN (0x4)
                0x20000000                _sdata = .
 *(.data)
 .data          0x20000000       0x14 src/system_stm32f4xx.o
                0x20000000                AHBPrescTable
                0x20000010                SystemCoreClock
 *(.data*)
 *fill*         0x20000014        0x4 
 .data.impure_data
                0x20000018      0x428 c:/ac6/systemworkbench/plugins/fr.ac6.mcu.externaltools.arm-none.win32_1.7.0.201602121829/tools/compiler/bin/../lib/gcc/arm-none-eabi/5.2.1/../../../../arm-none-eabi/lib/armv7e-m/fpu\libc.a(lib_a-impure.o)
 .data._impure_ptr
                0x20000440        0x4 c:/ac6/systemworkbench/plugins/fr.ac6.mcu.externaltools.arm-none.win32_1.7.0.201602121829/tools/compiler/bin/../lib/gcc/arm-none-eabi/5.2.1/../../../../arm-none-eabi/lib/armv7e-m/fpu\libc.a(lib_a-impure.o)
                0x20000440                _impure_ptr
 .data.__malloc_av_
                0x20000444      0x408 c:/ac6/systemworkbench/plugins/fr.ac6.mcu.externaltools.arm-none.win32_1.7.0.201602121829/tools/compiler/bin/../lib/gcc/arm-none-eabi/5.2.1/../../../../arm-none-eabi/lib/armv7e-m/fpu\libc.a(lib_a-mallocr.o)
                0x20000444                __malloc_av_
 .data.__malloc_trim_threshold
                0x2000084c        0x4 c:/ac6/systemworkbench/plugins/fr.ac6.mcu.externaltools.arm-none.win32_1.7.0.201602121829/tools/compiler/bin/../lib/gcc/arm-none-eabi/5.2.1/../../../../arm-none-eabi/lib/armv7e-m/fpu\libc.a(lib_a-mallocr.o)
                0x2000084c                __malloc_trim_threshold
 .data.__malloc_sbrk_base
                0x20000850        0x4 c:/ac6/systemworkbench/plugins/fr.ac6.mcu.externaltools.arm-none.win32_1.7.0.201602121829/tools/compiler/bin/../lib/gcc/arm-none-eabi/5.2.1/../../../../arm-none-eabi/lib/armv7e-m/fpu\libc.a(lib_a-mallocr.o)
                0x20000850                __malloc_sbrk_base
 .data.lconv    0x20000854       0x38 c:/ac6/systemworkbench/plugins/fr.ac6.mcu.externaltools.arm-none.win32_1.7.0.201602121829/tools/compiler/bin/../lib/gcc/arm-none-eabi/5.2.1/../../../../arm-none-eabi/lib/armv7e-m/fpu\libc.a(lib_a-locale.o)
 .data.lc_ctype_charset
                0x2000088c       0x20 c:/ac6/systemworkbench/plugins/fr.ac6.mcu.externaltools.arm-none.win32_1.7.0.201602121829/tools/compiler/bin/../lib/gcc/arm-none-eabi/5.2.1/../../../../arm-none-eabi/lib/armv7e-m/fpu\libc.a(lib_a-locale.o)
 .data.__mb_cur_max
                0x200008ac        0x4 c:/ac6/systemworkbench/plugins/fr.ac6.mcu.externaltools.arm-none.win32_1.7.0.201602121829/tools/compiler/bin/../lib/gcc/arm-none-eabi/5.2.1/../../../../arm-none-eabi/lib/armv7e-m/fpu\libc.a(lib_a-locale.o)
                0x200008ac                __mb_cur_max
 .data.__wctomb
                0x200008b0        0x4 c:/ac6/systemworkbench/plugins/fr.ac6.mcu.externaltools.arm-none.win32_1.7.0.201602121829/tools/compiler/bin/../lib/gcc/arm-none-eabi/5.2.1/../../../../arm-none-eabi/lib/armv7e-m/fpu\libc.a(lib_a-wctomb_r.o)
                0x200008b0                __wctomb
 .data.__fdlib_version
                0x200008b4        0x1 c:/ac6/systemworkbench/plugins/fr.ac6.mcu.externaltools.arm-none.win32_1.7.0.201602121829/tools/compiler/bin/../lib/gcc/arm-none-eabi/5.2.1/../../../../arm-none-eabi/lib/armv7e-m/fpu\libm.a(lib_a-s_lib_ver.o)
                0x200008b4                __fdlib_version
                0x200008b8                . = ALIGN (0x4)
 *fill*         0x200008b5        0x3 
                0x200008b8                _edata = .

.jcr            0x200008b8        0x0 load address 0x0800db5c
 .jcr           0x200008b8        0x0 c:/ac6/systemworkbench/plugins/fr.ac6.mcu.externaltools.arm-none.win32_1.7.0.201602121829/tools/compiler/bin/../lib/gcc/arm-none-eabi/5.2.1/armv7e-m/fpu/crtbegin.o

.tm_clone_table
                0x200008b8        0x0 load address 0x0800db5c
 .tm_clone_table
                0x200008b8        0x0 c:/ac6/systemworkbench/plugins/fr.ac6.mcu.externaltools.arm-none.win32_1.7.0.201602121829/tools/compiler/bin/../lib/gcc/arm-none-eabi/5.2.1/armv7e-m/fpu/crtbegin.o
 .tm_clone_table
                0x200008b8        0x0 c:/ac6/systemworkbench/plugins/fr.ac6.mcu.externaltools.arm-none.win32_1.7.0.201602121829/tools/compiler/bin/../lib/gcc/arm-none-eabi/5.2.1/armv7e-m/fpu/crtend.o

.igot.plt       0x200008b8        0x0 load address 0x0800db5c
 .igot.plt      0x200008b8        0x0 c:/ac6/systemworkbench/plugins/fr.ac6.mcu.externaltools.arm-none.win32_1.7.0.201602121829/tools/compiler/bin/../lib/gcc/arm-none-eabi/5.2.1/armv7e-m/fpu/crtbegin.o
                0x200008b8                . = ALIGN (0x4)

.bss            0x200008b8     0x10c0 load address 0x0800db5c
                0x200008b8                _sbss = .
                0x200008b8                __bss_start__ = _sbss
 *(.bss)
 .bss           0x200008b8       0x1c c:/ac6/systemworkbench/plugins/fr.ac6.mcu.externaltools.arm-none.win32_1.7.0.201602121829/tools/compiler/bin/../lib/gcc/arm-none-eabi/5.2.1/armv7e-m/fpu/crtbegin.o
 .bss           0x200008d4       0x18 src/main.o
                0x200008d4                Rx_last
                0x200008d8                message_len
                0x200008dc                uhADCxConvertedValue
                0x200008de                VarDataTmp
                0x200008e0                VarDataTab
                0x200008e6                test1
                0x200008e8                i
 .bss           0x200008ec        0xc src/stepper.o
                0x200008ec                home_x_flag
                0x200008f0                home_y_flag
                0x200008f4                center_reached
 .bss           0x200008f8        0x8 src/syscalls.o
                0x200008fc                __env
 *(.bss*)
 .bss.__malloc_max_total_mem
                0x20000900        0x4 c:/ac6/systemworkbench/plugins/fr.ac6.mcu.externaltools.arm-none.win32_1.7.0.201602121829/tools/compiler/bin/../lib/gcc/arm-none-eabi/5.2.1/../../../../arm-none-eabi/lib/armv7e-m/fpu\libc.a(lib_a-mallocr.o)
                0x20000900                __malloc_max_total_mem
 .bss.__malloc_max_sbrked_mem
                0x20000904        0x4 c:/ac6/systemworkbench/plugins/fr.ac6.mcu.externaltools.arm-none.win32_1.7.0.201602121829/tools/compiler/bin/../lib/gcc/arm-none-eabi/5.2.1/../../../../arm-none-eabi/lib/armv7e-m/fpu\libc.a(lib_a-mallocr.o)
                0x20000904                __malloc_max_sbrked_mem
 .bss.__malloc_top_pad
                0x20000908        0x4 c:/ac6/systemworkbench/plugins/fr.ac6.mcu.externaltools.arm-none.win32_1.7.0.201602121829/tools/compiler/bin/../lib/gcc/arm-none-eabi/5.2.1/../../../../arm-none-eabi/lib/armv7e-m/fpu\libc.a(lib_a-mallocr.o)
                0x20000908                __malloc_top_pad
 .bss.__malloc_current_mallinfo
                0x2000090c       0x28 c:/ac6/systemworkbench/plugins/fr.ac6.mcu.externaltools.arm-none.win32_1.7.0.201602121829/tools/compiler/bin/../lib/gcc/arm-none-eabi/5.2.1/../../../../arm-none-eabi/lib/armv7e-m/fpu\libc.a(lib_a-mallocr.o)
                0x2000090c                __malloc_current_mallinfo
 *(COMMON)
 COMMON         0x20000934        0x4 HAL_Driver/Src/stm32f4xx_hal.o
                0x20000934                uwTick
 COMMON         0x20000938       0xa8 src/adc.o
                0x20000938                hadc1
                0x20000980                hdma_adc1
 COMMON         0x200009e0       0xdc src/encoder.o
                0x200009e0                koruza_error_report_check
                0x200009e4                koruza_error_report
                0x200009e8                koruza_encoders
                0x20000ab8                koruza_error_report_ch
 COMMON         0x20000abc      0x1b0 src/irRecv.o
                0x20000abc                irparams
 COMMON         0x20000c6c       0x20 src/ir_link.o
                0x20000c6c                koruza_irlink
 COMMON         0x20000c8c      0x9b0 src/main.o
                0x20000c8c                msg_rep
                0x20000d58                Transfer_cplt
                0x20000d5c                Rx_indx
                0x20000d60                Rx_data
                0x20000d64                frame_size_rep
                0x20000d68                test
                0x20000d6c                tx_responce_buffer
                0x2000116c                Rx_Buffer
                0x200011d0                frame_rep
                0x200015d0                __stdout
                0x20001638                len
 COMMON         0x2000163c       0x58 src/spi.o
                0x2000163c                hspi2
 COMMON         0x20001694      0x154 src/stepper.o
                0x20001694                koruza_steppers
                0x200017dc                current_motor_position
 COMMON         0x200017e8      0x10c src/tim.o
                0x200017e8                htim3
                0x20001824                htim9
                0x20001860                sConfig
                0x2000187c                htim2
                0x200018b8                TimHandle
 COMMON         0x200018f4       0x80 src/uart.o
                0x200018f4                huart1
                0x20001934                huart2
 COMMON         0x20001974        0x4 c:/ac6/systemworkbench/plugins/fr.ac6.mcu.externaltools.arm-none.win32_1.7.0.201602121829/tools/compiler/bin/../lib/gcc/arm-none-eabi/5.2.1/../../../../arm-none-eabi/lib/armv7e-m/fpu\libc.a(lib_a-reent.o)
                0x20001974                errno
                0x20001978                . = ALIGN (0x4)
                0x20001978                _ebss = .
                0x20001978                __bss_end__ = _ebss

._user_heap_stack
                0x20001978      0x600 load address 0x0800db5c
                0x20001978                . = ALIGN (0x8)
                0x20001978                PROVIDE (end, .)
                [!provide]                PROVIDE (_end, .)
                0x20001b78                . = (. + _Min_Heap_Size)
 *fill*         0x20001978      0x200 
                0x20001f78                . = (. + _Min_Stack_Size)
 *fill*         0x20001b78      0x400 
                0x20001f78                . = ALIGN (0x8)

/DISCARD/
 libc.a(*)
 libm.a(*)
 libgcc.a(*)

.ARM.attributes
                0x00000000       0x30
 *(.ARM.attributes)
 .ARM.attributes
                0x00000000       0x22 c:/ac6/systemworkbench/plugins/fr.ac6.mcu.externaltools.arm-none.win32_1.7.0.201602121829/tools/compiler/bin/../lib/gcc/arm-none-eabi/5.2.1/armv7e-m/fpu/crti.o
 .ARM.attributes
                0x00000022       0x34 c:/ac6/systemworkbench/plugins/fr.ac6.mcu.externaltools.arm-none.win32_1.7.0.201602121829/tools/compiler/bin/../lib/gcc/arm-none-eabi/5.2.1/armv7e-m/fpu/crtbegin.o
 .ARM.attributes
                0x00000056       0x39 HAL_Driver/Src/stm32f4xx_hal.o
 .ARM.attributes
                0x0000008f       0x39 HAL_Driver/Src/stm32f4xx_hal_adc.o
 .ARM.attributes
                0x000000c8       0x39 HAL_Driver/Src/stm32f4xx_hal_cortex.o
 .ARM.attributes
                0x00000101       0x39 HAL_Driver/Src/stm32f4xx_hal_dma.o
 .ARM.attributes
                0x0000013a       0x39 HAL_Driver/Src/stm32f4xx_hal_gpio.o
 .ARM.attributes
                0x00000173       0x39 HAL_Driver/Src/stm32f4xx_hal_rcc.o
 .ARM.attributes
                0x000001ac       0x39 HAL_Driver/Src/stm32f4xx_hal_rcc_ex.o
 .ARM.attributes
                0x000001e5       0x39 HAL_Driver/Src/stm32f4xx_hal_spi.o
 .ARM.attributes
                0x0000021e       0x39 HAL_Driver/Src/stm32f4xx_hal_tim.o
 .ARM.attributes
                0x00000257       0x39 HAL_Driver/Src/stm32f4xx_hal_tim_ex.o
 .ARM.attributes
                0x00000290       0x39 HAL_Driver/Src/stm32f4xx_hal_uart.o
 .ARM.attributes
                0x000002c9       0x39 src/AS4047D.o
 .ARM.attributes
                0x00000302       0x39 src/AccelStepper.o
 .ARM.attributes
                0x0000033b       0x39 src/IRremote.o
 .ARM.attributes
                0x00000374       0x39 src/adc.o
 .ARM.attributes
                0x000003ad       0x39 src/bootloader.o
 .ARM.attributes
                0x000003e6       0x39 src/crc32.o
 .ARM.attributes
                0x0000041f       0x39 src/dma.o
 .ARM.attributes
                0x00000458       0x39 src/encoder.o
 .ARM.attributes
                0x00000491       0x39 src/frame.o
 .ARM.attributes
                0x000004ca       0x39 src/gpio.o
 .ARM.attributes
                0x00000503       0x39 src/inet.o
 .ARM.attributes
                0x0000053c       0x39 src/irRecv.o
 .ARM.attributes
                0x00000575       0x39 src/irSend.o
 .ARM.attributes
                0x000005ae       0x39 src/ir_Sony.o
 .ARM.attributes
                0x000005e7       0x39 src/ir_link.o
 .ARM.attributes
                0x00000620       0x39 src/main.o
 .ARM.attributes
                0x00000659       0x39 src/message.o
 .ARM.attributes
                0x00000692       0x39 src/spi.o
 .ARM.attributes
                0x000006cb       0x39 src/stepper.o
 .ARM.attributes
                0x00000704       0x39 src/stm32f4xx_hal_msp.o
 .ARM.attributes
                0x0000073d       0x39 src/stm32f4xx_it.o
 .ARM.attributes
                0x00000776       0x39 src/syscalls.o
 .ARM.attributes
                0x000007af       0x39 src/system_stm32f4xx.o
 .ARM.attributes
                0x000007e8       0x39 src/tim.o
 .ARM.attributes
                0x00000821       0x39 src/uart.o
 .ARM.attributes
                0x0000085a       0x21 startup/startup_stm32f411xe.o
 .ARM.attributes
                0x0000087b       0x22 c:/ac6/systemworkbench/plugins/fr.ac6.mcu.externaltools.arm-none.win32_1.7.0.201602121829/tools/compiler/bin/../lib/gcc/arm-none-eabi/5.2.1/armv7e-m/fpu\libgcc.a(_arm_addsubdf3.o)
 .ARM.attributes
                0x0000089d       0x22 c:/ac6/systemworkbench/plugins/fr.ac6.mcu.externaltools.arm-none.win32_1.7.0.201602121829/tools/compiler/bin/../lib/gcc/arm-none-eabi/5.2.1/armv7e-m/fpu\libgcc.a(_arm_muldivdf3.o)
 .ARM.attributes
                0x000008bf       0x22 c:/ac6/systemworkbench/plugins/fr.ac6.mcu.externaltools.arm-none.win32_1.7.0.201602121829/tools/compiler/bin/../lib/gcc/arm-none-eabi/5.2.1/armv7e-m/fpu\libgcc.a(_arm_cmpdf2.o)
 .ARM.attributes
                0x000008e1       0x22 c:/ac6/systemworkbench/plugins/fr.ac6.mcu.externaltools.arm-none.win32_1.7.0.201602121829/tools/compiler/bin/../lib/gcc/arm-none-eabi/5.2.1/armv7e-m/fpu\libgcc.a(_arm_fixdfsi.o)
 .ARM.attributes
                0x00000903       0x22 c:/ac6/systemworkbench/plugins/fr.ac6.mcu.externaltools.arm-none.win32_1.7.0.201602121829/tools/compiler/bin/../lib/gcc/arm-none-eabi/5.2.1/armv7e-m/fpu\libgcc.a(_arm_fixunsdfsi.o)
 .ARM.attributes
                0x00000925       0x22 c:/ac6/systemworkbench/plugins/fr.ac6.mcu.externaltools.arm-none.win32_1.7.0.201602121829/tools/compiler/bin/../lib/gcc/arm-none-eabi/5.2.1/armv7e-m/fpu\libgcc.a(_arm_truncdfsf2.o)
 .ARM.attributes
                0x00000947       0x34 c:/ac6/systemworkbench/plugins/fr.ac6.mcu.externaltools.arm-none.win32_1.7.0.201602121829/tools/compiler/bin/../lib/gcc/arm-none-eabi/5.2.1/../../../../arm-none-eabi/lib/armv7e-m/fpu\libc.a(lib_a-abort.o)
 .ARM.attributes
                0x0000097b       0x34 c:/ac6/systemworkbench/plugins/fr.ac6.mcu.externaltools.arm-none.win32_1.7.0.201602121829/tools/compiler/bin/../lib/gcc/arm-none-eabi/5.2.1/../../../../arm-none-eabi/lib/armv7e-m/fpu\libc.a(lib_a-errno.o)
 .ARM.attributes
                0x000009af       0x34 c:/ac6/systemworkbench/plugins/fr.ac6.mcu.externaltools.arm-none.win32_1.7.0.201602121829/tools/compiler/bin/../lib/gcc/arm-none-eabi/5.2.1/../../../../arm-none-eabi/lib/armv7e-m/fpu\libc.a(lib_a-impure.o)
 .ARM.attributes
                0x000009e3       0x34 c:/ac6/systemworkbench/plugins/fr.ac6.mcu.externaltools.arm-none.win32_1.7.0.201602121829/tools/compiler/bin/../lib/gcc/arm-none-eabi/5.2.1/../../../../arm-none-eabi/lib/armv7e-m/fpu\libc.a(lib_a-init.o)
 .ARM.attributes
                0x00000a17       0x34 c:/ac6/systemworkbench/plugins/fr.ac6.mcu.externaltools.arm-none.win32_1.7.0.201602121829/tools/compiler/bin/../lib/gcc/arm-none-eabi/5.2.1/../../../../arm-none-eabi/lib/armv7e-m/fpu\libc.a(lib_a-malloc.o)
 .ARM.attributes
                0x00000a4b       0x34 c:/ac6/systemworkbench/plugins/fr.ac6.mcu.externaltools.arm-none.win32_1.7.0.201602121829/tools/compiler/bin/../lib/gcc/arm-none-eabi/5.2.1/../../../../arm-none-eabi/lib/armv7e-m/fpu\libc.a(lib_a-mallocr.o)
 .ARM.attributes
                0x00000a7f       0x20 c:/ac6/systemworkbench/plugins/fr.ac6.mcu.externaltools.arm-none.win32_1.7.0.201602121829/tools/compiler/bin/../lib/gcc/arm-none-eabi/5.2.1/../../../../arm-none-eabi/lib/armv7e-m/fpu\libc.a(lib_a-memcpy.o)
 .ARM.attributes
                0x00000a9f       0x34 c:/ac6/systemworkbench/plugins/fr.ac6.mcu.externaltools.arm-none.win32_1.7.0.201602121829/tools/compiler/bin/../lib/gcc/arm-none-eabi/5.2.1/../../../../arm-none-eabi/lib/armv7e-m/fpu\libc.a(lib_a-memset.o)
 .ARM.attributes
                0x00000ad3       0x34 c:/ac6/systemworkbench/plugins/fr.ac6.mcu.externaltools.arm-none.win32_1.7.0.201602121829/tools/compiler/bin/../lib/gcc/arm-none-eabi/5.2.1/../../../../arm-none-eabi/lib/armv7e-m/fpu\libc.a(lib_a-mlock.o)
 .ARM.attributes
                0x00000b07       0x34 c:/ac6/systemworkbench/plugins/fr.ac6.mcu.externaltools.arm-none.win32_1.7.0.201602121829/tools/compiler/bin/../lib/gcc/arm-none-eabi/5.2.1/../../../../arm-none-eabi/lib/armv7e-m/fpu\libc.a(lib_a-printf.o)
 .ARM.attributes
                0x00000b3b       0x34 c:/ac6/systemworkbench/plugins/fr.ac6.mcu.externaltools.arm-none.win32_1.7.0.201602121829/tools/compiler/bin/../lib/gcc/arm-none-eabi/5.2.1/../../../../arm-none-eabi/lib/armv7e-m/fpu\libc.a(lib_a-puts.o)
 .ARM.attributes
                0x00000b6f       0x34 c:/ac6/systemworkbench/plugins/fr.ac6.mcu.externaltools.arm-none.win32_1.7.0.201602121829/tools/compiler/bin/../lib/gcc/arm-none-eabi/5.2.1/../../../../arm-none-eabi/lib/armv7e-m/fpu\libc.a(lib_a-sbrkr.o)
 .ARM.attributes
                0x00000ba3       0x34 c:/ac6/systemworkbench/plugins/fr.ac6.mcu.externaltools.arm-none.win32_1.7.0.201602121829/tools/compiler/bin/../lib/gcc/arm-none-eabi/5.2.1/../../../../arm-none-eabi/lib/armv7e-m/fpu\libc.a(lib_a-signal.o)
 .ARM.attributes
                0x00000bd7       0x34 c:/ac6/systemworkbench/plugins/fr.ac6.mcu.externaltools.arm-none.win32_1.7.0.201602121829/tools/compiler/bin/../lib/gcc/arm-none-eabi/5.2.1/../../../../arm-none-eabi/lib/armv7e-m/fpu\libc.a(lib_a-signalr.o)
 .ARM.attributes
                0x00000c0b       0x20 c:/ac6/systemworkbench/plugins/fr.ac6.mcu.externaltools.arm-none.win32_1.7.0.201602121829/tools/compiler/bin/../lib/gcc/arm-none-eabi/5.2.1/../../../../arm-none-eabi/lib/armv7e-m/fpu\libc.a(lib_a-strlen.o)
 .ARM.attributes
                0x00000c2b       0x34 c:/ac6/systemworkbench/plugins/fr.ac6.mcu.externaltools.arm-none.win32_1.7.0.201602121829/tools/compiler/bin/../lib/gcc/arm-none-eabi/5.2.1/../../../../arm-none-eabi/lib/armv7e-m/fpu\libc.a(lib_a-vfprintf.o)
 .ARM.attributes
                0x00000c5f       0x34 c:/ac6/systemworkbench/plugins/fr.ac6.mcu.externaltools.arm-none.win32_1.7.0.201602121829/tools/compiler/bin/../lib/gcc/arm-none-eabi/5.2.1/../../../../arm-none-eabi/lib/armv7e-m/fpu\libc.a(lib_a-wsetup.o)
 .ARM.attributes
                0x00000c93       0x34 c:/ac6/systemworkbench/plugins/fr.ac6.mcu.externaltools.arm-none.win32_1.7.0.201602121829/tools/compiler/bin/../lib/gcc/arm-none-eabi/5.2.1/../../../../arm-none-eabi/lib/armv7e-m/fpu\libc.a(lib_a-__call_atexit.o)
 .ARM.attributes
                0x00000cc7       0x34 c:/ac6/systemworkbench/plugins/fr.ac6.mcu.externaltools.arm-none.win32_1.7.0.201602121829/tools/compiler/bin/../lib/gcc/arm-none-eabi/5.2.1/../../../../arm-none-eabi/lib/armv7e-m/fpu\libc.a(lib_a-atexit.o)
 .ARM.attributes
                0x00000cfb       0x34 c:/ac6/systemworkbench/plugins/fr.ac6.mcu.externaltools.arm-none.win32_1.7.0.201602121829/tools/compiler/bin/../lib/gcc/arm-none-eabi/5.2.1/../../../../arm-none-eabi/lib/armv7e-m/fpu\libc.a(lib_a-dtoa.o)
 .ARM.attributes
                0x00000d2f       0x34 c:/ac6/systemworkbench/plugins/fr.ac6.mcu.externaltools.arm-none.win32_1.7.0.201602121829/tools/compiler/bin/../lib/gcc/arm-none-eabi/5.2.1/../../../../arm-none-eabi/lib/armv7e-m/fpu\libc.a(lib_a-fflush.o)
 .ARM.attributes
                0x00000d63       0x34 c:/ac6/systemworkbench/plugins/fr.ac6.mcu.externaltools.arm-none.win32_1.7.0.201602121829/tools/compiler/bin/../lib/gcc/arm-none-eabi/5.2.1/../../../../arm-none-eabi/lib/armv7e-m/fpu\libc.a(lib_a-findfp.o)
 .ARM.attributes
                0x00000d97       0x34 c:/ac6/systemworkbench/plugins/fr.ac6.mcu.externaltools.arm-none.win32_1.7.0.201602121829/tools/compiler/bin/../lib/gcc/arm-none-eabi/5.2.1/../../../../arm-none-eabi/lib/armv7e-m/fpu\libc.a(lib_a-fini.o)
 .ARM.attributes
                0x00000dcb       0x34 c:/ac6/systemworkbench/plugins/fr.ac6.mcu.externaltools.arm-none.win32_1.7.0.201602121829/tools/compiler/bin/../lib/gcc/arm-none-eabi/5.2.1/../../../../arm-none-eabi/lib/armv7e-m/fpu\libc.a(lib_a-freer.o)
 .ARM.attributes
                0x00000dff       0x34 c:/ac6/systemworkbench/plugins/fr.ac6.mcu.externaltools.arm-none.win32_1.7.0.201602121829/tools/compiler/bin/../lib/gcc/arm-none-eabi/5.2.1/../../../../arm-none-eabi/lib/armv7e-m/fpu\libc.a(lib_a-fvwrite.o)
 .ARM.attributes
                0x00000e33       0x34 c:/ac6/systemworkbench/plugins/fr.ac6.mcu.externaltools.arm-none.win32_1.7.0.201602121829/tools/compiler/bin/../lib/gcc/arm-none-eabi/5.2.1/../../../../arm-none-eabi/lib/armv7e-m/fpu\libc.a(lib_a-fwalk.o)
 .ARM.attributes
                0x00000e67       0x34 c:/ac6/systemworkbench/plugins/fr.ac6.mcu.externaltools.arm-none.win32_1.7.0.201602121829/tools/compiler/bin/../lib/gcc/arm-none-eabi/5.2.1/../../../../arm-none-eabi/lib/armv7e-m/fpu\libc.a(lib_a-locale.o)
 .ARM.attributes
                0x00000e9b       0x34 c:/ac6/systemworkbench/plugins/fr.ac6.mcu.externaltools.arm-none.win32_1.7.0.201602121829/tools/compiler/bin/../lib/gcc/arm-none-eabi/5.2.1/../../../../arm-none-eabi/lib/armv7e-m/fpu\libc.a(lib_a-makebuf.o)
 .ARM.attributes
                0x00000ecf       0x20 c:/ac6/systemworkbench/plugins/fr.ac6.mcu.externaltools.arm-none.win32_1.7.0.201602121829/tools/compiler/bin/../lib/gcc/arm-none-eabi/5.2.1/../../../../arm-none-eabi/lib/armv7e-m/fpu\libc.a(lib_a-memchr.o)
 .ARM.attributes